Component: ARM Compiler 5.06 update 6 (build 750) Tool: armlink [4d35ed]

==============================================================================

Section Cross References

    main.o(i.assert_nrf_callback) refers to app_error_handler_keil.o(.emb_text) for app_error_handler
    main.o(i.ble_evt_handler) refers to app_error.o(i.app_error_handler_bare) for app_error_handler_bare
    main.o(i.ble_evt_handler) refers to nrf_log_frontend.o(i.nrf_log_frontend_std_0) for nrf_log_frontend_std_0
    main.o(i.ble_evt_handler) refers to bsp.o(i.bsp_indication_set) for bsp_indication_set
    main.o(i.ble_evt_handler) refers to nrf_ble_qwr.o(i.nrf_ble_qwr_conn_handle_assign) for nrf_ble_qwr_conn_handle_assign
    main.o(i.ble_evt_handler) refers to nrf_log_frontend.o(i.nrf_log_frontend_std_1) for nrf_log_frontend_std_1
    main.o(i.ble_evt_handler) refers to main.o(.constdata) for .constdata
    main.o(i.ble_evt_handler) refers to main.o(.data) for .data
    main.o(i.ble_evt_handler) refers to nrf_log_frontend.o(log_const_data) for m_nrf_log_app_logs_data_const
    main.o(i.ble_evt_handler) refers to main.o(.bss) for .bss
    main.o(i.ble_send_data) refers to main.o(.data) for .data
    main.o(i.ble_send_data) refers to main.o(.constdata) for .constdata
    main.o(i.bsp_event_handler) refers to main.o(i.sleep_mode_enter) for sleep_mode_enter
    main.o(i.bsp_event_handler) refers to app_error.o(i.app_error_handler_bare) for app_error_handler_bare
    main.o(i.bsp_event_handler) refers to ble_advertising.o(i.ble_advertising_restart_without_whitelist) for ble_advertising_restart_without_whitelist
    main.o(i.bsp_event_handler) refers to main.o(.data) for .data
    main.o(i.bsp_event_handler) refers to main.o(.bss) for .bss
    main.o(i.conn_evt_len_ext_set) refers to app_error.o(i.app_error_handler_bare) for app_error_handler_bare
    main.o(i.conn_params_error_handler) refers to app_error.o(i.app_error_handler_bare) for app_error_handler_bare
    main.o(i.encode_image) refers to fifo.o(i.FIFO_init) for FIFO_init
    main.o(i.encode_image) refers to img.o(i.IMG_init) for IMG_init
    main.o(i.encode_image) refers to img.o(i.IMG_encodeHeader) for IMG_encodeHeader
    main.o(i.encode_image) refers to memcpya.o(.text) for __aeabi_memcpy
    main.o(i.encode_image) refers to img.o(i.IMG_encodeBlock) for IMG_encodeBlock
    main.o(i.encode_image) refers to img.o(i.IMG_encodeComplete) for IMG_encodeComplete
    main.o(i.encode_image) refers to main.o(.bss) for .bss
    main.o(i.gatt_evt_handler) refers to nrf_log_frontend.o(i.nrf_log_frontend_std_2) for nrf_log_frontend_std_2
    main.o(i.gatt_evt_handler) refers to main.o(.data) for .data
    main.o(i.gatt_evt_handler) refers to nrf_log_frontend.o(log_const_data) for m_nrf_log_app_logs_data_const
    main.o(i.gatt_init) refers to nrf_ble_gatt.o(i.nrf_ble_gatt_init) for nrf_ble_gatt_init
    main.o(i.gatt_init) refers to app_error.o(i.app_error_handler_bare) for app_error_handler_bare
    main.o(i.gatt_init) refers to nrf_ble_gatt.o(i.nrf_ble_gatt_att_mtu_periph_set) for nrf_ble_gatt_att_mtu_periph_set
    main.o(i.gatt_init) refers to main.o(i.gatt_evt_handler) for gatt_evt_handler
    main.o(i.gatt_init) refers to main.o(.bss) for .bss
    main.o(i.main) refers to nrf_log_frontend.o(i.nrf_log_init) for nrf_log_init
    main.o(i.main) refers to app_error.o(i.app_error_handler_bare) for app_error_handler_bare
    main.o(i.main) refers to nrf_log_default_backends.o(i.nrf_log_default_backends_init) for nrf_log_default_backends_init
    main.o(i.main) refers to board_camera.o(i.hm01b0_init) for hm01b0_init
    main.o(i.main) refers to nrf_log_frontend.o(i.nrf_log_frontend_std_0) for nrf_log_frontend_std_0
    main.o(i.main) refers to app_timer2.o(i.app_timer_init) for app_timer_init
    main.o(i.main) refers to nrf_pwr_mgmt.o(i.nrf_pwr_mgmt_init) for nrf_pwr_mgmt_init
    main.o(i.main) refers to nrf_sdh.o(i.nrf_sdh_enable_request) for nrf_sdh_enable_request
    main.o(i.main) refers to nrf_sdh_ble.o(i.nrf_sdh_ble_default_cfg_set) for nrf_sdh_ble_default_cfg_set
    main.o(i.main) refers to nrf_sdh_ble.o(i.nrf_sdh_ble_enable) for nrf_sdh_ble_enable
    main.o(i.main) refers to main.o(i.conn_evt_len_ext_set) for conn_evt_len_ext_set
    main.o(i.main) refers to main.o(i.gatt_init) for gatt_init
    main.o(i.main) refers to nrf_ble_qwr.o(i.nrf_ble_qwr_init) for nrf_ble_qwr_init
    main.o(i.main) refers to ble_nus.o(i.ble_nus_init) for ble_nus_init
    main.o(i.main) refers to memseta.o(.text) for __aeabi_memclr4
    main.o(i.main) refers to ble_advertising.o(i.ble_advertising_init) for ble_advertising_init
    main.o(i.main) refers to ble_advertising.o(i.ble_advertising_conn_cfg_tag_set) for ble_advertising_conn_cfg_tag_set
    main.o(i.main) refers to ble_conn_params.o(i.ble_conn_params_init) for ble_conn_params_init
    main.o(i.main) refers to ble_advertising.o(i.ble_advertising_start) for ble_advertising_start
[...]
    __aeabi_memset8                          0x00027491   Thumb Code     0  memseta.o(.text)
    __aeabi_memclr                           0x0002749f   Thumb Code     4  memseta.o(.text)
    __aeabi_memclr4                          0x0002749f   Thumb Code     0  memseta.o(.text)
    __aeabi_memclr8                          0x0002749f   Thumb Code     0  memseta.o(.text)
    _memset$wrapper                          0x000274a3   Thumb Code    18  memseta.o(.text)
    strlen                                   0x000274b5   Thumb Code    14  strlen.o(.text)
    strcpy                                   0x000274c3   Thumb Code    18  strcpy.o(.text)
    __aeabi_llsr                             0x000274d5   Thumb Code    32  llushr.o(.text)
    _ll_ushift_r                             0x000274d5   Thumb Code     0  llushr.o(.text)
    __scatterload                            0x000274f5   Thumb Code    28  init.o(.text)
    __scatterload_rt2                        0x000274f5   Thumb Code     0  init.o(.text)
    __decompress                             0x00027519   Thumb Code     0  __dczerorl2.o(.text)
    __decompress1                            0x00027519   Thumb Code    86  __dczerorl2.o(.text)
    FIFO_copyIn                              0x0002756f   Thumb Code    58  fifo.o(i.FIFO_copyIn)
    FIFO_init                                0x000275a9   Thumb Code    24  fifo.o(i.FIFO_init)
    GPIOTE_IRQHandler                        0x000275c1   Thumb Code   156  nrfx_gpiote.o(i.GPIOTE_IRQHandler)
    IMG_encodeBlock                          0x00027939   Thumb Code   330  img.o(i.IMG_encodeBlock)
    IMG_encodeComplete                       0x00027a89   Thumb Code    84  img.o(i.IMG_encodeComplete)
    IMG_encodeHeader                         0x00027add   Thumb Code    64  img.o(i.IMG_encodeHeader)
    IMG_fdct                                 0x00027b1d   Thumb Code   390  img.o(i.IMG_fdct)
    IMG_init                                 0x00027ca5   Thumb Code    78  img.o(i.IMG_init)
    IMG_quantize                             0x00027cf9   Thumb Code    60  img.o(i.IMG_quantize)
    POWER_CLOCK_IRQHandler                   0x00027d39   Thumb Code    82  nrfx_clock.o(i.POWER_CLOCK_IRQHandler)
    PWM0_IRQHandler                          0x00027d91   Thumb Code     8  nrfx_pwm.o(i.PWM0_IRQHandler)
    RTC1_IRQHandler                          0x00027da1   Thumb Code    12  drv_rtc.o(i.RTC1_IRQHandler)
    SEGGER_RTT_Init                          0x00027db1   Thumb Code     4  segger_rtt.o(i.SEGGER_RTT_Init)
    SEGGER_RTT_WriteNoLock                   0x00027db5   Thumb Code    86  segger_rtt.o(i.SEGGER_RTT_WriteNoLock)
    SPIM0_SPIS0_TWIM0_TWIS0_SPI0_TWI0_IRQHandler 0x00027e11   Thumb Code     8  nrfx_twi.o(i.SPIM0_SPIS0_TWIM0_TWIS0_SPI0_TWI0_IRQHandler)
    SPIM1_SPIS1_TWIM1_TWIS1_SPI1_TWI1_IRQHandler 0x00027e21   Thumb Code    10  nrfx_spis.o(i.SPIM1_SPIS1_TWIM1_TWIS1_SPI1_TWI1_IRQHandler)
    SPIM2_SPIS2_SPI2_IRQHandler              0x00027e31   Thumb Code    76  nrfx_spim.o(i.SPIM2_SPIS2_SPI2_IRQHandler)
    SWI2_EGU2_IRQHandler                     0x00027e85   Thumb Code     4  nrf_sdh.o(i.SWI2_EGU2_IRQHandler)
    SystemInit                               0x00027e89   Thumb Code   420  system_nrf52.o(i.SystemInit)
    TIMER1_IRQHandler                        0x00028065   Thumb Code    70  nrfx_timer.o(i.TIMER1_IRQHandler)
    UARTE0_UART0_IRQHandler                  0x000280b5   Thumb Code     6  nrfx_prs.o(i.UARTE0_UART0_IRQHandler)
    __scatterload_copy                       0x000281db   Thumb Code    14  handlers.o(i.__scatterload_copy)
    __scatterload_null                       0x000281e9   Thumb Code     2  handlers.o(i.__scatterload_null)
    __scatterload_zeroinit                   0x000281eb   Thumb Code    14  handlers.o(i.__scatterload_zeroinit)
    app_error_fault_handler                  0x00028265   Thumb Code    86  app_error_weak.o(i.app_error_fault_handler)
    app_error_handler_bare                   0x000282e9   Thumb Code    22  app_error.o(i.app_error_handler_bare)
    app_timer_cnt_get                        0x00028301   Thumb Code     6  app_timer2.o(i.app_timer_cnt_get)
    app_timer_create                         0x0002830d   Thumb Code    32  app_timer2.o(i.app_timer_create)
    app_timer_init                           0x0002832d   Thumb Code    70  app_timer2.o(i.app_timer_init)
    app_timer_start                          0x00028389   Thumb Code    84  app_timer2.o(i.app_timer_start)
    app_timer_stop                           0x000283dd   Thumb Code    68  app_timer2.o(i.app_timer_stop)
    app_util_critical_region_enter           0x00028421   Thumb Code    64  app_util_platform.o(i.app_util_critical_region_enter)
    app_util_critical_region_exit            0x00028469   Thumb Code    46  app_util_platform.o(i.app_util_critical_region_exit)
    blcm_link_ctx_get                        0x000284a9   Thumb Code    72  ble_link_ctx_manager.o(i.blcm_link_ctx_get)
    ble_advdata_encode                       0x000284f1   Thumb Code   386  ble_advdata.o(i.ble_advdata_encode)
    ble_advdata_parse                        0x00028673   Thumb Code    32  ble_advdata.o(i.ble_advdata_parse)
    ble_advdata_search                       0x00028693   Thumb Code    70  ble_advdata.o(i.ble_advdata_search)
    ble_advertising_conn_cfg_tag_set         0x000286d9   Thumb Code     6  ble_advertising.o(i.ble_advertising_conn_cfg_tag_set)
    ble_advertising_init                     0x000286df   Thumb Code   232  ble_advertising.o(i.ble_advertising_init)
    ble_advertising_on_ble_evt               0x000287c7   Thumb Code   106  ble_advertising.o(i.ble_advertising_on_ble_evt)
    ble_advertising_start                    0x00028831   Thumb Code   560  ble_advertising.o(i.ble_advertising_start)
    ble_conn_params_init                     0x00028a61   Thumb Code    90  ble_conn_params.o(i.ble_conn_params_init)
    ble_conn_state_conn_idx                  0x00028ac9   Thumb Code    18  ble_conn_state.o(i.ble_conn_state_conn_idx)
    ble_conn_state_valid                     0x00028add   Thumb Code    16  ble_conn_state.o(i.ble_conn_state_valid)
    ble_nus_init                             0x00028f19   Thumb Code   206  ble_nus.o(i.ble_nus_init)
    ble_nus_on_ble_evt                       0x00028fed   Thumb Code   118  ble_nus.o(i.ble_nus_on_ble_evt)
    ble_send_data                            0x00029065   Thumb Code    96  main.o(i.ble_send_data)
    ble_srv_is_notification_enabled          0x000290cd   Thumb Code     8  ble_srv_common.o(i.ble_srv_is_notification_enabled)
    bsp_board_button_idx_to_pin              0x000290d5   Thumb Code     6  boards.o(i.bsp_board_button_idx_to_pin)
    bsp_board_led_invert                     0x000290e1   Thumb Code    40  boards.o(i.bsp_board_led_invert)
    bsp_board_led_off                        0x0002910d   Thumb Code    10  boards.o(i.bsp_board_led_off)
    bsp_board_led_on                         0x0002911d   Thumb Code    10  boards.o(i.bsp_board_led_on)
    bsp_board_led_state_get                  0x0002912d   Thumb Code    36  boards.o(i.bsp_board_led_state_get)
    bsp_board_leds_off                       0x00029155   Thumb Code    18  boards.o(i.bsp_board_leds_off)
    bsp_board_leds_on                        0x00029167   Thumb Code    18  boards.o(i.bsp_board_leds_on)
    bsp_board_pin_to_button_idx              0x00029179   Thumb Code    30  boards.o(i.bsp_board_pin_to_button_idx)
    bsp_btn_ble_sleep_mode_prepare           0x0002919d   Thumb Code    30  bsp_btn_ble.o(i.bsp_btn_ble_sleep_mode_prepare)
    bsp_event_to_button_action_assign        0x0002924d   Thumb Code    64  bsp.o(i.bsp_event_to_button_action_assign)
    bsp_indication_set                       0x00029291   Thumb Code    20  bsp.o(i.bsp_indication_set)
    bsp_wakeup_button_enable                 0x00029471   Thumb Code     6  bsp.o(i.bsp_wakeup_button_enable)
    buffer_is_empty                          0x0002953d   Thumb Code    18  nrf_log_frontend.o(i.buffer_is_empty)
    characteristic_add                       0x000295c9   Thumb Code   400  ble_srv_common.o(i.characteristic_add)
    conn_evt_len_ext_set                     0x000297b5   Thumb Code    28  main.o(i.conn_evt_len_ext_set)
    conn_handle_list_get                     0x000297d1   Thumb Code    62  ble_conn_state.o(i.conn_handle_list_get)
    drv_rtc_compare_disable                  0x000299b9   Thumb Code    20  drv_rtc.o(i.drv_rtc_compare_disable)
    drv_rtc_compare_pending                  0x000299cd   Thumb Code    14  drv_rtc.o(i.drv_rtc_compare_pending)
    drv_rtc_compare_set                      0x000299db   Thumb Code    80  drv_rtc.o(i.drv_rtc_compare_set)
    drv_rtc_counter_get                      0x00029a2b   Thumb Code     8  drv_rtc.o(i.drv_rtc_counter_get)
    drv_rtc_init                             0x00029a35   Thumb Code   148  drv_rtc.o(i.drv_rtc_init)
    drv_rtc_irq_trigger                      0x00029b0d   Thumb Code    30  drv_rtc.o(i.drv_rtc_irq_trigger)
    drv_rtc_overflow_enable                  0x00029b2b   Thumb Code     8  drv_rtc.o(i.drv_rtc_overflow_enable)
    drv_rtc_overflow_pending                 0x00029b33   Thumb Code     8  drv_rtc.o(i.drv_rtc_overflow_pending)
    drv_rtc_start                            0x00029b3b   Thumb Code     8  drv_rtc.o(i.drv_rtc_start)
    drv_rtc_stop                             0x00029b43   Thumb Code     8  drv_rtc.o(i.drv_rtc_stop)
    drv_rtc_windowed_compare_set             0x00029b4b   Thumb Code   222  drv_rtc.o(i.drv_rtc_windowed_compare_set)
    encode_image                             0x00029c29   Thumb Code   156  main.o(i.encode_image)
    gatt_evt_handler                         0x00029d29   Thumb Code    56  main.o(i.gatt_evt_handler)
    gatt_init                                0x00029d89   Thumb Code    38  main.o(i.gatt_init)
    hm01b0_cmd_update                        0x00029ded   Thumb Code    10  board_camera.o(i.hm01b0_cmd_update)
    hm01b0_get_ae                            0x00029df7   Thumb Code   146  board_camera.o(i.hm01b0_get_ae)
    hm01b0_get_mode                          0x00029e89   Thumb Code    38  board_camera.o(i.hm01b0_get_mode)
    hm01b0_init                              0x00029eb5   Thumb Code    24  board_camera.o(i.hm01b0_init)
    hm01b0_init_regs                         0x00029ed1   Thumb Code    66  board_camera.o(i.hm01b0_init_regs)
    hm01b0_inputpin_handler                  0x00029f49   Thumb Code    12  board_camera.o(i.hm01b0_inputpin_handler)
    hm01b0_pin_init                          0x00029f59   Thumb Code   214  board_camera.o(i.hm01b0_pin_init)
    hm01b0_read_reg                          0x0002a041   Thumb Code    58  board_camera.o(i.hm01b0_read_reg)
    hm01b0_set_mode                          0x0002a081   Thumb Code    38  board_camera.o(i.hm01b0_set_mode)
    hm01b0_spi_init                          0x0002a0a9   Thumb Code    60  board_camera.o(i.hm01b0_spi_init)
    hm01b0_spiread_oneframe                  0x0002a0ed   Thumb Code    84  board_camera.o(i.hm01b0_spiread_oneframe)
    hm01b0_twi_init                          0x0002a14d   Thumb Code    40  board_camera.o(i.hm01b0_twi_init)
    hm01b0_write_reg                         0x0002a179   Thumb Code    42  board_camera.o(i.hm01b0_write_reg)
    log_pending_hook                         0x0002a3f1   Thumb Code     2  nrf_log_frontend.o(i.log_pending_hook)
    main                                     0x0002a499   Thumb Code   602  main.o(i.main)
    nrf_atfifo_init                          0x0002a973   Thumb Code    38  nrf_atfifo.o(i.nrf_atfifo_init)
    nrf_atfifo_item_alloc                    0x0002a999   Thumb Code    22  nrf_atfifo.o(i.nrf_atfifo_item_alloc)
    nrf_atfifo_item_free                     0x0002a9af   Thumb Code    22  nrf_atfifo.o(i.nrf_atfifo_item_free)
    nrf_atfifo_item_get                      0x0002a9c5   Thumb Code    22  nrf_atfifo.o(i.nrf_atfifo_item_get)
    nrf_atfifo_item_put                      0x0002a9db   Thumb Code    22  nrf_atfifo.o(i.nrf_atfifo_item_put)
    nrf_atflags_clear                        0x0002a9f1   Thumb Code    22  nrf_atflags.o(i.nrf_atflags_clear)
    nrf_atflags_get                          0x0002aa07   Thumb Code    22  nrf_atflags.o(i.nrf_atflags_get)
    nrf_atflags_set                          0x0002aa1d   Thumb Code    20  nrf_atflags.o(i.nrf_atflags_set)
    nrf_atomic_flag_clear_fetch              0x0002aa31   Thumb Code     6  nrf_atomic.o(i.nrf_atomic_flag_clear_fetch)
    nrf_atomic_flag_set                      0x0002aa37   Thumb Code     6  nrf_atomic.o(i.nrf_atomic_flag_set)
    nrf_atomic_u32_add                       0x0002aa3d   Thumb Code    12  nrf_atomic.o(i.nrf_atomic_u32_add)
    nrf_atomic_u32_and                       0x0002aa49   Thumb Code    12  nrf_atomic.o(i.nrf_atomic_u32_and)
    nrf_atomic_u32_fetch_and                 0x0002aa55   Thumb Code    10  nrf_atomic.o(i.nrf_atomic_u32_fetch_and)
    nrf_atomic_u32_fetch_store               0x0002aa5f   Thumb Code    10  nrf_atomic.o(i.nrf_atomic_u32_fetch_store)
    nrf_atomic_u32_or                        0x0002aa69   Thumb Code    12  nrf_atomic.o(i.nrf_atomic_u32_or)
    nrf_atomic_u32_sub                       0x0002aa75   Thumb Code    12  nrf_atomic.o(i.nrf_atomic_u32_sub)
    nrf_balloc_alloc                         0x0002aa81   Thumb Code    68  nrf_balloc.o(i.nrf_balloc_alloc)
    nrf_balloc_free                          0x0002aac5   Thumb Code    48  nrf_balloc.o(i.nrf_balloc_free)
    nrf_balloc_init                          0x0002aaf5   Thumb Code    48  nrf_balloc.o(i.nrf_balloc_init)
    nrf_ble_gatt_att_mtu_periph_set          0x0002ab35   Thumb Code    24  nrf_ble_gatt.o(i.nrf_ble_gatt_att_mtu_periph_set)
    nrf_ble_gatt_init                        0x0002ab4d   Thumb Code    34  nrf_ble_gatt.o(i.nrf_ble_gatt_init)
    nrf_ble_gatt_on_ble_evt                  0x0002ab71   Thumb Code   270  nrf_ble_gatt.o(i.nrf_ble_gatt_on_ble_evt)
    nrf_ble_qwr_conn_handle_assign           0x0002acc1   Thumb Code    22  nrf_ble_qwr.o(i.nrf_ble_qwr_conn_handle_assign)
    nrf_ble_qwr_init                         0x0002acd7   Thumb Code    36  nrf_ble_qwr.o(i.nrf_ble_qwr_init)
    nrf_ble_qwr_on_ble_evt                   0x0002acfb   Thumb Code   182  nrf_ble_qwr.o(i.nrf_ble_qwr_on_ble_evt)
    nrf_drv_clock_init                       0x0002add1   Thumb Code    56  nrf_drv_clock.o(i.nrf_drv_clock_init)
    nrf_drv_clock_lfclk_release              0x0002ae11   Thumb Code    48  nrf_drv_clock.o(i.nrf_drv_clock_lfclk_release)
    nrf_drv_ppi_init                         0x0002ae45   Thumb Code    18  nrf_drv_ppi.o(i.nrf_drv_ppi_init)
    nrf_drv_spis_init                        0x0002ae5d   Thumb Code    18  nrf_drv_spis.o(i.nrf_drv_spis_init)
    nrf_drv_twi_init                         0x0002ae79   Thumb Code    56  nrf_drv_twi.o(i.nrf_drv_twi_init)
    nrf_fprintf                              0x0002aec7   Thumb Code    26  nrf_fprintf.o(i.nrf_fprintf)
    nrf_fprintf_buffer_flush                 0x0002aee1   Thumb Code    24  nrf_fprintf.o(i.nrf_fprintf_buffer_flush)
    nrf_fprintf_fmt                          0x0002aef9   Thumb Code   474  nrf_fprintf_format.o(i.nrf_fprintf_fmt)
    nrf_log_backend_add                      0x0002b35d   Thumb Code    86  nrf_log_frontend.o(i.nrf_log_backend_add)
    nrf_log_backend_rtt_init                 0x0002b3bb   Thumb Code     4  nrf_log_backend_rtt.o(i.nrf_log_backend_rtt_init)
    nrf_log_backend_serial_put               0x0002b3d9   Thumb Code   200  nrf_log_backend_serial.o(i.nrf_log_backend_serial_put)
    nrf_log_color_id_get                     0x0002b4a1   Thumb Code    42  nrf_log_frontend.o(i.nrf_log_color_id_get)
    nrf_log_default_backends_init            0x0002b4d1   Thumb Code    24  nrf_log_default_backends.o(i.nrf_log_default_backends_init)
    nrf_log_frontend_dequeue                 0x0002b4ed   Thumb Code   528  nrf_log_frontend.o(i.nrf_log_frontend_dequeue)
    nrf_log_frontend_std_0                   0x0002b725   Thumb Code     8  nrf_log_frontend.o(i.nrf_log_frontend_std_0)
    nrf_log_frontend_std_1                   0x0002b72d   Thumb Code    14  nrf_log_frontend.o(i.nrf_log_frontend_std_1)
    nrf_log_frontend_std_2                   0x0002b73b   Thumb Code    16  nrf_log_frontend.o(i.nrf_log_frontend_std_2)
    nrf_log_hexdump_entry_process            0x0002b74d   Thumb Code   150  nrf_log_str_formatter.o(i.nrf_log_hexdump_entry_process)
    nrf_log_init                             0x0002b7fd   Thumb Code    28  nrf_log_frontend.o(i.nrf_log_init)
    nrf_log_module_cnt_get                   0x0002b825   Thumb Code    10  nrf_log_frontend.o(i.nrf_log_module_cnt_get)
    nrf_log_module_name_get                  0x0002b839   Thumb Code    24  nrf_log_frontend.o(i.nrf_log_module_name_get)
    nrf_log_panic                            0x0002b855   Thumb Code    36  nrf_log_frontend.o(i.nrf_log_panic)
    nrf_log_std_entry_process                0x0002b87d   Thumb Code   182  nrf_log_str_formatter.o(i.nrf_log_std_entry_process)
    nrf_memobj_alloc                         0x0002b933   Thumb Code    96  nrf_memobj.o(i.nrf_memobj_alloc)
    nrf_memobj_free                          0x0002b993   Thumb Code    50  nrf_memobj.o(i.nrf_memobj_free)
    nrf_memobj_get                           0x0002b9c5   Thumb Code     8  nrf_memobj.o(i.nrf_memobj_get)
    nrf_memobj_pool_init                     0x0002b9cd   Thumb Code     4  nrf_memobj.o(i.nrf_memobj_pool_init)
    nrf_memobj_put                           0x0002b9d1   Thumb Code    30  nrf_memobj.o(i.nrf_memobj_put)
    nrf_memobj_read                          0x0002b9ef   Thumb Code    16  nrf_memobj.o(i.nrf_memobj_read)
    nrf_memobj_write                         0x0002b9ff   Thumb Code    16  nrf_memobj.o(i.nrf_memobj_write)
    nrf_pwr_mgmt_init                        0x0002ba25   Thumb Code    28  nrf_pwr_mgmt.o(i.nrf_pwr_mgmt_init)
    nrf_pwr_mgmt_run                         0x0002ba4d   Thumb Code    64  nrf_pwr_mgmt.o(i.nrf_pwr_mgmt_run)
    nrf_ringbuf_init                         0x0002ba95   Thumb Code    28  nrf_ringbuf.o(i.nrf_ringbuf_init)
    nrf_sdh_ble_app_ram_start_get            0x0002babd   Thumb Code    16  nrf_sdh_ble.o(i.nrf_sdh_ble_app_ram_start_get)
    nrf_sdh_ble_default_cfg_set              0x0002bad1   Thumb Code   272  nrf_sdh_ble.o(i.nrf_sdh_ble_default_cfg_set)
    nrf_sdh_ble_enable                       0x0002bc01   Thumb Code   116  nrf_sdh_ble.o(i.nrf_sdh_ble_enable)
    nrf_sdh_enable_request                   0x0002bd91   Thumb Code   102  nrf_sdh.o(i.nrf_sdh_enable_request)
    nrf_sdh_evts_poll                        0x0002be05   Thumb Code    32  nrf_sdh.o(i.nrf_sdh_evts_poll)
    nrf_sdh_is_enabled                       0x0002be29   Thumb Code     6  nrf_sdh.o(i.nrf_sdh_is_enabled)
    nrf_section_iter_init                    0x0002be71   Thumb Code    10  nrf_section_iter.o(i.nrf_section_iter_init)
    nrf_section_iter_next                    0x0002be9f   Thumb Code    32  nrf_section_iter.o(i.nrf_section_iter_next)
    nrf_sortlist_add                         0x0002bebf   Thumb Code    34  nrf_sortlist.o(i.nrf_sortlist_add)
    nrf_sortlist_peek                        0x0002bee1   Thumb Code     6  nrf_sortlist.o(i.nrf_sortlist_peek)
    nrf_sortlist_pop                         0x0002bee7   Thumb Code    14  nrf_sortlist.o(i.nrf_sortlist_pop)
    nrf_sortlist_remove                      0x0002bef5   Thumb Code    30  nrf_sortlist.o(i.nrf_sortlist_remove)
    nrf_strerror_find                        0x0002bf35   Thumb Code    52  nrf_strerror.o(i.nrf_strerror_find)
    nrf_strerror_get                         0x0002bf6d   Thumb Code    14  nrf_strerror.o(i.nrf_strerror_get)
    nrfx_clock_enable                        0x0002bfb5   Thumb Code    34  nrfx_clock.o(i.nrfx_clock_enable)
    nrfx_clock_init                          0x0002bfe1   Thumb Code    26  nrfx_clock.o(i.nrfx_clock_init)
    nrfx_clock_lfclk_stop                    0x0002c001   Thumb Code    38  nrfx_clock.o(i.nrfx_clock_lfclk_stop)
    nrfx_gpiote_in_event_enable              0x0002c051   Thumb Code   144  nrfx_gpiote.o(i.nrfx_gpiote_in_event_enable)
    nrfx_gpiote_in_init                      0x0002c0e9   Thumb Code   196  nrfx_gpiote.o(i.nrfx_gpiote_in_init)
    nrfx_gpiote_init                         0x0002c1b9   Thumb Code   108  nrfx_gpiote.o(i.nrfx_gpiote_init)
    nrfx_gpiote_out_init                     0x0002c231   Thumb Code   170  nrfx_gpiote.o(i.nrfx_gpiote_out_init)
    nrfx_gpiote_out_task_addr_get            0x0002c2e9   Thumb Code    12  nrfx_gpiote.o(i.nrfx_gpiote_out_task_addr_get)
    nrfx_gpiote_out_task_enable              0x0002c2f9   Thumb Code    28  nrfx_gpiote.o(i.nrfx_gpiote_out_task_enable)
    nrfx_gpiote_out_task_get                 0x0002c31d   Thumb Code    12  nrfx_gpiote.o(i.nrfx_gpiote_out_task_get)
    nrfx_ppi_channel_alloc                   0x0002c339   Thumb Code   100  nrfx_ppi.o(i.nrfx_ppi_channel_alloc)
    nrfx_ppi_channel_assign                  0x0002c3a5   Thumb Code    62  nrfx_ppi.o(i.nrfx_ppi_channel_assign)
    nrfx_ppi_channel_enable                  0x0002c3e9   Thumb Code    48  nrfx_ppi.o(i.nrfx_ppi_channel_enable)
    nrfx_prs_acquire                         0x0002c41d   Thumb Code    58  nrfx_prs.o(i.nrfx_prs_acquire)
    nrfx_spis_buffers_set                    0x0002c459   Thumb Code   124  nrfx_spis.o(i.nrfx_spis_buffers_set)
    nrfx_spis_init                           0x0002c4d9   Thumb Code   386  nrfx_spis.o(i.nrfx_spis_init)
    nrfx_timer_compare                       0x0002c665   Thumb Code    58  nrfx_timer.o(i.nrfx_timer_compare)
    nrfx_timer_enable                        0x0002c6a1   Thumb Code    24  nrfx_timer.o(i.nrfx_timer_enable)
    nrfx_timer_extended_compare              0x0002c6bd   Thumb Code    42  nrfx_timer.o(i.nrfx_timer_extended_compare)
    nrfx_timer_init                          0x0002c6e9   Thumb Code   188  nrfx_timer.o(i.nrfx_timer_init)
    nrfx_twi_enable                          0x0002c7a9   Thumb Code    28  nrfx_twi.o(i.nrfx_twi_enable)
    nrfx_twi_init                            0x0002c7c9   Thumb Code   218  nrfx_twi.o(i.nrfx_twi_init)
    nrfx_twi_rx                              0x0002c8ad   Thumb Code    44  nrfx_twi.o(i.nrfx_twi_rx)
    nrfx_twi_tx                              0x0002c8dd   Thumb Code    54  nrfx_twi.o(i.nrfx_twi_tx)
    nrfx_twi_xfer                            0x0002c915   Thumb Code    28  nrfx_twi.o(i.nrfx_twi_xfer)
    nvmc_config                              0x0002c939   Thumb Code    14  system_nrf52.o(i.nvmc_config)
    spis_event_handler                       0x0002d1c9   Thumb Code    12  board_camera.o(i.spis_event_handler)
    DC_HUFF_TABLE                            0x0002dd34   Data          48  img.o(.constdata)
    DC_HUFF_TABLE_CODELEN                    0x0002dd64   Data          12  img.o(.constdata)
    AC_HUFF_TABLE                            0x0002dd70   Data         704  img.o(.constdata)
    AC_HUFF_TABLE_CODELEN                    0x0002e030   Data         176  img.o(.constdata)
    QUANT                                    0x0002e0e0   Data          64  img.o(.constdata)
    ZIGZAG                                   0x0002e120   Data          64  img.o(.constdata)
    nrf_log_backend_rtt_api                  0x0002e378   Data          12  nrf_log_backend_rtt.o(.constdata)
    m_ram_start                              0x0002e41c   Data           4  nrf_sdh_ble.o(.constdata)
    __ctype_table                            0x0002e448   Data         129  ctype_o.o(.constdata)
    Region$$Table$$Base                      0x0002ec64   Number         0  anon$$obj.o(Region$$Table)
    Region$$Table$$Limit                     0x0002ec84   Number         0  anon$$obj.o(Region$$Table)
    log_const_data$$Base                     0x0002ec94   Number         0  nrf_ble_gatt.o(log_const_data)
    m_nrf_log_nrf_ble_gatt_logs_data_const   0x0002ec94   Data           8  nrf_ble_gatt.o(log_const_data)
    m_nrf_log_ble_nus_logs_data_const        0x0002ec9c   Data           8  ble_nus.o(log_const_data)
    m_nrf_log_clock_logs_data_const          0x0002eca4   Data           8  nrf_drv_clock.o(log_const_data)
    m_nrf_log_CLOCK_logs_data_const          0x0002ecac   Data           8  nrfx_clock.o(log_const_data)
    m_nrf_log_GPIOTE_logs_data_const         0x0002ecb4   Data           8  nrfx_gpiote.o(log_const_data)
    m_nrf_log_PRS_logs_data_const            0x0002ecbc   Data           8  nrfx_prs.o(log_const_data)
    m_nrf_log_UART_logs_data_const           0x0002ecc4   Data           8  nrfx_uart.o(log_const_data)
    m_nrf_log_UARTE_logs_data_const          0x0002eccc   Data           8  nrfx_uarte.o(log_const_data)
    m_nrf_log_SPIM_logs_data_const           0x0002ecd4   Data           8  nrfx_spim.o(log_const_data)
    m_nrf_log_TWI_logs_data_const            0x0002ecdc   Data           8  nrfx_twi.o(log_const_data)
    m_nrf_log_SPIS_logs_data_const           0x0002ece4   Data           8  nrfx_spis.o(log_const_data)
    m_nrf_log_PWM_logs_data_const            0x0002ecec   Data           8  nrfx_pwm.o(log_const_data)
    m_nrf_log_PPI_logs_data_const            0x0002ecf4   Data           8  nrfx_ppi.o(log_const_data)
    m_nrf_log_TIMER_logs_data_const          0x0002ecfc   Data           8  nrfx_timer.o(log_const_data)
    m_nrf_log_app_button_logs_data_const     0x0002ed04   Data           8  app_button.o(log_const_data)
    m_nrf_log_app_timer_logs_data_const      0x0002ed0c   Data           8  app_timer2.o(log_const_data)
    m_nrf_log_pwr_mgmt_logs_data_const       0x0002ed14   Data           8  nrf_pwr_mgmt.o(log_const_data)
    m_nrf_log_sortlist_logs_data_const       0x0002ed1c   Data           8  nrf_sortlist.o(log_const_data)
    m_nrf_log_app_logs_data_const            0x0002ed24   Data           8  nrf_log_frontend.o(log_const_data)
    m_nrf_log_nrf_sdh_logs_data_const        0x0002ed2c   Data           8  nrf_sdh.o(log_const_data)
    m_nrf_log_nrf_sdh_ble_logs_data_const    0x0002ed34   Data           8  nrf_sdh_ble.o(log_const_data)
    m_nrf_log_nrf_sdh_soc_logs_data_const    0x0002ed3c   Data           8  nrf_sdh_soc.o(log_const_data)
    log_const_data$$Limit                    0x0002ed44   Number         0  nrf_sdh_soc.o(log_const_data)
    log_mempool                              0x0002ed44   Data          20  nrf_log_frontend.o(nrf_balloc)
    sdh_ble_observers0$$Base                 0x0002ed58   Number         0  ble_conn_state.o(sdh_ble_observers0)
    sdh_ble_observers0$$Limit                0x0002ed60   Number         0  ble_conn_state.o(sdh_ble_observers0)
    sdh_ble_observers1$$Base                 0x0002ed60   Number         0  main.o(sdh_ble_observers1)
    sdh_ble_observers1$$Limit                0x0002ed80   Number         0  ble_conn_params.o(sdh_ble_observers1)
    sdh_ble_observers2$$Base                 0x0002ed80   Number         0  main.o(sdh_ble_observers2)
    sdh_ble_observers2$$Limit                0x0002ed90   Number         0  main.o(sdh_ble_observers2)
    sdh_ble_observers3$$Base                 0x0002ed90   Number         0  main.o(sdh_ble_observers3)
    sdh_ble_observers3$$Limit                0x0002ed98   Number         0  main.o(sdh_ble_observers3)
    sdh_soc_observers0$$Base                 0x0002ed98   Number         0  nrf_drv_clock.o(sdh_soc_observers0)
    sdh_soc_observers0$$Limit                0x0002eda0   Number         0  nrf_drv_clock.o(sdh_soc_observers0)
    sdh_stack_observers0$$Base               0x0002eda0   Number         0  nrf_sdh_ble.o(sdh_stack_observers0)
    sdh_stack_observers0$$Limit              0x0002edb0   Number         0  nrf_sdh_soc.o(sdh_stack_observers0)
    sdh_state_observers0$$Base               0x0002edb0   Number         0  nrf_drv_clock.o(sdh_state_observers0)
    sdh_state_observers0$$Limit              0x0002edb8   Number         0  nrf_drv_clock.o(sdh_state_observers0)
    Image$$RW_IRAM1$$Base                    0x200031d8   Number         0  anon$$obj.o ABSOLUTE
    pictute_end                              0x200031ea   Data           6  main.o(.data)
    pictute_head                             0x200031f0   Data           7  main.o(.data)
    hm01b0_324x244                           0x20003238   Data         332  board_camera.o(.data)
    SystemCoreClock                          0x200034dc   Data           4  system_nrf52.o(.data)
    Frame_Buffer                             0x20003c28   Data       57613  main.o(.bss)
    IMGDATA                                  0x20011d35   Data        1920  main.o(.bss)
    JPEG_Buffer                              0x200124b5   Data       16384  main.o(.bss)
    nrf_nvic_state                           0x20016ad0   Data          12  app_util_platform.o(.bss)
    _SEGGER_RTT                              0x200170a0   Data         120  segger_rtt.o(.bss)
    __initial_sp                             0x20019328   Data           0  arm_startup_nrf52840.o(STACK)



==============================================================================

Memory Map of the image

  Image Entry point : 0x00027201

  Load Region LR_IROM1 (Base: 0x00027000, Size: 0x000080c0, Max: 0x000d9000, ABSOLUTE, COMPRESSED[0x00007f54])

    Execution Region ER_IROM1 (Exec base: 0x00027000, Load base: 0x00027000, Size: 0x00007db8, Max: 0x000d9000, ABSOLUTE)

    Exec Addr    Load Addr    Size         Type   Attr      Idx    E Section Name        Object

    0x00027000   0x00027000   0x00000200   Data   RO         6653    RESET               arm_startup_nrf52840.o
    0x00027200   0x00027200   0x00000000   Code   RO         6725  * .ARM.Collect$$$$00000000  mc_w.l(entry.o)
    0x00027200   0x00027200   0x00000004   Code   RO         7076    .ARM.Collect$$$$00000001  mc_w.l(entry2.o)
    0x00027204   0x00027204   0x00000004   Code   RO         7079    .ARM.Collect$$$$00000004  mc_w.l(entry5.o)
    0x00027208   0x00027208   0x00000000   Code   RO         7081    .ARM.Collect$$$$00000008  mc_w.l(entry7b.o)
    0x00027208   0x00027208   0x00000000   Code   RO         7083    .ARM.Collect$$$$0000000A  mc_w.l(entry8b.o)
    0x00027208   0x00027208   0x00000008   Code   RO         7084    .ARM.Collect$$$$0000000B  mc_w.l(entry9a.o)
    0x00027210   0x00027210   0x00000000   Code   RO         7086    .ARM.Collect$$$$0000000D  mc_w.l(entry10a.o)
    0x00027210   0x00027210   0x00000000   Code   RO         7088    .ARM.Collect$$$$0000000F  mc_w.l(entry11a.o)
    0x00027210   0x00027210   0x00000004   Code   RO         7077    .ARM.Collect$$$$00002712  mc_w.l(entry2.o)
    0x00027214   0x00027214   0x000000c8   Code   RO         5041    .emb_text           nrf_atfifo.o
    0x000272dc   0x000272dc   0x000000e2   Code   RO         5177    .emb_text           nrf_atomic.o
    0x000273be   0x000273be   0x00000002   PAD
    0x000273c0   0x000273c0   0x00000024   Code   RO         6654    .text               arm_startup_nrf52840.o
    0x000273e4   0x000273e4   0x00000062   Code   RO         6734    .text               mc_w.l(uldiv.o)
    0x00027446   0x00027446   0x0000001e   Code   RO         6736    .text               mc_w.l(llshl.o)
    0x00027464   0x00027464   0x00000008   Code   RO         6738    .text               mc_w.l(ctype_o.o)
    0x0002746c   0x0002746c   0x00000024   Code   RO         6768    .text               mc_w.l(memcpya.o)
    0x00027490   0x00027490   0x00000024   Code   RO         6770    .text               mc_w.l(memseta.o)
    0x000274b4   0x000274b4   0x0000000e   Code   RO         6772    .text               mc_w.l(strlen.o)
    0x000274c2   0x000274c2   0x00000012   Code   RO         6776    .text               mc_w.l(strcpy.o)
    0x000274d4   0x000274d4   0x00000020   Code   RO         7092    .text               mc_w.l(llushr.o)
    0x000274f4   0x000274f4   0x00000024   Code   RO         7105    .text               mc_w.l(init.o)
    0x00027518   0x00027518   0x00000056   Code   RO         7117    .text               mc_w.l(__dczerorl2.o)
    0x0002756e   0x0002756e   0x0000003a   Code   RO          912    i.FIFO_copyIn       fifo.o
    0x000275a8   0x000275a8   0x00000018   Code   RO          915    i.FIFO_init         fifo.o
    0x000275c0   0x000275c0   0x000000a4   Code   RO         2514    i.GPIOTE_IRQHandler  nrfx_gpiote.o
    0x00027664   0x00027664   0x00000170   Code   RO          973    i.IMG_acEncodeHuffman  img.o
    0x000277d4   0x000277d4   0x00000164   Code   RO          974    i.IMG_dcEncodeHuffman  img.o
    0x00027938   0x00027938   0x00000150   Code   RO          975    i.IMG_encodeBlock   img.o
    0x00027a88   0x00027a88   0x00000054   Code   RO          976    i.IMG_encodeComplete  img.o
    0x00027adc   0x00027adc   0x00000040   Code   RO          977    i.IMG_encodeHeader  img.o
    0x00027b1c   0x00027b1c   0x00000186   Code   RO          978    i.IMG_fdct          img.o
    0x00027ca2   0x00027ca2   0x00000002   PAD
    0x00027ca4   0x00027ca4   0x00000054   Code   RO          979    i.IMG_init          img.o
    0x00027cf8   0x00027cf8   0x00000040   Code   RO          980    i.IMG_quantize      img.o
    0x00027d38   0x00027d38   0x00000058   Code   RO         2375    i.POWER_CLOCK_IRQHandler  nrfx_clock.o
    0x00027d90   0x00027d90   0x00000010   Code   RO         3689    i.PWM0_IRQHandler   nrfx_pwm.o
    0x00027da0   0x00027da0   0x00000010   Code   RO         4830    i.RTC1_IRQHandler   drv_rtc.o
    0x00027db0   0x00027db0   0x00000004   Code   RO         6196    i.SEGGER_RTT_Init   segger_rtt.o
    0x00027db4   0x00027db4   0x0000005c   Code   RO         6210    i.SEGGER_RTT_WriteNoLock  segger_rtt.o
    0x00027e10   0x00027e10   0x00000010   Code   RO         3436    i.SPIM0_SPIS0_TWIM0_TWIS0_SPI0_TWI0_IRQHandler  nrfx_twi.o
    0x00027e20   0x00027e20   0x00000010   Code   RO         3596    i.SPIM1_SPIS1_TWIM1_TWIS1_SPI1_TWI1_IRQHandler  nrfx_spis.o
    0x00027e30   0x00027e30   0x00000054   Code   RO         3314    i.SPIM2_SPIS2_SPI2_IRQHandler  nrfx_spim.o
    0x00027e84   0x00027e84   0x00000004   Code   RO         6444    i.SWI2_EGU2_IRQHandler  nrf_sdh.o
    0x00027e88   0x00027e88   0x000001dc   Code   RO         6662    i.SystemInit        system_nrf52.o
    0x00028064   0x00028064   0x00000050   Code   RO         3960    i.TIMER1_IRQHandler  nrfx_timer.o
    0x000280b4   0x000280b4   0x0000000c   Code   RO         2839    i.UARTE0_UART0_IRQHandler  nrfx_prs.o
    0x000280c0   0x000280c0   0x00000068   Code   RO         6214    i._DoInit           segger_rtt.o
    0x00028128   0x00028128   0x00000016   Code   RO         6215    i._GetAvailWriteSpace  segger_rtt.o
    0x0002813e   0x0002813e   0x0000005a   Code   RO         6217    i._WriteBlocking    segger_rtt.o
    0x00028198   0x00028198   0x00000042   Code   RO         6218    i._WriteNoCheck     segger_rtt.o
    0x000281da   0x000281da   0x0000000e   Code   RO         7111    i.__scatterload_copy  mc_w.l(handlers.o)
    0x000281e8   0x000281e8   0x00000002   Code   RO         7112    i.__scatterload_null  mc_w.l(handlers.o)
    0x000281ea   0x000281ea   0x0000000e   Code   RO         7113    i.__scatterload_zeroinit  mc_w.l(handlers.o)
    0x000281f8   0x000281f8   0x00000024   Code   RO         6445    i.__sd_nvic_app_accessible_irq  nrf_sdh.o
    0x0002821c   0x0002821c   0x00000010   Code   RO         1385    i.adv_set_data_size_max_get  ble_advertising.o
    0x0002822c   0x0002822c   0x00000036   Code   RO         1151    i.advertising_buttons_configure  bsp_btn_ble.o
    0x00028262   0x00028262   0x00000002   PAD
    0x00028264   0x00028264   0x00000084   Code   RO         4382    i.app_error_fault_handler  app_error_weak.o
    0x000282e8   0x000282e8   0x00000016   Code   RO         4326    i.app_error_handler_bare  app_error.o
    0x000282fe   0x000282fe   0x00000002   PAD
    0x00028300   0x00028300   0x0000000c   Code   RO         4547    i.app_timer_cnt_get  app_timer2.o
    0x0002830c   0x0002830c   0x00000020   Code   RO         4548    i.app_timer_create  app_timer2.o
    0x0002832c   0x0002832c   0x0000005c   Code   RO         4549    i.app_timer_init    app_timer2.o
    0x00028388   0x00028388   0x00000054   Code   RO         4552    i.app_timer_start   app_timer2.o
    0x000283dc   0x000283dc   0x00000044   Code   RO         4553    i.app_timer_stop    app_timer2.o
    0x00028420   0x00028420   0x00000048   Code   RO         4762    i.app_util_critical_region_enter  app_util_platform.o
    0x00028468   0x00028468   0x00000034   Code   RO         4763    i.app_util_critical_region_exit  app_util_platform.o
    0x0002849c   0x0002849c   0x0000000c   Code   RO         3807    i.are_app_channels  nrfx_ppi.o
    0x000284a8   0x000284a8   0x00000048   Code   RO         1740    i.blcm_link_ctx_get  ble_link_ctx_manager.o
    0x000284f0   0x000284f0   0x00000182   Code   RO         1270    i.ble_advdata_encode  ble_advdata.o
    0x00028672   0x00028672   0x00000020   Code   RO         1272    i.ble_advdata_parse  ble_advdata.o
    0x00028692   0x00028692   0x00000046   Code   RO         1273    i.ble_advdata_search  ble_advdata.o
    0x000286d8   0x000286d8   0x00000006   Code   RO         1387    i.ble_advertising_conn_cfg_tag_set  ble_advertising.o
    0x000286de   0x000286de   0x000000e8   Code   RO         1388    i.ble_advertising_init  ble_advertising.o
    0x000287c6   0x000287c6   0x0000006a   Code   RO         1390    i.ble_advertising_on_ble_evt  ble_advertising.o
    0x00028830   0x00028830   0x00000230   Code   RO         1393    i.ble_advertising_start  ble_advertising.o
    0x00028a60   0x00028a60   0x00000068   Code   RO         1487    i.ble_conn_params_init  ble_conn_params.o
    0x00028ac8   0x00028ac8   0x00000012   Code   RO         1572    i.ble_conn_state_conn_idx  ble_conn_state.o
    0x00028ada   0x00028ada   0x00000002   PAD
    0x00028adc   0x00028adc   0x00000014   Code   RO         1586    i.ble_conn_state_valid  ble_conn_state.o
    0x00028af0   0x00028af0   0x00000060   Code   RO         1276    i.ble_device_addr_encode  ble_advdata.o
    0x00028b50   0x00028b50   0x00000144   Code   RO            5    i.ble_evt_handler   main.o
    0x00028c94   0x00028c94   0x00000070   Code   RO         1152    i.ble_evt_handler   bsp_btn_ble.o
    0x00028d04   0x00028d04   0x000000fc   Code   RO         1489    i.ble_evt_handler   ble_conn_params.o
    0x00028e00   0x00028e00   0x00000118   Code   RO         1587    i.ble_evt_handler   ble_conn_state.o
    0x00028f18   0x00028f18   0x000000d4   Code   RO         1970    i.ble_nus_init      ble_nus.o
    0x00028fec   0x00028fec   0x00000076   Code   RO         1971    i.ble_nus_on_ble_evt  ble_nus.o
    0x00029062   0x00029062   0x00000002   PAD
    0x00029064   0x00029064   0x00000068   Code   RO            6    i.ble_send_data     main.o
    0x000290cc   0x000290cc   0x00000008   Code   RO         1766    i.ble_srv_is_notification_enabled  ble_srv_common.o
    0x000290d4   0x000290d4   0x0000000c   Code   RO          462    i.bsp_board_button_idx_to_pin  boards.o
    0x000290e0   0x000290e0   0x0000002c   Code   RO          466    i.bsp_board_led_invert  boards.o
    0x0002910c   0x0002910c   0x00000010   Code   RO          467    i.bsp_board_led_off  boards.o
    0x0002911c   0x0002911c   0x00000010   Code   RO          468    i.bsp_board_led_on  boards.o
    0x0002912c   0x0002912c   0x00000028   Code   RO          469    i.bsp_board_led_state_get  boards.o
    0x00029154   0x00029154   0x00000012   Code   RO          470    i.bsp_board_leds_off  boards.o
    0x00029166   0x00029166   0x00000012   Code   RO          471    i.bsp_board_leds_on  boards.o
    0x00029178   0x00029178   0x00000024   Code   RO          472    i.bsp_board_pin_to_button_idx  boards.o
    0x0002919c   0x0002919c   0x0000001e   Code   RO         1154    i.bsp_btn_ble_sleep_mode_prepare  bsp_btn_ble.o
    0x000291ba   0x000291ba   0x00000002   PAD
    0x000291bc   0x000291bc   0x00000090   Code   RO         1035    i.bsp_button_event_handler  bsp.o
    0x0002924c   0x0002924c   0x00000044   Code   RO         1039    i.bsp_event_to_button_action_assign  bsp.o
    0x00029290   0x00029290   0x00000018   Code   RO         1040    i.bsp_indication_set  bsp.o
    0x000292a8   0x000292a8   0x000001c8   Code   RO         1042    i.bsp_led_indication  bsp.o
    0x00029470   0x00029470   0x00000006   Code   RO         1044    i.bsp_wakeup_button_enable  bsp.o
    0x00029476   0x00029476   0x00000002   PAD
    0x00029478   0x00029478   0x00000094   Code   RO         5944    i.buf_prealloc      nrf_log_frontend.o
    0x0002950c   0x0002950c   0x0000002e   Code   RO         5389    i.buffer_add        nrf_fprintf_format.o
    0x0002953a   0x0002953a   0x00000002   PAD
    0x0002953c   0x0002953c   0x00000018   Code   RO         5945    i.buffer_is_empty   nrf_log_frontend.o
    0x00029554   0x00029554   0x0000001c   Code   RO         2515    i.channel_free      nrfx_gpiote.o
    0x00029570   0x00029570   0x00000048   Code   RO         2516    i.channel_port_alloc  nrfx_gpiote.o
    0x000295b8   0x000295b8   0x00000010   Code   RO         2517    i.channel_port_get  nrfx_gpiote.o
    0x000295c8   0x000295c8   0x00000190   Code   RO         1768    i.characteristic_add  ble_srv_common.o
    0x00029758   0x00029758   0x00000028   Code   RO         2030    i.clock_clk_started_notify  nrf_drv_clock.o
    0x00029780   0x00029780   0x0000001c   Code   RO         2031    i.clock_irq_handler  nrf_drv_clock.o
    0x0002979c   0x0002979c   0x00000018   Code   RO         4555    i.compare_func      app_timer2.o
    0x000297b4   0x000297b4   0x0000001c   Code   RO            8    i.conn_evt_len_ext_set  main.o
    0x000297d0   0x000297d0   0x0000003e   Code   RO         1588    i.conn_handle_list_get  ble_conn_state.o
    0x0002980e   0x0002980e   0x00000088   Code   RO         1277    i.conn_int_encode   ble_advdata.o
    0x00029896   0x00029896   0x00000004   Code   RO            9    i.conn_params_error_handler  main.o
    0x0002989a   0x0002989a   0x00000002   PAD
    0x0002989c   0x0002989c   0x00000048   Code   RO         1490    i.conn_params_negotiation  ble_conn_params.o
    0x000298e4   0x000298e4   0x000000c0   Code   RO         1823    i.data_length_update  nrf_ble_gatt.o
    0x000299a4   0x000299a4   0x00000014   Code   RO         5946    i.dropped_sat16_get  nrf_log_frontend.o
    0x000299b8   0x000299b8   0x00000014   Code   RO         4831    i.drv_rtc_compare_disable  drv_rtc.o
    0x000299cc   0x000299cc   0x0000000e   Code   RO         4834    i.drv_rtc_compare_pending  drv_rtc.o
    0x000299da   0x000299da   0x00000050   Code   RO         4835    i.drv_rtc_compare_set  drv_rtc.o
    0x00029a2a   0x00029a2a   0x00000008   Code   RO         4836    i.drv_rtc_counter_get  drv_rtc.o
    0x00029a32   0x00029a32   0x00000002   PAD
    0x00029a34   0x00029a34   0x000000d8   Code   RO         4837    i.drv_rtc_init      drv_rtc.o
    0x00029b0c   0x00029b0c   0x0000001e   Code   RO         4838    i.drv_rtc_irq_trigger  drv_rtc.o
    0x00029b2a   0x00029b2a   0x00000008   Code   RO         4840    i.drv_rtc_overflow_enable  drv_rtc.o
    0x00029b32   0x00029b32   0x00000008   Code   RO         4841    i.drv_rtc_overflow_pending  drv_rtc.o
    0x00029b3a   0x00029b3a   0x00000008   Code   RO         4842    i.drv_rtc_start     drv_rtc.o
    0x00029b42   0x00029b42   0x00000008   Code   RO         4843    i.drv_rtc_stop      drv_rtc.o
    0x00029b4a   0x00029b4a   0x000000de   Code   RO         4848    i.drv_rtc_windowed_compare_set  drv_rtc.o
    0x00029c28   0x00029c28   0x000000a8   Code   RO           10    i.encode_image      main.o
    0x00029cd0   0x00029cd0   0x00000012   Code   RO         4849    i.evt_enable        drv_rtc.o
    0x00029ce2   0x00029ce2   0x00000014   Code   RO         4850    i.evt_pending       drv_rtc.o
    0x00029cf6   0x00029cf6   0x0000000a   Code   RO         1589    i.flag_toggle       ble_conn_state.o
    0x00029d00   0x00029d00   0x00000028   Code   RO         1395    i.flags_set         ble_advertising.o
    0x00029d28   0x00029d28   0x00000060   Code   RO           11    i.gatt_evt_handler  main.o
    0x00029d88   0x00029d88   0x00000030   Code   RO           12    i.gatt_init         main.o
    0x00029db8   0x00029db8   0x00000034   Code   RO         4556    i.get_now           app_timer2.o
    0x00029dec   0x00029dec   0x0000000a   Code   RO          574    i.hm01b0_cmd_update  board_camera.o
    0x00029df6   0x00029df6   0x00000092   Code   RO          575    i.hm01b0_get_ae     board_camera.o
    0x00029e88   0x00029e88   0x0000002c   Code   RO          576    i.hm01b0_get_mode   board_camera.o
    0x00029eb4   0x00029eb4   0x0000001c   Code   RO          578    i.hm01b0_init       board_camera.o
    0x00029ed0   0x00029ed0   0x00000078   Code   RO          584    i.hm01b0_init_regs  board_camera.o
    0x00029f48   0x00029f48   0x00000010   Code   RO          585    i.hm01b0_inputpin_handler  board_camera.o
    0x00029f58   0x00029f58   0x000000e8   Code   RO          587    i.hm01b0_pin_init   board_camera.o
    0x0002a040   0x0002a040   0x00000040   Code   RO          589    i.hm01b0_read_reg   board_camera.o
    0x0002a080   0x0002a080   0x00000026   Code   RO          590    i.hm01b0_set_mode   board_camera.o
    0x0002a0a6   0x0002a0a6   0x00000002   PAD
    0x0002a0a8   0x0002a0a8   0x00000044   Code   RO          592    i.hm01b0_spi_init   board_camera.o
    0x0002a0ec   0x0002a0ec   0x00000060   Code   RO          593    i.hm01b0_spiread_oneframe  board_camera.o
    0x0002a14c   0x0002a14c   0x0000002c   Code   RO          597    i.hm01b0_twi_init   board_camera.o
    0x0002a178   0x0002a178   0x00000030   Code   RO          599    i.hm01b0_write_reg  board_camera.o
    0x0002a1a8   0x0002a1a8   0x00000014   Code   RO         1491    i.instance_get      ble_conn_params.o
    0x0002a1bc   0x0002a1bc   0x000000a6   Code   RO         5390    i.int_print         nrf_fprintf_format.o
    0x0002a262   0x0002a262   0x00000034   Code   RO         5947    i.invalid_packets_omit  nrf_log_frontend.o
    0x0002a296   0x0002a296   0x0000009c   Code   RO         3691    i.irq_handler       nrfx_pwm.o
    0x0002a332   0x0002a332   0x00000002   PAD
    0x0002a334   0x0002a334   0x00000018   Code   RO         3808    i.is_allocated_channel  nrfx_ppi.o
    0x0002a34c   0x0002a34c   0x0000000a   Code   RO         3810    i.is_app_channel    nrfx_ppi.o
    0x0002a356   0x0002a356   0x00000044   Code   RO         1492    i.is_conn_params_ok  ble_conn_params.o
    0x0002a39a   0x0002a39a   0x0000000c   Code   RO         3812    i.is_programmable_app_channel  nrfx_ppi.o
    0x0002a3a6   0x0002a3a6   0x00000002   PAD
    0x0002a3a8   0x0002a3a8   0x00000030   Code   RO         1046    i.leds_off          bsp.o
    0x0002a3d8   0x0002a3d8   0x00000018   Code   RO         1824    i.link_init         nrf_ble_gatt.o
    0x0002a3f0   0x0002a3f0   0x00000002   Code   RO         5948    i.log_pending_hook  nrf_log_frontend.o
    0x0002a3f2   0x0002a3f2   0x00000002   PAD
    0x0002a3f4   0x0002a3f4   0x000000a4   Code   RO         5949    i.log_skip          nrf_log_frontend.o
    0x0002a498   0x0002a498   0x00000320   Code   RO           13    i.main              main.o
    0x0002a7b8   0x0002a7b8   0x00000064   Code   RO         1278    i.manuf_specific_data_encode  ble_advdata.o
    0x0002a81c   0x0002a81c   0x0000007e   Code   RO         5429    i.memobj_op         nrf_memobj.o
    0x0002a89a   0x0002a89a   0x00000002   PAD
    0x0002a89c   0x0002a89c   0x00000030   Code   RO         5950    i.module_idx_get    nrf_log_frontend.o
    0x0002a8cc   0x0002a8cc   0x000000a6   Code   RO         1279    i.name_encode       ble_advdata.o
    0x0002a972   0x0002a972   0x00000026   Code   RO         5045    i.nrf_atfifo_init   nrf_atfifo.o
    0x0002a998   0x0002a998   0x00000016   Code   RO         5046    i.nrf_atfifo_item_alloc  nrf_atfifo.o
    0x0002a9ae   0x0002a9ae   0x00000016   Code   RO         5047    i.nrf_atfifo_item_free  nrf_atfifo.o
    0x0002a9c4   0x0002a9c4   0x00000016   Code   RO         5048    i.nrf_atfifo_item_get  nrf_atfifo.o
    0x0002a9da   0x0002a9da   0x00000016   Code   RO         5049    i.nrf_atfifo_item_put  nrf_atfifo.o
    0x0002a9f0   0x0002a9f0   0x00000016   Code   RO         5111    i.nrf_atflags_clear  nrf_atflags.o
    0x0002aa06   0x0002aa06   0x00000016   Code   RO         5116    i.nrf_atflags_get   nrf_atflags.o
    0x0002aa1c   0x0002aa1c   0x00000014   Code   RO         5118    i.nrf_atflags_set   nrf_atflags.o
    0x0002aa30   0x0002aa30   0x00000006   Code   RO         5179    i.nrf_atomic_flag_clear_fetch  nrf_atomic.o
    0x0002aa36   0x0002aa36   0x00000006   Code   RO         5180    i.nrf_atomic_flag_set  nrf_atomic.o
    0x0002aa3c   0x0002aa3c   0x0000000c   Code   RO         5182    i.nrf_atomic_u32_add  nrf_atomic.o
    0x0002aa48   0x0002aa48   0x0000000c   Code   RO         5183    i.nrf_atomic_u32_and  nrf_atomic.o
    0x0002aa54   0x0002aa54   0x0000000a   Code   RO         5186    i.nrf_atomic_u32_fetch_and  nrf_atomic.o
    0x0002aa5e   0x0002aa5e   0x0000000a   Code   RO         5188    i.nrf_atomic_u32_fetch_store  nrf_atomic.o
    0x0002aa68   0x0002aa68   0x0000000c   Code   RO         5192    i.nrf_atomic_u32_or  nrf_atomic.o
    0x0002aa74   0x0002aa74   0x0000000c   Code   RO         5194    i.nrf_atomic_u32_sub  nrf_atomic.o
    0x0002aa80   0x0002aa80   0x00000044   Code   RO         5313    i.nrf_balloc_alloc  nrf_balloc.o
    0x0002aac4   0x0002aac4   0x00000030   Code   RO         5314    i.nrf_balloc_free   nrf_balloc.o
    0x0002aaf4   0x0002aaf4   0x00000030   Code   RO         5315    i.nrf_balloc_init   nrf_balloc.o
    0x0002ab24   0x0002ab24   0x00000010   Code   RO         2518    i.nrf_bitmask_bit_is_set  nrfx_gpiote.o
    0x0002ab34   0x0002ab34   0x00000018   Code   RO         1826    i.nrf_ble_gatt_att_mtu_periph_set  nrf_ble_gatt.o
    0x0002ab4c   0x0002ab4c   0x00000022   Code   RO         1830    i.nrf_ble_gatt_init  nrf_ble_gatt.o
    0x0002ab6e   0x0002ab6e   0x00000002   PAD
    0x0002ab70   0x0002ab70   0x00000150   Code   RO         1831    i.nrf_ble_gatt_on_ble_evt  nrf_ble_gatt.o
    0x0002acc0   0x0002acc0   0x00000016   Code   RO         1925    i.nrf_ble_qwr_conn_handle_assign  nrf_ble_qwr.o
    0x0002acd6   0x0002acd6   0x00000024   Code   RO         1926    i.nrf_ble_qwr_init  nrf_ble_qwr.o
    0x0002acfa   0x0002acfa   0x000000b6   Code   RO         1927    i.nrf_ble_qwr_on_ble_evt  nrf_ble_qwr.o
    0x0002adb0   0x0002adb0   0x0000000e   Code   RO         2376    i.nrf_clock_event_check  nrfx_clock.o
    0x0002adbe   0x0002adbe   0x00000010   Code   RO         2377    i.nrf_clock_event_clear  nrfx_clock.o
    0x0002adce   0x0002adce   0x00000002   PAD
    0x0002add0   0x0002add0   0x00000040   Code   RO         2038    i.nrf_drv_clock_init  nrf_drv_clock.o
    0x0002ae10   0x0002ae10   0x00000034   Code   RO         2042    i.nrf_drv_clock_lfclk_release  nrf_drv_clock.o
    0x0002ae44   0x0002ae44   0x00000018   Code   RO         4195    i.nrf_drv_ppi_init  nrf_drv_ppi.o
    0x0002ae5c   0x0002ae5c   0x0000001c   Code   RO         4155    i.nrf_drv_spis_init  nrf_drv_spis.o
    0x0002ae78   0x0002ae78   0x00000040   Code   RO         4089    i.nrf_drv_twi_init  nrf_drv_twi.o
    0x0002aeb8   0x0002aeb8   0x0000000e   Code   RO          601    i.nrf_drv_twi_tx    board_camera.o
    0x0002aec6   0x0002aec6   0x0000001a   Code   RO         5350    i.nrf_fprintf       nrf_fprintf.o
    0x0002aee0   0x0002aee0   0x00000018   Code   RO         5351    i.nrf_fprintf_buffer_flush  nrf_fprintf.o
    0x0002aef8   0x0002aef8   0x000001da   Code   RO         5391    i.nrf_fprintf_fmt   nrf_fprintf_format.o
    0x0002b0d2   0x0002b0d2   0x00000032   Code   RO         2519    i.nrf_gpio_cfg      nrfx_gpiote.o
    0x0002b104   0x0002b104   0x00000034   Code   RO         3437    i.nrf_gpio_cfg      nrfx_twi.o
    0x0002b138   0x0002b138   0x00000034   Code   RO         3597    i.nrf_gpio_cfg      nrfx_spis.o
    0x0002b16c   0x0002b16c   0x00000030   Code   RO         2521    i.nrf_gpio_cfg_sense_set  nrfx_gpiote.o
    0x0002b19c   0x0002b19c   0x00000030   Code   RO         2522    i.nrf_gpio_latches_read_and_clear  nrfx_gpiote.o
    0x0002b1cc   0x0002b1cc   0x00000014   Code   RO         2523    i.nrf_gpio_pin_clear  nrfx_gpiote.o
    0x0002b1e0   0x0002b1e0   0x00000014   Code   RO         3317    i.nrf_gpio_pin_clear  nrfx_spim.o
    0x0002b1f4   0x0002b1f4   0x00000014   Code   RO         4090    i.nrf_gpio_pin_clear  nrf_drv_twi.o
    0x0002b208   0x0002b208   0x0000001c   Code   RO          475    i.nrf_gpio_pin_port_decode  boards.o
    0x0002b224   0x0002b224   0x0000001c   Code   RO          603    i.nrf_gpio_pin_port_decode  board_camera.o
    0x0002b240   0x0002b240   0x0000001c   Code   RO         2524    i.nrf_gpio_pin_port_decode  nrfx_gpiote.o
    0x0002b25c   0x0002b25c   0x0000001c   Code   RO         3318    i.nrf_gpio_pin_port_decode  nrfx_spim.o
    0x0002b278   0x0002b278   0x0000001c   Code   RO         4091    i.nrf_gpio_pin_port_decode  nrf_drv_twi.o
    0x0002b294   0x0002b294   0x0000002c   Code   RO         2525    i.nrf_gpio_pin_present_check  nrfx_gpiote.o
    0x0002b2c0   0x0002b2c0   0x00000016   Code   RO         2526    i.nrf_gpio_pin_read  nrfx_gpiote.o
    0x0002b2d6   0x0002b2d6   0x00000014   Code   RO         2527    i.nrf_gpio_pin_set  nrfx_gpiote.o
    0x0002b2ea   0x0002b2ea   0x00000014   Code   RO         3319    i.nrf_gpio_pin_set  nrfx_spim.o
    0x0002b2fe   0x0002b2fe   0x00000014   Code   RO         4092    i.nrf_gpio_pin_set  nrf_drv_twi.o
    0x0002b312   0x0002b312   0x00000026   Code   RO          476    i.nrf_gpio_pin_write  boards.o
    0x0002b338   0x0002b338   0x00000014   Code   RO         2528    i.nrf_gpiote_event_clear  nrfx_gpiote.o
    0x0002b34c   0x0002b34c   0x00000010   Code   RO         2529    i.nrf_gpiote_event_is_set  nrfx_gpiote.o
    0x0002b35c   0x0002b35c   0x0000005c   Code   RO         5951    i.nrf_log_backend_add  nrf_log_frontend.o
    0x0002b3b8   0x0002b3b8   0x00000002   Code   RO         5805    i.nrf_log_backend_rtt_flush  nrf_log_backend_rtt.o
    0x0002b3ba   0x0002b3ba   0x00000004   Code   RO         5806    i.nrf_log_backend_rtt_init  nrf_log_backend_rtt.o
    0x0002b3be   0x0002b3be   0x00000002   Code   RO         5807    i.nrf_log_backend_rtt_panic_set  nrf_log_backend_rtt.o
    0x0002b3c0   0x0002b3c0   0x00000018   Code   RO         5808    i.nrf_log_backend_rtt_put  nrf_log_backend_rtt.o
    0x0002b3d8   0x0002b3d8   0x000000c8   Code   RO         5874    i.nrf_log_backend_serial_put  nrf_log_backend_serial.o
    0x0002b4a0   0x0002b4a0   0x00000030   Code   RO         5953    i.nrf_log_color_id_get  nrf_log_frontend.o
    0x0002b4d0   0x0002b4d0   0x0000001c   Code   RO         5908    i.nrf_log_default_backends_init  nrf_log_default_backends.o
    0x0002b4ec   0x0002b4ec   0x00000238   Code   RO         5954    i.nrf_log_frontend_dequeue  nrf_log_frontend.o
    0x0002b724   0x0002b724   0x00000008   Code   RO         5956    i.nrf_log_frontend_std_0  nrf_log_frontend.o
    0x0002b72c   0x0002b72c   0x0000000e   Code   RO         5957    i.nrf_log_frontend_std_1  nrf_log_frontend.o
    0x0002b73a   0x0002b73a   0x00000010   Code   RO         5958    i.nrf_log_frontend_std_2  nrf_log_frontend.o
    0x0002b74a   0x0002b74a   0x00000002   PAD
    0x0002b74c   0x0002b74c   0x000000b0   Code   RO         6137    i.nrf_log_hexdump_entry_process  nrf_log_str_formatter.o
    0x0002b7fc   0x0002b7fc   0x00000028   Code   RO         5963    i.nrf_log_init      nrf_log_frontend.o
    0x0002b824   0x0002b824   0x00000014   Code   RO         5964    i.nrf_log_module_cnt_get  nrf_log_frontend.o
    0x0002b838   0x0002b838   0x0000001c   Code   RO         5967    i.nrf_log_module_name_get  nrf_log_frontend.o
    0x0002b854   0x0002b854   0x00000028   Code   RO         5968    i.nrf_log_panic     nrf_log_frontend.o
    0x0002b87c   0x0002b87c   0x000000b6   Code   RO         6138    i.nrf_log_std_entry_process  nrf_log_str_formatter.o
    0x0002b932   0x0002b932   0x00000060   Code   RO         5430    i.nrf_memobj_alloc  nrf_memobj.o
    0x0002b992   0x0002b992   0x00000032   Code   RO         5431    i.nrf_memobj_free   nrf_memobj.o
    0x0002b9c4   0x0002b9c4   0x00000008   Code   RO         5432    i.nrf_memobj_get    nrf_memobj.o
    0x0002b9cc   0x0002b9cc   0x00000004   Code   RO         5433    i.nrf_memobj_pool_init  nrf_memobj.o
    0x0002b9d0   0x0002b9d0   0x0000001e   Code   RO         5434    i.nrf_memobj_put    nrf_memobj.o
    0x0002b9ee   0x0002b9ee   0x00000010   Code   RO         5435    i.nrf_memobj_read   nrf_memobj.o
    0x0002b9fe   0x0002b9fe   0x00000010   Code   RO         5436    i.nrf_memobj_write  nrf_memobj.o
    0x0002ba0e   0x0002ba0e   0x0000000a   Code   RO         3693    i.nrf_pwm_event_check  nrfx_pwm.o
    0x0002ba18   0x0002ba18   0x0000000c   Code   RO         3694    i.nrf_pwm_event_clear  nrfx_pwm.o
    0x0002ba24   0x0002ba24   0x00000028   Code   RO         5508    i.nrf_pwr_mgmt_init  nrf_pwr_mgmt.o
    0x0002ba4c   0x0002ba4c   0x00000044   Code   RO         5509    i.nrf_pwr_mgmt_run  nrf_pwr_mgmt.o
    0x0002ba90   0x0002ba90   0x00000004   Code   RO           15    i.nrf_qwr_error_handler  main.o
    0x0002ba94   0x0002ba94   0x0000001c   Code   RO         5585    i.nrf_ringbuf_init  nrf_ringbuf.o
    0x0002bab0   0x0002bab0   0x0000000c   Code   RO         4851    i.nrf_rtc_event_clear  drv_rtc.o
    0x0002babc   0x0002babc   0x00000014   Code   RO         6565    i.nrf_sdh_ble_app_ram_start_get  nrf_sdh_ble.o
    0x0002bad0   0x0002bad0   0x00000130   Code   RO         6566    i.nrf_sdh_ble_default_cfg_set  nrf_sdh_ble.o
    0x0002bc00   0x0002bc00   0x00000130   Code   RO         6567    i.nrf_sdh_ble_enable  nrf_sdh_ble.o
    0x0002bd30   0x0002bd30   0x00000060   Code   RO         6568    i.nrf_sdh_ble_evts_poll  nrf_sdh_ble.o
    0x0002bd90   0x0002bd90   0x00000074   Code   RO         6447    i.nrf_sdh_enable_request  nrf_sdh.o
    0x0002be04   0x0002be04   0x00000024   Code   RO         6448    i.nrf_sdh_evts_poll  nrf_sdh.o
    0x0002be28   0x0002be28   0x0000000c   Code   RO         6449    i.nrf_sdh_is_enabled  nrf_sdh.o
    0x0002be34   0x0002be34   0x0000003c   Code   RO         6619    i.nrf_sdh_soc_evts_poll  nrf_sdh_soc.o
    0x0002be70   0x0002be70   0x0000000a   Code   RO         5643    i.nrf_section_iter_init  nrf_section_iter.o
    0x0002be7a   0x0002be7a   0x00000024   Code   RO         5644    i.nrf_section_iter_item_set  nrf_section_iter.o
    0x0002be9e   0x0002be9e   0x00000020   Code   RO         5645    i.nrf_section_iter_next  nrf_section_iter.o
    0x0002bebe   0x0002bebe   0x00000022   Code   RO         5678    i.nrf_sortlist_add  nrf_sortlist.o
    0x0002bee0   0x0002bee0   0x00000006   Code   RO         5680    i.nrf_sortlist_peek  nrf_sortlist.o
    0x0002bee6   0x0002bee6   0x0000000e   Code   RO         5681    i.nrf_sortlist_pop  nrf_sortlist.o
    0x0002bef4   0x0002bef4   0x0000001e   Code   RO         5682    i.nrf_sortlist_remove  nrf_sortlist.o
    0x0002bf12   0x0002bf12   0x0000000a   Code   RO         3320    i.nrf_spim_event_check  nrfx_spim.o
    0x0002bf1c   0x0002bf1c   0x0000000a   Code   RO         3598    i.nrf_spis_event_check  nrfx_spis.o
    0x0002bf26   0x0002bf26   0x0000000c   Code   RO         3599    i.nrf_spis_event_clear  nrfx_spis.o
    0x0002bf32   0x0002bf32   0x00000002   PAD
    0x0002bf34   0x0002bf34   0x00000038   Code   RO         5734    i.nrf_strerror_find  nrf_strerror.o
    0x0002bf6c   0x0002bf6c   0x00000014   Code   RO         5735    i.nrf_strerror_get  nrf_strerror.o
    0x0002bf80   0x0002bf80   0x0000000c   Code   RO         3961    i.nrf_timer_event_clear  nrfx_timer.o
    0x0002bf8c   0x0002bf8c   0x0000000a   Code   RO         3439    i.nrf_twi_event_check  nrfx_twi.o
    0x0002bf96   0x0002bf96   0x0000000c   Code   RO         3440    i.nrf_twi_event_clear  nrfx_twi.o
    0x0002bfa2   0x0002bfa2   0x00000002   PAD
    0x0002bfa4   0x0002bfa4   0x00000010   Code   RO         2045    i.nrf_wdt_started   nrf_drv_clock.o
    0x0002bfb4   0x0002bfb4   0x0000002c   Code   RO         2382    i.nrfx_clock_enable  nrfx_clock.o
    0x0002bfe0   0x0002bfe0   0x00000020   Code   RO         2385    i.nrfx_clock_init   nrfx_clock.o
    0x0002c000   0x0002c000   0x00000030   Code   RO         2388    i.nrfx_clock_lfclk_stop  nrfx_clock.o
    0x0002c030   0x0002c030   0x00000010   Code   RO         4093    i.nrfx_coredep_delay_us  nrf_drv_twi.o
    0x0002c040   0x0002c040   0x00000010   Code   RO         4852    i.nrfx_coredep_delay_us  drv_rtc.o
    0x0002c050   0x0002c050   0x00000098   Code   RO         2535    i.nrfx_gpiote_in_event_enable  nrfx_gpiote.o
    0x0002c0e8   0x0002c0e8   0x000000d0   Code   RO         2537    i.nrfx_gpiote_in_init  nrfx_gpiote.o
    0x0002c1b8   0x0002c1b8   0x00000078   Code   RO         2540    i.nrfx_gpiote_init  nrfx_gpiote.o
    0x0002c230   0x0002c230   0x000000b8   Code   RO         2543    i.nrfx_gpiote_out_init  nrfx_gpiote.o
    0x0002c2e8   0x0002c2e8   0x00000010   Code   RO         2545    i.nrfx_gpiote_out_task_addr_get  nrfx_gpiote.o
    0x0002c2f8   0x0002c2f8   0x00000024   Code   RO         2547    i.nrfx_gpiote_out_task_enable  nrfx_gpiote.o
    0x0002c31c   0x0002c31c   0x0000000c   Code   RO         2549    i.nrfx_gpiote_out_task_get  nrfx_gpiote.o
    0x0002c328   0x0002c328   0x00000010   Code   RO         3600    i.nrfx_is_in_ram    nrfx_spis.o
    0x0002c338   0x0002c338   0x0000006c   Code   RO         3813    i.nrfx_ppi_channel_alloc  nrfx_ppi.o
    0x0002c3a4   0x0002c3a4   0x00000044   Code   RO         3814    i.nrfx_ppi_channel_assign  nrfx_ppi.o
    0x0002c3e8   0x0002c3e8   0x00000034   Code   RO         3816    i.nrfx_ppi_channel_enable  nrfx_ppi.o
    0x0002c41c   0x0002c41c   0x0000003a   Code   RO         2840    i.nrfx_prs_acquire  nrfx_prs.o
    0x0002c456   0x0002c456   0x00000002   PAD
    0x0002c458   0x0002c458   0x00000080   Code   RO         3601    i.nrfx_spis_buffers_set  nrfx_spis.o
    0x0002c4d8   0x0002c4d8   0x0000018c   Code   RO         3602    i.nrfx_spis_init    nrfx_spis.o
    0x0002c664   0x0002c664   0x0000003a   Code   RO         3964    i.nrfx_timer_compare  nrfx_timer.o
    0x0002c69e   0x0002c69e   0x00000002   PAD
    0x0002c6a0   0x0002c6a0   0x0000001c   Code   RO         3968    i.nrfx_timer_enable  nrfx_timer.o
    0x0002c6bc   0x0002c6bc   0x0000002a   Code   RO         3969    i.nrfx_timer_extended_compare  nrfx_timer.o
    0x0002c6e6   0x0002c6e6   0x00000002   PAD
    0x0002c6e8   0x0002c6e8   0x000000c0   Code   RO         3971    i.nrfx_timer_init   nrfx_timer.o
    0x0002c7a8   0x0002c7a8   0x00000020   Code   RO         3443    i.nrfx_twi_enable   nrfx_twi.o
    0x0002c7c8   0x0002c7c8   0x000000e4   Code   RO         3444    i.nrfx_twi_init     nrfx_twi.o
    0x0002c8ac   0x0002c8ac   0x00000030   Code   RO         3446    i.nrfx_twi_rx       nrfx_twi.o
    0x0002c8dc   0x0002c8dc   0x00000036   Code   RO         3448    i.nrfx_twi_tx       nrfx_twi.o
    0x0002c912   0x0002c912   0x00000002   PAD
    0x0002c914   0x0002c914   0x00000020   Code   RO         3450    i.nrfx_twi_xfer     nrfx_twi.o
    0x0002c934   0x0002c934   0x00000002   Code   RO           16    i.nus_data_handler  main.o
    0x0002c936   0x0002c936   0x00000002   PAD
    0x0002c938   0x0002c938   0x00000018   Code   RO         6663    i.nvmc_config       system_nrf52.o
    0x0002c950   0x0002c950   0x00000024   Code   RO           17    i.on_adv_evt        main.o
    0x0002c974   0x0002c974   0x0000001c   Code   RO           18    i.on_conn_params_evt  main.o
    0x0002c990   0x0002c990   0x0000006a   Code   RO         1972    i.on_connect        ble_nus.o
    0x0002c9fa   0x0002c9fa   0x00000002   PAD
    0x0002c9fc   0x0002c9fc   0x000000a8   Code   RO         1832    i.on_connected_evt  nrf_ble_gatt.o
    0x0002caa4   0x0002caa4   0x000000ac   Code   RO         1833    i.on_exchange_mtu_request_evt  nrf_ble_gatt.o
    0x0002cb50   0x0002cb50   0x00000084   Code   RO         1973    i.on_write          ble_nus.o
    0x0002cbd4   0x0002cbd4   0x00000016   Code   RO         1396    i.phy_is_valid      ble_advertising.o
    0x0002cbea   0x0002cbea   0x00000002   PAD
    0x0002cbec   0x0002cbec   0x0000001c   Code   RO         2559    i.pin_configured_set  nrfx_gpiote.o
    0x0002cc08   0x0002cc08   0x00000018   Code   RO         2560    i.pin_in_use_by_port  nrfx_gpiote.o
    0x0002cc20   0x0002cc20   0x00000018   Code   RO         2561    i.pin_in_use_by_te  nrfx_gpiote.o
    0x0002cc38   0x0002cc38   0x000000d0   Code   RO         2562    i.port_event_handle  nrfx_gpiote.o
    0x0002cd08   0x0002cd08   0x00000010   Code   RO         2563    i.port_handler_polarity_get  nrfx_gpiote.o
    0x0002cd18   0x0002cd18   0x0000003c   Code   RO         6140    i.postfix_process   nrf_log_str_formatter.o
    0x0002cd54   0x0002cd54   0x00000098   Code   RO         6141    i.prefix_process    nrf_log_str_formatter.o
    0x0002cdec   0x0002cdec   0x00000018   Code   RO         2842    i.prs_box_get       nrfx_prs.o
    0x0002ce04   0x0002ce04   0x0000005c   Code   RO         4557    i.rtc_irq           app_timer2.o
    0x0002ce60   0x0002ce60   0x0000006c   Code   RO         4558    i.rtc_schedule      app_timer2.o
    0x0002cecc   0x0002cecc   0x0000008c   Code   RO         4559    i.rtc_update        app_timer2.o
    0x0002cf58   0x0002cf58   0x00000058   Code   RO         2046    i.sd_state_evt_handler  nrf_drv_clock.o
    0x0002cfb0   0x0002cfb0   0x00000030   Code   RO         6454    i.sdh_request_observer_notify  nrf_sdh.o
    0x0002cfe0   0x0002cfe0   0x0000002c   Code   RO         6455    i.sdh_state_observer_notify  nrf_sdh.o
    0x0002d00c   0x0002d00c   0x00000010   Code   RO         1493    i.send_error_evt    ble_conn_params.o
    0x0002d01c   0x0002d01c   0x00000050   Code   RO         5809    i.serial_tx         nrf_log_backend_rtt.o
    0x0002d06c   0x0002d06c   0x00000088   Code   RO         1280    i.service_data_encode  ble_advdata.o
    0x0002d0f4   0x0002d0f4   0x00000030   Code   RO         1770    i.set_security_req  ble_srv_common.o
    0x0002d124   0x0002d124   0x00000028   Code   RO           20    i.sleep_mode_enter  main.o
    0x0002d14c   0x0002d14c   0x00000018   Code   RO         2047    i.soc_evt_handler   nrf_drv_clock.o
    0x0002d164   0x0002d164   0x00000058   Code   RO         6457    i.softdevices_evt_irq_enable  nrf_sdh.o
    0x0002d1bc   0x0002d1bc   0x0000000c   Code   RO         4560    i.sortlist_pop      app_timer2.o
    0x0002d1c8   0x0002d1c8   0x00000010   Code   RO          607    i.spis_event_handler  board_camera.o
    0x0002d1d8   0x0002d1d8   0x00000010   Code   RO         4156    i.spis_event_handler  nrf_drv_spis.o
    0x0002d1e8   0x0002d1e8   0x00000074   Code   RO         3604    i.spis_irq_handler  nrfx_spis.o
    0x0002d25c   0x0002d25c   0x0000003e   Code   RO         3605    i.spis_state_change  nrfx_spis.o
    0x0002d29a   0x0002d29a   0x00000002   PAD
    0x0002d29c   0x0002d29c   0x00000098   Code   RO         5970    i.std_n             nrf_log_frontend.o
    0x0002d334   0x0002d334   0x00000034   Code   RO          609    i.timer_dummy_handler  board_camera.o
    0x0002d368   0x0002d368   0x00000098   Code   RO         4561    i.timer_expire      app_timer2.o
    0x0002d400   0x0002d400   0x00000080   Code   RO         4562    i.timer_req_process  app_timer2.o
    0x0002d480   0x0002d480   0x00000038   Code   RO         4563    i.timer_req_schedule  app_timer2.o
    0x0002d4b8   0x0002d4b8   0x000000a4   Code   RO         4094    i.twi_clear_bus     nrf_drv_twi.o
    0x0002d55c   0x0002d55c   0x00000040   Code   RO         4095    i.twi_evt_handler   nrf_drv_twi.o
    0x0002d59c   0x0002d59c   0x000000bc   Code   RO         3451    i.twi_irq_handler   nrfx_twi.o
    0x0002d658   0x0002d658   0x0000001e   Code   RO         3452    i.twi_process_error  nrfx_twi.o
    0x0002d676   0x0002d676   0x00000002   PAD
    0x0002d678   0x0002d678   0x000000c4   Code   RO         3453    i.twi_rx_start_transfer  nrfx_twi.o
    0x0002d73c   0x0002d73c   0x00000036   Code   RO         3454    i.twi_send_byte     nrfx_twi.o
    0x0002d772   0x0002d772   0x00000140   Code   RO         3455    i.twi_transfer      nrfx_twi.o
    0x0002d8b2   0x0002d8b2   0x00000002   PAD
    0x0002d8b4   0x0002d8b4   0x000000b8   Code   RO         3456    i.twi_tx_start_transfer  nrfx_twi.o
    0x0002d96c   0x0002d96c   0x000000a4   Code   RO         3457    i.twi_xfer          nrfx_twi.o
    0x0002da10   0x0002da10   0x0000000a   Code   RO         1281    i.uint16_encode     ble_advdata.o
    0x0002da1a   0x0002da1a   0x00000002   PAD
    0x0002da1c   0x0002da1c   0x000000b4   Code   RO         5392    i.unsigned_print    nrf_fprintf_format.o
    0x0002dad0   0x0002dad0   0x00000068   Code   RO         1494    i.update_timeout_handler  ble_conn_params.o
    0x0002db38   0x0002db38   0x00000018   Code   RO         1397    i.use_whitelist     ble_advertising.o
    0x0002db50   0x0002db50   0x00000024   Code   RO         1928    i.user_mem_reply    nrf_ble_qwr.o
    0x0002db74   0x0002db74   0x00000030   Code   RO         1282    i.uuid_list_encode  ble_advdata.o
    0x0002dba4   0x0002dba4   0x0000009e   Code   RO         1283    i.uuid_list_sized_encode  ble_advdata.o
    0x0002dc42   0x0002dc42   0x00000002   PAD
    0x0002dc44   0x0002dc44   0x0000004c   Code   RO         1048    i.wakeup_button_cfg  bsp.o
    0x0002dc90   0x0002dc90   0x00000030   Data   RO           25    .constdata          main.o
    0x0002dcc0   0x0002dcc0   0x00000008   Data   RO          477    .constdata          boards.o
    0x0002dcc8   0x0002dcc8   0x0000006c   Data   RO          611    .constdata          board_camera.o
    0x0002dd34   0x0002dd34   0x0000042c   Data   RO          981    .constdata          img.o
    0x0002e160   0x0002e160   0x0000002c   Data   RO         1050    .constdata          bsp.o
    0x0002e18c   0x0002e18c   0x00000016   Data   RO         1834    .constdata          nrf_ble_gatt.o
    0x0002e1a2   0x0002e1a2   0x00000002   PAD
    0x0002e1a4   0x0002e1a4   0x00000010   Data   RO         1974    .constdata          ble_nus.o
    0x0002e1b4   0x0002e1b4   0x00000008   Data   RO         2565    .constdata          nrfx_gpiote.o
    0x0002e1bc   0x0002e1bc   0x00000018   Data   RO         3460    .constdata          nrfx_twi.o
    0x0002e1d4   0x0002e1d4   0x00000004   Data   RO         3608    .constdata          nrfx_spis.o
    0x0002e1d8   0x0002e1d8   0x00000008   PAD
    0x0002e1e0   0x0002e1e0   0x00000006   Data   RO         4096    .constdata          nrf_drv_twi.o
    0x0002e1e6   0x0002e1e6   0x00000002   PAD
    0x0002e1e8   0x0002e1e8   0x00000014   Data   RO         4566    .constdata          app_timer2.o
    0x0002e1fc   0x0002e1fc   0x00000004   PAD
    0x0002e200   0x0002e200   0x00000006   Data   RO         4853    .constdata          drv_rtc.o
    0x0002e206   0x0002e206   0x00000010   Data   RO         5393    .constdata          nrf_fprintf_format.o
    0x0002e216   0x0002e216   0x00000002   PAD
    0x0002e218   0x0002e218   0x00000018   Data   RO         5513    .constdata          nrf_pwr_mgmt.o
    0x0002e230   0x0002e230   0x0000000c   Data   RO         5514    .constdata          nrf_pwr_mgmt.o
    0x0002e23c   0x0002e23c   0x0000013c   Data   RO         5736    .constdata          nrf_strerror.o
    0x0002e378   0x0002e378   0x0000000c   Data   RO         5811    .constdata          nrf_log_backend_rtt.o
    0x0002e384   0x0002e384   0x0000000c   PAD
    0x0002e390   0x0002e390   0x00000006   Data   RO         5812    .constdata          nrf_log_backend_rtt.o
    0x0002e396   0x0002e396   0x00000002   PAD
    0x0002e398   0x0002e398   0x0000000c   Data   RO         5975    .constdata          nrf_log_frontend.o
    0x0002e3a4   0x0002e3a4   0x00000010   Data   RO         6458    .constdata          nrf_sdh.o
    0x0002e3b4   0x0002e3b4   0x00000028   Data   RO         6459    .constdata          nrf_sdh.o
    0x0002e3dc   0x0002e3dc   0x00000010   Data   RO         6460    .constdata          nrf_sdh.o
    0x0002e3ec   0x0002e3ec   0x00000010   Data   RO         6461    .constdata          nrf_sdh.o
    0x0002e3fc   0x0002e3fc   0x00000020   Data   RO         6569    .constdata          nrf_sdh_ble.o
    0x0002e41c   0x0002e41c   0x00000010   Data   RO         6570    .constdata          nrf_sdh_ble.o
    0x0002e42c   0x0002e42c   0x00000010   Data   RO         6620    .constdata          nrf_sdh_soc.o
    0x0002e43c   0x0002e43c   0x0000000c   Data   RO         6621    .constdata          nrf_sdh_soc.o
    0x0002e448   0x0002e448   0x00000081   Data   RO         6739    .constdata          mc_w.l(ctype_o.o)
    0x0002e4c9   0x0002e4c9   0x00000003   PAD
    0x0002e4cc   0x0002e4cc   0x00000004   Data   RO         6740    .constdata          mc_w.l(ctype_o.o)
    0x0002e4d0   0x0002e4d0   0x000000a2   Data   RO         1835    .conststring        nrf_ble_gatt.o
    0x0002e572   0x0002e572   0x00000002   PAD
    0x0002e574   0x0002e574   0x000003eb   Data   RO         5737    .conststring        nrf_strerror.o
    0x0002e95f   0x0002e95f   0x00000001   PAD
    0x0002e960   0x0002e960   0x00000066   Data   RO         6142    .conststring        nrf_log_str_formatter.o
    0x0002e9c6   0x0002e9c6   0x00000002   PAD
    0x0002e9c8   0x0002e9c8   0x000001cf   Data   RO         6571    .conststring        nrf_sdh_ble.o
    0x0002eb97   0x0002eb97   0x00000001   PAD
    0x0002eb98   0x0002eb98   0x0000000d   Data   RO         1836    .conststrlit        nrf_ble_gatt.o
    0x0002eba5   0x0002eba5   0x00000003   PAD
    0x0002eba8   0x0002eba8   0x00000008   Data   RO         1975    .conststrlit        ble_nus.o
    0x0002ebb0   0x0002ebb0   0x00000006   Data   RO         2053    .conststrlit        nrf_drv_clock.o
    0x0002ebb6   0x0002ebb6   0x00000002   PAD
    0x0002ebb8   0x0002ebb8   0x00000006   Data   RO         2392    .conststrlit        nrfx_clock.o
    0x0002ebbe   0x0002ebbe   0x00000002   PAD
    0x0002ebc0   0x0002ebc0   0x00000007   Data   RO         2569    .conststrlit        nrfx_gpiote.o
    0x0002ebc7   0x0002ebc7   0x00000001   PAD
    0x0002ebc8   0x0002ebc8   0x00000004   Data   RO         2844    .conststrlit        nrfx_prs.o
    0x0002ebcc   0x0002ebcc   0x00000005   Data   RO         2926    .conststrlit        nrfx_uart.o
    0x0002ebd1   0x0002ebd1   0x00000003   PAD
    0x0002ebd4   0x0002ebd4   0x00000006   Data   RO         3120    .conststrlit        nrfx_uarte.o
    0x0002ebda   0x0002ebda   0x00000002   PAD
    0x0002ebdc   0x0002ebdc   0x00000005   Data   RO         3334    .conststrlit        nrfx_spim.o
    0x0002ebe1   0x0002ebe1   0x00000003   PAD
    0x0002ebe4   0x0002ebe4   0x00000004   Data   RO         3463    .conststrlit        nrfx_twi.o
    0x0002ebe8   0x0002ebe8   0x00000005   Data   RO         3610    .conststrlit        nrfx_spis.o
    0x0002ebed   0x0002ebed   0x00000003   PAD
    0x0002ebf0   0x0002ebf0   0x00000004   Data   RO         3708    .conststrlit        nrfx_pwm.o
    0x0002ebf4   0x0002ebf4   0x00000004   Data   RO         3838    .conststrlit        nrfx_ppi.o
    0x0002ebf8   0x0002ebf8   0x00000006   Data   RO         3978    .conststrlit        nrfx_timer.o
    0x0002ebfe   0x0002ebfe   0x00000002   PAD
    0x0002ec00   0x0002ec00   0x0000000b   Data   RO         4243    .conststrlit        app_button.o
    0x0002ec0b   0x0002ec0b   0x00000001   PAD
    0x0002ec0c   0x0002ec0c   0x0000000a   Data   RO         4567    .conststrlit        app_timer2.o
    0x0002ec16   0x0002ec16   0x00000002   PAD
    0x0002ec18   0x0002ec18   0x00000009   Data   RO         5515    .conststrlit        nrf_pwr_mgmt.o
    0x0002ec21   0x0002ec21   0x00000003   PAD
    0x0002ec24   0x0002ec24   0x00000009   Data   RO         5683    .conststrlit        nrf_sortlist.o
    0x0002ec2d   0x0002ec2d   0x00000003   PAD
    0x0002ec30   0x0002ec30   0x00000010   Data   RO         5909    .conststrlit        nrf_log_default_backends.o
    0x0002ec40   0x0002ec40   0x00000004   Data   RO         5976    .conststrlit        nrf_log_frontend.o
    0x0002ec44   0x0002ec44   0x00000008   Data   RO         6462    .conststrlit        nrf_sdh.o
    0x0002ec4c   0x0002ec4c   0x0000000c   Data   RO         6572    .conststrlit        nrf_sdh_ble.o
    0x0002ec58   0x0002ec58   0x0000000c   Data   RO         6622    .conststrlit        nrf_sdh_soc.o
    0x0002ec64   0x0002ec64   0x00000020   Data   RO         7109    Region$$Table       anon$$obj.o
    0x0002ec84   0x0002ec84   0x00000010   Data   RO         5911    log_backends        nrf_log_default_backends.o
    0x0002ec94   0x0002ec94   0x00000008   Data   RO         1837    log_const_data      nrf_ble_gatt.o
    0x0002ec9c   0x0002ec9c   0x00000008   Data   RO         1976    log_const_data      ble_nus.o
    0x0002eca4   0x0002eca4   0x00000008   Data   RO         2054    log_const_data      nrf_drv_clock.o
    0x0002ecac   0x0002ecac   0x00000008   Data   RO         2394    log_const_data      nrfx_clock.o
    0x0002ecb4   0x0002ecb4   0x00000008   Data   RO         2570    log_const_data      nrfx_gpiote.o
    0x0002ecbc   0x0002ecbc   0x00000008   Data   RO         2846    log_const_data      nrfx_prs.o
    0x0002ecc4   0x0002ecc4   0x00000008   Data   RO         2927    log_const_data      nrfx_uart.o
    0x0002eccc   0x0002eccc   0x00000008   Data   RO         3121    log_const_data      nrfx_uarte.o
    0x0002ecd4   0x0002ecd4   0x00000008   Data   RO         3335    log_const_data      nrfx_spim.o
    0x0002ecdc   0x0002ecdc   0x00000008   Data   RO         3464    log_const_data      nrfx_twi.o
    0x0002ece4   0x0002ece4   0x00000008   Data   RO         3611    log_const_data      nrfx_spis.o
    0x0002ecec   0x0002ecec   0x00000008   Data   RO         3710    log_const_data      nrfx_pwm.o
    0x0002ecf4   0x0002ecf4   0x00000008   Data   RO         3840    log_const_data      nrfx_ppi.o
    0x0002ecfc   0x0002ecfc   0x00000008   Data   RO         3979    log_const_data      nrfx_timer.o
    0x0002ed04   0x0002ed04   0x00000008   Data   RO         4246    log_const_data      app_button.o
    0x0002ed0c   0x0002ed0c   0x00000008   Data   RO         4570    log_const_data      app_timer2.o
    0x0002ed14   0x0002ed14   0x00000008   Data   RO         5517    log_const_data      nrf_pwr_mgmt.o
    0x0002ed1c   0x0002ed1c   0x00000008   Data   RO         5684    log_const_data      nrf_sortlist.o
    0x0002ed24   0x0002ed24   0x00000008   Data   RO         5980    log_const_data      nrf_log_frontend.o
    0x0002ed2c   0x0002ed2c   0x00000008   Data   RO         6464    log_const_data      nrf_sdh.o
    0x0002ed34   0x0002ed34   0x00000008   Data   RO         6574    log_const_data      nrf_sdh_ble.o
    0x0002ed3c   0x0002ed3c   0x00000008   Data   RO         6623    log_const_data      nrf_sdh_soc.o
    0x0002ed44   0x0002ed44   0x00000014   Data   RO         5981    nrf_balloc          nrf_log_frontend.o
    0x0002ed58   0x0002ed58   0x00000008   Data   RO         1593    sdh_ble_observers0  ble_conn_state.o
    0x0002ed60   0x0002ed60   0x00000010   Data   RO           29    sdh_ble_observers1  main.o
    0x0002ed70   0x0002ed70   0x00000008   Data   RO         1156    sdh_ble_observers1  bsp_btn_ble.o
    0x0002ed78   0x0002ed78   0x00000008   Data   RO         1497    sdh_ble_observers1  ble_conn_params.o
    0x0002ed80   0x0002ed80   0x00000010   Data   RO           30    sdh_ble_observers2  main.o
    0x0002ed90   0x0002ed90   0x00000008   Data   RO           31    sdh_ble_observers3  main.o
    0x0002ed98   0x0002ed98   0x00000008   Data   RO         2055    sdh_soc_observers0  nrf_drv_clock.o
    0x0002eda0   0x0002eda0   0x00000008   Data   RO         6575    sdh_stack_observers0  nrf_sdh_ble.o
    0x0002eda8   0x0002eda8   0x00000008   Data   RO         6624    sdh_stack_observers0  nrf_sdh_soc.o
    0x0002edb0   0x0002edb0   0x00000008   Data   RO         2056    sdh_state_observers0  nrf_drv_clock.o


    Execution Region RW_IRAM1 (Exec base: 0x200031d8, Load base: 0x0002edb8, Size: 0x00016150, Max: 0x0003d518, ABSOLUTE, COMPRESSED[0x0000019c])

    Exec Addr    Load Addr    Size         Type   Attr      Idx    E Section Name        Object

    0x200031d8   COMPRESSED   0x00000008   Data   RW           26    .data               main.o
    0x200031e0   COMPRESSED   0x0000003c   Data   RW           27    .data               main.o
    0x2000321c   COMPRESSED   0x00000004   Data   RW           28    .data               main.o
    0x20003220   COMPRESSED   0x00000164   Data   RW          612    .data               board_camera.o
    0x20003384   COMPRESSED   0x00000002   Data   RW          614    .data               board_camera.o
    0x20003386   COMPRESSED   0x00000002   PAD
    0x20003388   COMPRESSED   0x00000010   Data   RW         1051    .data               bsp.o
    0x20003398   COMPRESSED   0x00000020   Data   RW         1052    .data               bsp.o
    0x200033b8   COMPRESSED   0x00000020   Data   RW         1053    .data               bsp.o
    0x200033d8   COMPRESSED   0x00000020   Data   RW         1054    .data               bsp.o
    0x200033f8   COMPRESSED   0x00000008   Data   RW         1155    .data               bsp_btn_ble.o
    0x20003400   COMPRESSED   0x00000008   Data   RW         1496    .data               ble_conn_params.o
    0x20003408   COMPRESSED   0x00000008   Data   RW         2393    .data               nrfx_clock.o
    0x20003410   COMPRESSED   0x00000008   Data   RW         2845    .data               nrfx_prs.o
    0x20003418   COMPRESSED   0x00000008   Data   RW         3709    .data               nrfx_pwm.o
    0x20003420   COMPRESSED   0x00000008   Data   RW         3839    .data               nrfx_ppi.o
    0x20003428   COMPRESSED   0x00000010   Data   RW         4097    .data               nrf_drv_twi.o
    0x20003438   COMPRESSED   0x00000001   Data   RW         4197    .data               nrf_drv_ppi.o
    0x20003439   COMPRESSED   0x00000007   PAD
    0x20003440   COMPRESSED   0x00000020   Data   RW         4568    .data               app_timer2.o
    0x20003460   COMPRESSED   0x00000004   Data   RW         4569    .data               app_timer2.o
    0x20003464   COMPRESSED   0x0000000c   Data   RW         4854    .data               drv_rtc.o
    0x20003470   COMPRESSED   0x00000008   Data   RW         5516    .data               nrf_pwr_mgmt.o
    0x20003478   COMPRESSED   0x00000001   Data   RW         5813    .data               nrf_log_backend_rtt.o
    0x20003479   COMPRESSED   0x00000003   PAD
    0x2000347c   COMPRESSED   0x00000008   Data   RW         5910    .data               nrf_log_default_backends.o
    0x20003484   COMPRESSED   0x00000004   Data   RW         5977    .data               nrf_log_frontend.o
    0x20003488   COMPRESSED   0x00000008   Data   RW         5978    .data               nrf_log_frontend.o
    0x20003490   COMPRESSED   0x00000008   Data   RW         5979    .data               nrf_log_frontend.o
    0x20003498   COMPRESSED   0x00000040   Data   RW         6143    .data               nrf_log_str_formatter.o
    0x200034d8   COMPRESSED   0x00000003   Data   RW         6463    .data               nrf_sdh.o
    0x200034db   COMPRESSED   0x00000001   Data   RW         6573    .data               nrf_sdh_ble.o
    0x200034dc   COMPRESSED   0x00000004   Data   RW         6665    .data               system_nrf52.o
    0x200034e0        -       0x00012fd5   Zero   RW           24    .bss                main.o
    0x200164b5        -       0x000003c0   Zero   RW          610    .bss                board_camera.o
    0x20016875        -       0x0000000c   Zero   RW         1049    .bss                bsp.o
    0x20016881   COMPRESSED   0x00000007   PAD
    0x20016888        -       0x00000050   Zero   RW         1495    .bss                ble_conn_params.o
    0x200168d8        -       0x0000007c   Zero   RW         1592    .bss                ble_conn_state.o
    0x20016954        -       0x00000014   Zero   RW         2048    .bss                nrf_drv_clock.o
    0x20016968        -       0x0000006c   Zero   RW         2564    .bss                nrfx_gpiote.o
    0x200169d4        -       0x00000024   Zero   RW         3329    .bss                nrfx_spim.o
    0x200169f8        -       0x0000003c   Zero   RW         3458    .bss                nrfx_twi.o
    0x20016a34        -       0x0000001c   Zero   RW         3606    .bss                nrfx_spis.o
    0x20016a50        -       0x0000000c   Zero   RW         3976    .bss                nrfx_timer.o
    0x20016a5c        -       0x0000000c   Zero   RW         4157    .bss                nrf_drv_spis.o
    0x20016a68        -       0x00000010   Zero   RW         4564    .bss                app_timer2.o
    0x20016a78        -       0x00000058   Zero   RW         4565    .bss                app_timer2.o
    0x20016ad0        -       0x0000000c   Zero   RW         4768    .bss                app_util_platform.o
    0x20016adc        -       0x0000000c   Zero   RW         5512    .bss                nrf_pwr_mgmt.o
    0x20016ae8        -       0x00000040   Zero   RW         5810    .bss                nrf_log_backend_rtt.o
    0x20016b28        -       0x000000c0   Zero   RW         5971    .bss                nrf_log_frontend.o
    0x20016be8        -       0x00000080   Zero   RW         5972    .bss                nrf_log_frontend.o
    0x20016c68        -       0x00000018   Zero   RW         5973    .bss                nrf_log_frontend.o
    0x20016c80        -       0x00000420   Zero   RW         5974    .bss                nrf_log_frontend.o
    0x200170a0        -       0x00000288   Zero   RW         6219    .bss                segger_rtt.o
    0x20017328        -       0x00002000   Zero   RW         6651    STACK               arm_startup_nrf52840.o


==============================================================================

Image component sizes


      Code (inc. data)   RO Data    RW Data    ZI Data      Debug   Object Name

         0          0         19          0          0       1907   app_button.o
        22          0          0          0          0       2593   app_error.o
       132         46          0          0          0      34213   app_error_weak.o
      1052         90         38         36        104      17765   app_timer2.o
       124         14          0          0         12      10870   app_util_platform.o
        36          8        512          0       8192        968   arm_startup_nrf52840.o
      1338          0          0          0          0      61460   ble_advdata.o
      1006          6          0          0          0      12203   ble_advertising.o
       636         44          8          8         80      10779   ble_conn_params.o
       390         10          8          0        124       7975   ble_conn_state.o
        72          0          0          0          0       1716   ble_link_ctx_manager.o
       568          6         32          0          0       7960   ble_nus.o
       456          6          0          0          0       3507   ble_srv_common.o
      1064        164        108        358        960      73630   board_camera.o
       266         38          8          0          0      12297   boards.o
       822         66         44        112         12      13116   bsp.o
       196          6          8          8          0      18861   bsp_btn_ble.o
       704         76          6         12          0      48685   drv_rtc.o
        82          0          0          0          0       2642   fifo.o
      1746         30       1068          0          0       9706   img.o
      1682        368         88         72      77781     198799   main.o
       326          0          0          0          0       6187   nrf_atfifo.o
        64          0          0          0          0       3168   nrf_atflags.o
       306          0          0          0          0       8375   nrf_atomic.o
       164          0          0          0          0       3768   nrf_balloc.o
       950        272        205          0          0      38569   nrf_ble_gatt.o
       276          0          0          0          0       6413   nrf_ble_qwr.o
       312         36         30          0         20      44256   nrf_drv_clock.o
        24          6          0          1          0       1035   nrf_drv_ppi.o
        44         16          0          0         12       9652   nrf_drv_spis.o
       376         22          6         16          0      16155   nrf_drv_twi.o
        50          0          0          0          0       3669   nrf_fprintf.o
       866          4         16          0          0       6730   nrf_fprintf_format.o
       112         18         18          1         64       6441   nrf_log_backend_rtt.o
       200          0          0          0          0      11065   nrf_log_backend_serial.o
        28          4         32          8          0       3445   nrf_log_default_backends.o
      1484        128         44         20       1400      31241   nrf_log_frontend.o
       570        108        102         64          0       5868   nrf_log_str_formatter.o
       346          0          0          0          0       9887   nrf_memobj.o
       108         16         53          8         12      41154   nrf_pwr_mgmt.o
        28          0          0          0          0       2471   nrf_ringbuf.o
       384         46        104          3          0      43207   nrf_sdh.o
       724        232        539          1          0       6133   nrf_sdh_ble.o
        60          4         56          0          0       2576   nrf_sdh_soc.o
        78          0          0          0          0       2916   nrf_section_iter.o
        84          0         17          0          0       4321   nrf_sortlist.o
        76         10       1319          0          0       2883   nrf_strerror.o
       242         32         14          8          0      47580   nrfx_clock.o
      1640        128         23          0        108      71396   nrfx_gpiote.o
       286         22         12          8          0      12257   nrfx_ppi.o
        94         16         12          8          0       3941   nrfx_prs.o
       194          8         12          8          0      10474   nrfx_pwm.o
       162         14         13          0         36      15759   nrfx_spim.o
       808         24         17          0         28      19997   nrfx_spis.o
       412         18         14          0         12      14804   nrfx_timer.o
      1620         50         36          0         60      29170   nrfx_twi.o
         0          0         13          0          0      11008   nrfx_uart.o
         0          0         14          0          0      10886   nrfx_uarte.o
       378         34          0          0        648       9313   segger_rtt.o
       500         66          0          4          0      31709   system_nrf52.o

    ----------------------------------------------------------------------
     26836       2312       4768        776      89672    1161531   Object Totals
         0          0         32          0          0          0   (incl. Generated)
        66          0         68         12          7          0   (incl. Padding)

    ----------------------------------------------------------------------

      Code (inc. data)   RO Data    RW Data    ZI Data      Debug   Library Member Name

        86          0          0          0          0          0   __dczerorl2.o
         8          4        133          0          0         68   ctype_o.o
         0          0          0          0          0          0   entry.o
         0          0          0          0          0          0   entry10a.o
         0          0          0          0          0          0   entry11a.o
         8          4          0          0          0          0   entry2.o
         4          0          0          0          0          0   entry5.o
         0          0          0          0          0          0   entry7b.o
         0          0          0          0          0          0   entry8b.o
         8          4          0          0          0          0   entry9a.o
        30          0          0          0          0          0   handlers.o
        36          8          0          0          0         68   init.o
        30          0          0          0          0         68   llshl.o
        32          0          0          0          0         68   llushr.o
        36          0          0          0          0         68   memcpya.o
        36          0          0          0          0        108   memseta.o
        18          0          0          0          0         68   strcpy.o
        14          0          0          0          0         68   strlen.o
        98          0          0          0          0         92   uldiv.o

    ----------------------------------------------------------------------
       444         20        136          0          0        676   Library Totals
         0          0          3          0          0          0   (incl. Padding)

    ----------------------------------------------------------------------

      Code (inc. data)   RO Data    RW Data    ZI Data      Debug   Library Name

       444         20        133          0          0        676   mc_w.l

    ----------------------------------------------------------------------
       444         20        136          0          0        676   Library Totals

    ----------------------------------------------------------------------

==============================================================================


      Code (inc. data)   RO Data    RW Data    ZI Data      Debug   

     27280       2332       4904        776      89672    1128783   Grand Totals
     27280       2332       4904        412      89672    1128783   ELF Image Totals (compressed)
     27280       2332       4904        412          0          0   ROM Totals

==============================================================================

    Total RO  Size (Code + RO Data)                32184 (  31.43kB)
    Total RW  Size (RW Data + ZI Data)             90448 (  88.33kB)
    Total ROM Size (Code + RO Data + RW Data)      32596 (  31.83kB)

==============================================================================

