<html>
<body>
<pre>
<h1>µVision Build Log</h1>
<h2>Tool Versions:</h2>
IDE-Version: ¦ÌVision V5.37.0.0
Copyright (C) 2022 ARM Ltd and ARM Germany GmbH. All rights reserved.
License Information: S Lenovo, USTC, LIC=03C6R-KT9TB-Z9PG9-4SYG0-56IJE-THQHJ
 
Tool Versions:
Toolchain:       MDK-ARM Plus  Version: 5.37.0.0
Toolchain Path:  C:\PF\MKR5\ARM\ARMCC\Bin
C Compiler:      Armcc.exe V5.06 update 6 (build 750)
Assembler:       Armasm.exe V5.06 update 6 (build 750)
Linker/Locator:  ArmLink.exe V5.06 update 6 (build 750)
Library Manager: ArmAr.exe V5.06 update 6 (build 750)
Hex Converter:   FromElf.exe V5.06 update 6 (build 750)
CPU DLL:         
Dialog DLL:      
Target DLL:      Segger\JL2CM3.dll V2.99.42.0
Dialog DLL:      TCM.DLL V1.56.1.0
 
<h2>Project:</h2>
C:\Users\Lenovo\Documents\Code\C_NRF\nrfsdk17\NRF5_Basic\nRF5_SDK_17.1.0_ddde560\examples\ble_peripheral\Z40_QVGA_jpeg_Ex\pca10056\s140\arm5_no_packs\ble_app_uart_pca10056_s140.uvprojx
Project File Date:  11/29/2023

<h2>Output:</h2>
*** Using Compiler 'V5.06 update 6 (build 750)', folder: 'C:\PF\MKR5\ARM\ARMCC\Bin'
Build target 'nrf52840_xxaa'
compiling ble_link_ctx_manager.c...
compiling ble_advdata.c...
compiling nrf_ble_qwr.c...
compiling nrf_ble_gatt.c...
compiling bsp_btn_ble.c...
compiling ble_advertising.c...
compiling bsp.c...
compiling ble_conn_params.c...
compiling ble_nus.c...
compiling ble_conn_state.c...
compiling boards.c...
compiling nrf_drv_uart.c...
compiling nrf_drv_clock.c...
compiling main.c...
..\..\..\main.c(351): warning:  #546-D: transfer of control bypasses initialization of:
            variable "phys"  (declared at line 364)
      switch (p_ble_evt->header.evt_id)
      ^
..\..\..\main.c(345): warning:  #550-D: variable "m_current_conn_params"  was set but never used
  static ble_gap_conn_params_t m_current_conn_params;
..\..\..\main.c: 2 warnings, 0 errors
compiling board_camera.c...
board_camera.c(515): warning:  #188-D: enumerated type mixed with another type
      return ui32Err;
board_camera.c: 1 warning, 0 errors
compiling nrfx_atomic.c...
compiling nrf_drv_spi.c...
compiling nrfx_spi.c...
compiling nrfx_prs.c...
compiling nrfx_gpiote.c...
compiling nrfx_twi.c...
compiling nrfx_clock.c...
compiling nrfx_uarte.c...
compiling nrfx_spim.c...
compiling nrfx_ppi.c...
compiling nrfx_uart.c...
compiling nrfx_spis.c...
compiling nrfx_pwm.c...
compiling nrfx_timer.c...
compiling nrf_drv_twi.c...
compiling hardfault_implementation.c...
compiling app_error_handler_keil.c...
compiling app_fifo.c...
compiling nrf_atflags.c...
compiling app_scheduler.c...
compiling nrf_drv_ppi.c...
compiling nrf_drv_spis.c...
compiling nrf_atfifo.c...
compiling nrf_atomic.c...
compiling app_error_weak.c...
compiling app_timer2.c...
compiling app_uart_fifo.c...
compiling drv_rtc.c...
compiling app_button.c...
compiling nrf_fprintf.c...
compiling nrf_fprintf_format.c...
compiling nrf_section_iter.c...
compiling SEGGER_RTT_Syscalls_KEIL.c...
compiling nrf_strerror.c...
compiling nrf_sortlist.c...
compiling nrf_balloc.c...
compiling nrf_ringbuf.c...
compiling retarget.c...
compiling nrf_memobj.c...
compiling nrf_log_backend_serial.c...
compiling nrf_log_backend_rtt.c...
compiling nrf_log_default_backends.c...
compiling SEGGER_RTT_printf.c...
compiling nrf_pwr_mgmt.c...
compiling SEGGER_RTT.c...
compiling nrf_log_frontend.c...
compiling nrf_log_str_formatter.c...
compiling nrf_sdh.c...
compiling nrf_sdh_soc.c...
compiling nrf_sdh_ble.c...
linking...
Program Size: Code=27280 RO-data=4904 RW-data=776 ZI-data=89672  
FromELF: creating hex file...
".\_build\nrf52840_xxaa.axf" - 0 Error(s), 3 Warning(s).

<h2>Software Packages used:</h2>

Package Vendor: ARM
                http://www.keil.com/pack/ARM.CMSIS.5.6.0.pack
                ARM.CMSIS.5.6.0
                CMSIS (Cortex Microcontroller Software Interface Standard)
   * Component: CORE Version: 5.3.0

Package Vendor: NordicSemiconductor
                http://developer.nordicsemi.com/nRF5_SDK/pieces/nRF_DeviceFamilyPack/NordicSemiconductor.nRF_DeviceFamilyPack.8.40.3.pack
                NordicSemiconductor.nRF_DeviceFamilyPack.8.40.3
                Nordic Semiconductor nRF ARM devices Device Family Pack with BSD license.
   * Component: Startup Version: 8.40.3

<h2>Collection of Component include folders:</h2>
  ./RTE/_nrf52840_xxaa
  C:/Users/Lenovo/AppData/Local/Arm/Packs/ARM/CMSIS/5.6.0/CMSIS/Core/Include
  C:/Users/Lenovo/AppData/Local/Arm/Packs/NordicSemiconductor/nRF_DeviceFamilyPack/8.40.3/Device/Include

<h2>Collection of Component Files used:</h2>

   * Component: ARM::CMSIS:CORE:5.3.0

   * Component: NordicSemiconductor::Device:Startup:8.40.3
      Source file:   Device/Source/arm/arm_startup_nrf52840.s
      Include file:  Device/Include/system_nrf.h
      Include file:  Device/Include/system_nrf52840.h
      Source file:   Device/Source/system_nrf52.c
Build Time Elapsed:  00:00:15
</pre>
</body>
</html>
