<html>
<body>
<pre>
<h1>µVision Build Log</h1>
<h2>Tool Versions:</h2>
IDE-Version: ¦ÌVision V5.37.0.0
Copyright (C) 2022 ARM Ltd and ARM Germany GmbH. All rights reserved.
License Information: S Lenovo, USTC, LIC=03C6R-KT9TB-Z9PG9-4SYG0-56IJE-THQHJ
 
Tool Versions:
Toolchain:       MDK-ARM Plus  Version: 5.37.0.0
Toolchain Path:  C:\PF\MKR5\ARM\ARMCC\Bin
C Compiler:      Armcc.exe V5.06 update 6 (build 750)
Assembler:       Armasm.exe V5.06 update 6 (build 750)
Linker/Locator:  ArmLink.exe V5.06 update 6 (build 750)
Library Manager: ArmAr.exe V5.06 update 6 (build 750)
Hex Converter:   FromElf.exe V5.06 update 6 (build 750)
CPU DLL:         
Dialog DLL:      
Target DLL:      Segger\JL2CM3.dll V2.99.42.0
Dialog DLL:      TCM.DLL V1.56.1.0
 
<h2>Project:</h2>
C:\Users\Lenovo\Documents\Code\C_NRF\nrfsdk17\nRF5_SDK_17.1.0_ddde560\examples\ble_peripheral\ble_app_uart\pca10100\s140\arm5_no_packs\ble_app_uart_pca10100_s140.uvprojx
Project File Date:  04/06/2023

<h2>Output:</h2>
*** Using Compiler 'V5.06 update 6 (build 750)', folder: 'C:\PF\MKR5\ARM\ARMCC\Bin'
Rebuild target 'nrf52833_xxaa'
compiling board_tft.c...
compiling utf.c...
compiling ble_srv_common.c...
compiling ble_link_ctx_manager.c...
compiling nrf_ble_qwr.c...
compiling ble_conn_params.c...
compiling nrf_ble_gatt.c...
compiling ble_advdata.c...
compiling ble_nus.c...
compiling boards.c...
compiling ble_conn_state.c...
compiling ble_advertising.c...
compiling bsp.c...
compiling nrf_drv_clock.c...
compiling bsp_btn_ble.c...
compiling board_camera.c...
board_camera.h(34): warning:  #1295-D: Deprecated declaration unit_pwm_test - give arg types
  void unit_pwm_test();
board_camera.h(35): warning:  #1295-D: Deprecated declaration unit_twi_test - give arg types
  void unit_twi_test();
board_camera.h(36): warning:  #1295-D: Deprecated declaration unit_gpiote_test - give arg types
  void unit_gpiote_test();
board_camera.h(37): warning:  #1295-D: Deprecated declaration unit_captrue_test - give arg types
  void unit_captrue_test();
board_camera.c(335): warning:  #177-D: variable "sensorIDH"  was declared but never referenced
      uint8_t sensorIDH[1];
board_camera.c(336): warning:  #177-D: variable "sensorIDL"  was declared but never referenced
      uint8_t sensorIDL[1];
board_camera.c(337): warning:  #177-D: variable "address"  was declared but never referenced
      uint8_t address;
board_camera.c(339): warning:  #177-D: variable "sample_data"  was declared but never referenced
      uint8_t sample_data;
board_camera.c(340): warning:  #177-D: variable "detected_device"  was declared but never referenced
      bool detected_device = false;
board_camera.c(341): warning:  #177-D: variable "err_code"  was declared but never referenced
      int err_code = 0;
board_camera.c(381): warning:  #1-D: last line of file ends without a newline
  }
board_camera.c(128): warning:  #550-D: variable "frame_buf"  was set but never used
  static uint8_t       frame_buf[120][245] = {0};  /**< RX buffer. */
board_camera.c: 12 warnings, 0 errors
compiling main.c...
..\..\..\./pca10100/s140/arm5_no_packs/board_camera.h(34): warning:  #1295-D: Deprecated declaration unit_pwm_test - give arg types
  void unit_pwm_test();
..\..\..\./pca10100/s140/arm5_no_packs/board_camera.h(35): warning:  #1295-D: Deprecated declaration unit_twi_test - give arg types
  void unit_twi_test();
..\..\..\./pca10100/s140/arm5_no_packs/board_camera.h(36): warning:  #1295-D: Deprecated declaration unit_gpiote_test - give arg types
  void unit_gpiote_test();
..\..\..\./pca10100/s140/arm5_no_packs/board_camera.h(37): warning:  #1295-D: Deprecated declaration unit_captrue_test - give arg types
  void unit_captrue_test();
..\..\..\main.c(701): warning:  #177-D: variable "erase_bonds"  was declared but never referenced
      bool erase_bonds;
..\..\..\main.c(640): warning:  #177-D: function "buttons_leds_init"  was declared but never referenced
  static void buttons_leds_init(bool * p_erase_bonds)
..\..\..\main.c(667): warning:  #177-D: function "power_management_init"  was declared but never referenced
  static void power_management_init(void)
..\..\..\main.c: 7 warnings, 0 errors
compiling app_error.c...
compiling nrfx_spi.c...
compiling nrf_drv_uart.c...
compiling nrfx_atomic.c...
compiling nrfx_pwm.c...
compiling nrfx_clock.c...
compiling nrf_drv_spi.c...
compiling nrf_drv_twi.c...
compiling nrfx_prs.c...
compiling nrfx_uarte.c...
compiling nrfx_spim.c...
compiling nrfx_uart.c...
compiling nrfx_twi.c...
compiling nrfx_gpiote.c...
compiling app_button.c...
compiling nrf_assert.c...
compiling app_util_platform.c...
compiling app_error_handler_keil.c...
compiling app_fifo.c...
compiling hardfault_implementation.c...
compiling nrf_fprintf.c...
compiling nrf_atfifo.c...
compiling nrf_atomic.c...
compiling nrf_atflags.c...
compiling app_error_weak.c...
compiling app_scheduler.c...
compiling nrf_balloc.c...
compiling app_uart_fifo.c...
compiling drv_rtc.c...
compiling nrf_fprintf_format.c...
compiling app_timer2.c...
compiling SEGGER_RTT_Syscalls_KEIL.c...
compiling nrf_section_iter.c...
compiling nrf_strerror.c...
compiling nrf_ringbuf.c...
compiling nrf_memobj.c...
compiling nrf_sortlist.c...
compiling retarget.c...
assembling arm_startup_nrf52833.s...
compiling nrf_log_default_backends.c...
compiling SEGGER_RTT.c...
compiling nrf_log_backend_serial.c...
compiling nrf_pwr_mgmt.c...
compiling nrf_log_str_formatter.c...
compiling nrf_log_frontend.c...
compiling nrf_log_backend_rtt.c...
compiling SEGGER_RTT_printf.c...
compiling nrf_sdh.c...
compiling nrf_sdh_soc.c...
compiling system_nrf52.c...
compiling nrf_sdh_ble.c...
linking...
Program Size: Code=27228 RO-data=3732 RW-data=984 ZI-data=36376  
FromELF: creating hex file...
".\_build\nrf52833_xxaa.axf" - 0 Error(s), 19 Warning(s).

<h2>Software Packages used:</h2>

Package Vendor: ARM
                http://www.keil.com/pack/ARM.CMSIS.5.6.0.pack
                ARM.CMSIS.5.6.0
                CMSIS (Cortex Microcontroller Software Interface Standard)
   * Component: CORE Version: 5.3.0

Package Vendor: NordicSemiconductor
                http://developer.nordicsemi.com/nRF5_SDK/pieces/nRF_DeviceFamilyPack/NordicSemiconductor.nRF_DeviceFamilyPack.8.40.3.pack
                NordicSemiconductor.nRF_DeviceFamilyPack.8.40.3
                Nordic Semiconductor nRF ARM devices Device Family Pack with BSD license.
   * Component: Startup Version: 8.40.3

<h2>Collection of Component include folders:</h2>
  ./RTE/_nrf52833_xxaa
  C:/Users/Lenovo/AppData/Local/Arm/Packs/ARM/CMSIS/5.6.0/CMSIS/Core/Include
  C:/Users/Lenovo/AppData/Local/Arm/Packs/NordicSemiconductor/nRF_DeviceFamilyPack/8.40.3/Device/Include

<h2>Collection of Component Files used:</h2>

   * Component: ARM::CMSIS:CORE:5.3.0

   * Component: NordicSemiconductor::Device:Startup:8.40.3
      Include file:  Device/Include/system_nrf.h
      Source file:   Device/Source/system_nrf52.c
      Include file:  Device/Include/system_nrf52833.h
      Source file:   Device/Source/arm/arm_startup_nrf52833.s
Build Time Elapsed:  00:00:16
</pre>
</body>
</html>
