Component: ARM Compiler 5.06 update 6 (build 750) Tool: armlink [4d35ed]

==============================================================================

Section Cross References

    main.o(i.advertising_init) refers to memseta.o(.text) for __aeabi_memclr4
    main.o(i.advertising_init) refers to ble_advertising.o(i.ble_advertising_init) for ble_advertising_init
    main.o(i.advertising_init) refers to app_error_handler_keil.o(.emb_text) for app_error_handler
    main.o(i.advertising_init) refers to ble_advertising.o(i.ble_advertising_conn_cfg_tag_set) for ble_advertising_conn_cfg_tag_set
    main.o(i.advertising_init) refers to main.o(.data) for .data
    main.o(i.advertising_init) refers to main.o(i.on_adv_evt) for on_adv_evt
    main.o(i.advertising_init) refers to main.o(.bss) for .bss
    main.o(i.advertising_init) refers to main.o(i.conn_evt_len_ext_set) for i.conn_evt_len_ext_set
    main.o(i.assert_nrf_callback) refers to app_error_handler_keil.o(.emb_text) for app_error_handler
    main.o(i.ble_evt_handler) refers to app_error_handler_keil.o(.emb_text) for app_error_handler
    main.o(i.ble_evt_handler) refers to nrf_log_frontend.o(i.nrf_log_frontend_std_0) for nrf_log_frontend_std_0
    main.o(i.ble_evt_handler) refers to bsp.o(i.bsp_indication_set) for bsp_indication_set
    main.o(i.ble_evt_handler) refers to nrf_ble_qwr.o(i.nrf_ble_qwr_conn_handle_assign) for nrf_ble_qwr_conn_handle_assign
    main.o(i.ble_evt_handler) refers to nrf_log_frontend.o(i.nrf_log_frontend_std_1) for nrf_log_frontend_std_1
    main.o(i.ble_evt_handler) refers to main.o(.constdata) for .constdata
    main.o(i.ble_evt_handler) refers to main.o(.data) for .data
    main.o(i.ble_evt_handler) refers to nrf_log_frontend.o(log_const_data) for m_nrf_log_app_logs_data_const
    main.o(i.ble_evt_handler) refers to main.o(.bss) for .bss
    main.o(i.ble_send_data) refers to main.o(.data) for .data
    main.o(i.ble_send_data) refers to main.o(.constdata) for .constdata
    main.o(i.ble_stack_init) refers to nrf_sdh.o(i.nrf_sdh_enable_request) for nrf_sdh_enable_request
    main.o(i.ble_stack_init) refers to app_error_handler_keil.o(.emb_text) for app_error_handler
    main.o(i.ble_stack_init) refers to nrf_sdh_ble.o(i.nrf_sdh_ble_default_cfg_set) for nrf_sdh_ble_default_cfg_set
    main.o(i.ble_stack_init) refers to nrf_sdh_ble.o(i.nrf_sdh_ble_enable) for nrf_sdh_ble_enable
    main.o(i.ble_stack_init) refers to main.o(i.conn_evt_len_ext_set) for i.conn_evt_len_ext_set
    main.o(i.bsp_event_handler) refers to main.o(i.sleep_mode_enter) for sleep_mode_enter
    main.o(i.bsp_event_handler) refers to ble_advertising.o(i.ble_advertising_restart_without_whitelist) for ble_advertising_restart_without_whitelist
    main.o(i.bsp_event_handler) refers to app_error_handler_keil.o(.emb_text) for app_error_handler
    main.o(i.bsp_event_handler) refers to main.o(.data) for .data
    main.o(i.bsp_event_handler) refers to main.o(.bss) for .bss
    main.o(i.conn_evt_len_ext_set) refers to app_error_handler_keil.o(.emb_text) for app_error_handler
    main.o(i.conn_params_error_handler) refers to app_error_handler_keil.o(.emb_text) for app_error_handler
    main.o(i.gap_params_init) refers to app_error_handler_keil.o(.emb_text) for app_error_handler
    main.o(i.gap_params_init) refers to main.o(i.conn_evt_len_ext_set) for i.conn_evt_len_ext_set
    main.o(i.gatt_evt_handler) refers to nrf_log_frontend.o(i.nrf_log_frontend_std_2) for nrf_log_frontend_std_2
    main.o(i.gatt_evt_handler) refers to main.o(.data) for .data
    main.o(i.gatt_evt_handler) refers to nrf_log_frontend.o(log_const_data) for m_nrf_log_app_logs_data_const
    main.o(i.gatt_init) refers to nrf_ble_gatt.o(i.nrf_ble_gatt_init) for nrf_ble_gatt_init
    main.o(i.gatt_init) refers to app_error_handler_keil.o(.emb_text) for app_error_handler
    main.o(i.gatt_init) refers to nrf_ble_gatt.o(i.nrf_ble_gatt_att_mtu_periph_set) for nrf_ble_gatt_att_mtu_periph_set
    main.o(i.gatt_init) refers to main.o(i.gatt_evt_handler) for gatt_evt_handler
    main.o(i.gatt_init) refers to main.o(.bss) for .bss
    main.o(i.main) refers to nrf_log_frontend.o(i.nrf_log_init) for nrf_log_init
    main.o(i.main) refers to app_error_handler_keil.o(.emb_text) for app_error_handler
    main.o(i.main) refers to nrf_log_default_backends.o(i.nrf_log_default_backends_init) for nrf_log_default_backends_init
    main.o(i.main) refers to board_camera.o(i.hm01b0_init) for hm01b0_init
    main.o(i.main) refers to nrf_log_frontend.o(i.nrf_log_frontend_std_0) for nrf_log_frontend_std_0
    main.o(i.main) refers to app_timer2.o(i.app_timer_init) for app_timer_init
    main.o(i.main) refers to nrf_pwr_mgmt.o(i.nrf_pwr_mgmt_init) for nrf_pwr_mgmt_init
    main.o(i.main) refers to main.o(i.ble_stack_init) for ble_stack_init
    main.o(i.main) refers to main.o(i.conn_evt_len_ext_set) for conn_evt_len_ext_set
    main.o(i.main) refers to main.o(i.gap_params_init) for gap_params_init
[...]
    __aeabi_memclr4                          0x000264bb   Thumb Code     0  memseta.o(.text)
    __aeabi_memclr8                          0x000264bb   Thumb Code     0  memseta.o(.text)
    _memset$wrapper                          0x000264bf   Thumb Code    18  memseta.o(.text)
    strlen                                   0x000264d1   Thumb Code    14  strlen.o(.text)
    strcpy                                   0x000264df   Thumb Code    18  strcpy.o(.text)
    __aeabi_llsr                             0x000264f1   Thumb Code    32  llushr.o(.text)
    _ll_ushift_r                             0x000264f1   Thumb Code     0  llushr.o(.text)
    __scatterload                            0x00026511   Thumb Code    28  init.o(.text)
    __scatterload_rt2                        0x00026511   Thumb Code     0  init.o(.text)
    __decompress                             0x00026535   Thumb Code     0  __dczerorl2.o(.text)
    __decompress1                            0x00026535   Thumb Code    86  __dczerorl2.o(.text)
    GPIOTE_IRQHandler                        0x0002658d   Thumb Code   154  nrfx_gpiote.o(i.GPIOTE_IRQHandler)
    POWER_CLOCK_IRQHandler                   0x00026631   Thumb Code    82  nrfx_clock.o(i.POWER_CLOCK_IRQHandler)
    PWM0_IRQHandler                          0x00026689   Thumb Code     8  nrfx_pwm.o(i.PWM0_IRQHandler)
    RTC1_IRQHandler                          0x00026699   Thumb Code    12  drv_rtc.o(i.RTC1_IRQHandler)
    SEGGER_RTT_Init                          0x000266a9   Thumb Code     4  segger_rtt.o(i.SEGGER_RTT_Init)
    SEGGER_RTT_WriteNoLock                   0x000266ad   Thumb Code    86  segger_rtt.o(i.SEGGER_RTT_WriteNoLock)
    SPIM0_SPIS0_TWIM0_TWIS0_SPI0_TWI0_IRQHandler 0x00026709   Thumb Code     8  nrfx_twim.o(i.SPIM0_SPIS0_TWIM0_TWIS0_SPI0_TWI0_IRQHandler)
    SPIM1_SPIS1_TWIM1_TWIS1_SPI1_TWI1_IRQHandler 0x00026719   Thumb Code    10  nrfx_spis.o(i.SPIM1_SPIS1_TWIM1_TWIS1_SPI1_TWI1_IRQHandler)
    SPIM2_SPIS2_SPI2_IRQHandler              0x00026729   Thumb Code     8  nrfx_spim.o(i.SPIM2_SPIS2_SPI2_IRQHandler)
    SWI2_EGU2_IRQHandler                     0x00026739   Thumb Code     4  nrf_sdh.o(i.SWI2_EGU2_IRQHandler)
    SystemInit                               0x0002673d   Thumb Code   684  system_nrf52.o(i.SystemInit)
    TIMER1_IRQHandler                        0x00026a29   Thumb Code    70  nrfx_timer.o(i.TIMER1_IRQHandler)
    UARTE0_UART0_IRQHandler                  0x00026a79   Thumb Code    24  nrfx_prs.o(i.UARTE0_UART0_IRQHandler)
    __scatterload_copy                       0x00026c29   Thumb Code    14  handlers.o(i.__scatterload_copy)
    __scatterload_null                       0x00026c37   Thumb Code     2  handlers.o(i.__scatterload_null)
    __scatterload_zeroinit                   0x00026c39   Thumb Code    14  handlers.o(i.__scatterload_zeroinit)
    app_error_fault_handler                  0x00026d21   Thumb Code   162  app_error_weak.o(i.app_error_fault_handler)
    app_error_save_and_stop                  0x00026e85   Thumb Code    96  app_error.o(i.app_error_save_and_stop)
    app_timer_cnt_get                        0x00026ee9   Thumb Code     6  app_timer2.o(i.app_timer_cnt_get)
    app_timer_create                         0x00026ef5   Thumb Code    64  app_timer2.o(i.app_timer_create)
    app_timer_init                           0x00026f71   Thumb Code    70  app_timer2.o(i.app_timer_init)
    app_timer_start                          0x00026fcd   Thumb Code    96  app_timer2.o(i.app_timer_start)
    app_timer_stop                           0x00027069   Thumb Code    80  app_timer2.o(i.app_timer_stop)
    app_util_critical_region_enter           0x000270f5   Thumb Code    78  app_util_platform.o(i.app_util_critical_region_enter)
    app_util_critical_region_exit            0x0002718d   Thumb Code    66  app_util_platform.o(i.app_util_critical_region_exit)
    assert_nrf_callback                      0x00027221   Thumb Code    10  main.o(i.assert_nrf_callback)
    blcm_link_ctx_get                        0x00027231   Thumb Code    72  ble_link_ctx_manager.o(i.blcm_link_ctx_get)
    ble_advdata_encode                       0x00027279   Thumb Code   386  ble_advdata.o(i.ble_advdata_encode)
    ble_advdata_parse                        0x000273fb   Thumb Code    32  ble_advdata.o(i.ble_advdata_parse)
    ble_advdata_search                       0x0002741b   Thumb Code    70  ble_advdata.o(i.ble_advdata_search)
    ble_advertising_conn_cfg_tag_set         0x00027461   Thumb Code     6  ble_advertising.o(i.ble_advertising_conn_cfg_tag_set)
    ble_advertising_init                     0x00027467   Thumb Code   248  ble_advertising.o(i.ble_advertising_init)
    ble_advertising_on_ble_evt               0x0002755f   Thumb Code   106  ble_advertising.o(i.ble_advertising_on_ble_evt)
    ble_advertising_start                    0x000275c9   Thumb Code   560  ble_advertising.o(i.ble_advertising_start)
    ble_conn_params_init                     0x000277f9   Thumb Code    90  ble_conn_params.o(i.ble_conn_params_init)
    ble_conn_state_conn_idx                  0x00027861   Thumb Code    18  ble_conn_state.o(i.ble_conn_state_conn_idx)
    ble_conn_state_valid                     0x00027875   Thumb Code    16  ble_conn_state.o(i.ble_conn_state_valid)
    ble_nus_init                             0x00027d31   Thumb Code   206  ble_nus.o(i.ble_nus_init)
    ble_nus_on_ble_evt                       0x00027e05   Thumb Code   118  ble_nus.o(i.ble_nus_on_ble_evt)
    ble_send_data                            0x00027e7d   Thumb Code    96  main.o(i.ble_send_data)
    ble_srv_is_notification_enabled          0x00027ee5   Thumb Code     8  ble_srv_common.o(i.ble_srv_is_notification_enabled)
    bsp_board_button_idx_to_pin              0x00027f4d   Thumb Code    22  boards.o(i.bsp_board_button_idx_to_pin)
    bsp_board_led_invert                     0x00027f99   Thumb Code    54  boards.o(i.bsp_board_led_invert)
    bsp_board_led_off                        0x00028005   Thumb Code    30  boards.o(i.bsp_board_led_off)
    bsp_board_led_on                         0x00028059   Thumb Code    30  boards.o(i.bsp_board_led_on)
    bsp_board_led_state_get                  0x000280ad   Thumb Code    50  boards.o(i.bsp_board_led_state_get)
    bsp_board_leds_off                       0x00028115   Thumb Code    18  boards.o(i.bsp_board_leds_off)
    bsp_board_leds_on                        0x00028127   Thumb Code    18  boards.o(i.bsp_board_leds_on)
    bsp_board_pin_to_button_idx              0x00028139   Thumb Code    30  boards.o(i.bsp_board_pin_to_button_idx)
    bsp_btn_ble_sleep_mode_prepare           0x0002815d   Thumb Code    30  bsp_btn_ble.o(i.bsp_btn_ble_sleep_mode_prepare)
    bsp_event_to_button_action_assign        0x0002820d   Thumb Code    64  bsp.o(i.bsp_event_to_button_action_assign)
    bsp_indication_set                       0x00028251   Thumb Code    20  bsp.o(i.bsp_indication_set)
    bsp_wakeup_button_enable                 0x00028431   Thumb Code     6  bsp.o(i.bsp_wakeup_button_enable)
    buffer_is_empty                          0x000284fd   Thumb Code    18  nrf_log_frontend.o(i.buffer_is_empty)
    characteristic_add                       0x00028589   Thumb Code   400  ble_srv_common.o(i.characteristic_add)
    conn_evt_len_ext_set                     0x00028775   Thumb Code    34  main.o(i.conn_evt_len_ext_set)
    conn_handle_list_get                     0x000287a9   Thumb Code    62  ble_conn_state.o(i.conn_handle_list_get)
    drv_rtc_compare_disable                  0x000289a5   Thumb Code    12  drv_rtc.o(i.drv_rtc_compare_disable)
    drv_rtc_compare_get                      0x000289b1   Thumb Code    14  drv_rtc.o(i.drv_rtc_compare_get)
    drv_rtc_compare_pending                  0x000289bf   Thumb Code    14  drv_rtc.o(i.drv_rtc_compare_pending)
    drv_rtc_compare_set                      0x000289cd   Thumb Code    92  drv_rtc.o(i.drv_rtc_compare_set)
    drv_rtc_counter_get                      0x00028a61   Thumb Code     8  drv_rtc.o(i.drv_rtc_counter_get)
    drv_rtc_init                             0x00028a69   Thumb Code   232  drv_rtc.o(i.drv_rtc_init)
    drv_rtc_irq_trigger                      0x00028c2d   Thumb Code    30  drv_rtc.o(i.drv_rtc_irq_trigger)
    drv_rtc_overflow_enable                  0x00028c4b   Thumb Code     8  drv_rtc.o(i.drv_rtc_overflow_enable)
    drv_rtc_overflow_pending                 0x00028c53   Thumb Code     8  drv_rtc.o(i.drv_rtc_overflow_pending)
    drv_rtc_start                            0x00028c5d   Thumb Code    22  drv_rtc.o(i.drv_rtc_start)
    drv_rtc_stop                             0x00028cad   Thumb Code    22  drv_rtc.o(i.drv_rtc_stop)
    drv_rtc_windowed_compare_set             0x00028cfd   Thumb Code   230  drv_rtc.o(i.drv_rtc_windowed_compare_set)
    gatt_evt_handler                         0x00028f91   Thumb Code    56  main.o(i.gatt_evt_handler)
    gatt_init                                0x00028ff1   Thumb Code    50  main.o(i.gatt_init)
    hm01b0_cmd_update                        0x00029071   Thumb Code    10  board_camera.o(i.hm01b0_cmd_update)
    hm01b0_get_ae                            0x0002907b   Thumb Code   146  board_camera.o(i.hm01b0_get_ae)
    hm01b0_get_mode                          0x0002910d   Thumb Code    38  board_camera.o(i.hm01b0_get_mode)
    hm01b0_init                              0x00029139   Thumb Code    24  board_camera.o(i.hm01b0_init)
    hm01b0_init_regs                         0x00029155   Thumb Code    66  board_camera.o(i.hm01b0_init_regs)
    hm01b0_inputpin_handler                  0x000291cd   Thumb Code    12  board_camera.o(i.hm01b0_inputpin_handler)
    hm01b0_pin_init                          0x000291dd   Thumb Code   252  board_camera.o(i.hm01b0_pin_init)
    hm01b0_read_reg                          0x000292f9   Thumb Code    58  board_camera.o(i.hm01b0_read_reg)
    hm01b0_set_mode                          0x00029339   Thumb Code    38  board_camera.o(i.hm01b0_set_mode)
    hm01b0_spi_init                          0x00029361   Thumb Code    64  board_camera.o(i.hm01b0_spi_init)
    hm01b0_spiread_oneframe_decimated        0x000293b9   Thumb Code   110  board_camera.o(i.hm01b0_spiread_oneframe_decimated)
    hm01b0_twi_init                          0x00029435   Thumb Code    44  board_camera.o(i.hm01b0_twi_init)
    hm01b0_write_reg                         0x00029475   Thumb Code    42  board_camera.o(i.hm01b0_write_reg)
    log_pending_hook                         0x0002977d   Thumb Code     2  nrf_log_frontend.o(i.log_pending_hook)
    main                                     0x00029835   Thumb Code   448  main.o(i.main)
    nrf_atfifo_init                          0x00029cdb   Thumb Code    38  nrf_atfifo.o(i.nrf_atfifo_init)
    nrf_atfifo_item_alloc                    0x00029d01   Thumb Code    22  nrf_atfifo.o(i.nrf_atfifo_item_alloc)
    nrf_atfifo_item_free                     0x00029d17   Thumb Code    22  nrf_atfifo.o(i.nrf_atfifo_item_free)
    nrf_atfifo_item_get                      0x00029d2d   Thumb Code    22  nrf_atfifo.o(i.nrf_atfifo_item_get)
    nrf_atfifo_item_put                      0x00029d43   Thumb Code    22  nrf_atfifo.o(i.nrf_atfifo_item_put)
    nrf_atflags_clear                        0x00029d59   Thumb Code    22  nrf_atflags.o(i.nrf_atflags_clear)
    nrf_atflags_get                          0x00029d6f   Thumb Code    22  nrf_atflags.o(i.nrf_atflags_get)
    nrf_atflags_set                          0x00029d85   Thumb Code    20  nrf_atflags.o(i.nrf_atflags_set)
    nrf_atomic_flag_clear_fetch              0x00029d99   Thumb Code     6  nrf_atomic.o(i.nrf_atomic_flag_clear_fetch)
    nrf_atomic_flag_set                      0x00029d9f   Thumb Code     6  nrf_atomic.o(i.nrf_atomic_flag_set)
    nrf_atomic_u32_add                       0x00029da5   Thumb Code    12  nrf_atomic.o(i.nrf_atomic_u32_add)
    nrf_atomic_u32_and                       0x00029db1   Thumb Code    12  nrf_atomic.o(i.nrf_atomic_u32_and)
    nrf_atomic_u32_fetch_and                 0x00029dbd   Thumb Code    10  nrf_atomic.o(i.nrf_atomic_u32_fetch_and)
    nrf_atomic_u32_fetch_store               0x00029dc7   Thumb Code    10  nrf_atomic.o(i.nrf_atomic_u32_fetch_store)
    nrf_atomic_u32_or                        0x00029dd1   Thumb Code    12  nrf_atomic.o(i.nrf_atomic_u32_or)
    nrf_atomic_u32_sub                       0x00029ddd   Thumb Code    12  nrf_atomic.o(i.nrf_atomic_u32_sub)
    nrf_balloc_alloc                         0x00029de9   Thumb Code    92  nrf_balloc.o(i.nrf_balloc_alloc)
    nrf_balloc_free                          0x00029ebd   Thumb Code    82  nrf_balloc.o(i.nrf_balloc_free)
    nrf_balloc_init                          0x00029f51   Thumb Code   118  nrf_balloc.o(i.nrf_balloc_init)
    nrf_ble_gatt_att_mtu_periph_set          0x0002a015   Thumb Code    24  nrf_ble_gatt.o(i.nrf_ble_gatt_att_mtu_periph_set)
    nrf_ble_gatt_init                        0x0002a02d   Thumb Code    34  nrf_ble_gatt.o(i.nrf_ble_gatt_init)
    nrf_ble_gatt_on_ble_evt                  0x0002a051   Thumb Code   270  nrf_ble_gatt.o(i.nrf_ble_gatt_on_ble_evt)
    nrf_ble_qwr_conn_handle_assign           0x0002a1a1   Thumb Code    22  nrf_ble_qwr.o(i.nrf_ble_qwr_conn_handle_assign)
    nrf_ble_qwr_init                         0x0002a1b7   Thumb Code    36  nrf_ble_qwr.o(i.nrf_ble_qwr_init)
    nrf_ble_qwr_on_ble_evt                   0x0002a1db   Thumb Code   182  nrf_ble_qwr.o(i.nrf_ble_qwr_on_ble_evt)
    nrf_drv_clock_init                       0x0002a2b1   Thumb Code    56  nrf_drv_clock.o(i.nrf_drv_clock_init)
    nrf_drv_clock_lfclk_release              0x0002a2f1   Thumb Code    90  nrf_drv_clock.o(i.nrf_drv_clock_lfclk_release)
    nrf_drv_ppi_init                         0x0002a3c9   Thumb Code    18  nrf_drv_ppi.o(i.nrf_drv_ppi_init)
    nrf_drv_spis_init                        0x0002a3e1   Thumb Code    18  nrf_drv_spis.o(i.nrf_drv_spis_init)
    nrf_drv_twi_init                         0x0002a3fd   Thumb Code    56  nrf_drv_twi.o(i.nrf_drv_twi_init)
    nrf_fprintf                              0x0002a44d   Thumb Code    76  nrf_fprintf.o(i.nrf_fprintf)
    nrf_fprintf_buffer_flush                 0x0002a4cd   Thumb Code    34  nrf_fprintf.o(i.nrf_fprintf_buffer_flush)
    nrf_fprintf_fmt                          0x0002a525   Thumb Code   538  nrf_fprintf_format.o(i.nrf_fprintf_fmt)
    nrf_log_backend_add                      0x0002abbd   Thumb Code    86  nrf_log_frontend.o(i.nrf_log_backend_add)
    nrf_log_backend_rtt_init                 0x0002ac1b   Thumb Code     4  nrf_log_backend_rtt.o(i.nrf_log_backend_rtt_init)
    nrf_log_backend_serial_put               0x0002ac39   Thumb Code   200  nrf_log_backend_serial.o(i.nrf_log_backend_serial_put)
    nrf_log_color_id_get                     0x0002ad01   Thumb Code    42  nrf_log_frontend.o(i.nrf_log_color_id_get)
    nrf_log_default_backends_init            0x0002ad31   Thumb Code    36  nrf_log_default_backends.o(i.nrf_log_default_backends_init)
    nrf_log_frontend_dequeue                 0x0002ad5d   Thumb Code   528  nrf_log_frontend.o(i.nrf_log_frontend_dequeue)
    nrf_log_frontend_std_0                   0x0002af95   Thumb Code     8  nrf_log_frontend.o(i.nrf_log_frontend_std_0)
    nrf_log_frontend_std_1                   0x0002af9d   Thumb Code    14  nrf_log_frontend.o(i.nrf_log_frontend_std_1)
    nrf_log_frontend_std_2                   0x0002afab   Thumb Code    16  nrf_log_frontend.o(i.nrf_log_frontend_std_2)
    nrf_log_frontend_std_5                   0x0002afbb   Thumb Code    28  nrf_log_frontend.o(i.nrf_log_frontend_std_5)
    nrf_log_hexdump_entry_process            0x0002afd9   Thumb Code   150  nrf_log_str_formatter.o(i.nrf_log_hexdump_entry_process)
    nrf_log_init                             0x0002b089   Thumb Code    28  nrf_log_frontend.o(i.nrf_log_init)
    nrf_log_module_cnt_get                   0x0002b0b1   Thumb Code    10  nrf_log_frontend.o(i.nrf_log_module_cnt_get)
    nrf_log_module_name_get                  0x0002b0c5   Thumb Code    24  nrf_log_frontend.o(i.nrf_log_module_name_get)
    nrf_log_panic                            0x0002b0e1   Thumb Code    36  nrf_log_frontend.o(i.nrf_log_panic)
    nrf_log_std_entry_process                0x0002b109   Thumb Code   182  nrf_log_str_formatter.o(i.nrf_log_std_entry_process)
    nrf_memobj_alloc                         0x0002b1bf   Thumb Code    96  nrf_memobj.o(i.nrf_memobj_alloc)
    nrf_memobj_free                          0x0002b21f   Thumb Code    50  nrf_memobj.o(i.nrf_memobj_free)
    nrf_memobj_get                           0x0002b251   Thumb Code     8  nrf_memobj.o(i.nrf_memobj_get)
    nrf_memobj_pool_init                     0x0002b259   Thumb Code     4  nrf_memobj.o(i.nrf_memobj_pool_init)
    nrf_memobj_put                           0x0002b25d   Thumb Code    30  nrf_memobj.o(i.nrf_memobj_put)
    nrf_memobj_read                          0x0002b27d   Thumb Code    34  nrf_memobj.o(i.nrf_memobj_read)
    nrf_memobj_write                         0x0002b2dd   Thumb Code    32  nrf_memobj.o(i.nrf_memobj_write)
    nrf_pwr_mgmt_init                        0x0002b351   Thumb Code    28  nrf_pwr_mgmt.o(i.nrf_pwr_mgmt_init)
    nrf_pwr_mgmt_run                         0x0002b379   Thumb Code    96  nrf_pwr_mgmt.o(i.nrf_pwr_mgmt_run)
    nrf_ringbuf_init                         0x0002b435   Thumb Code    28  nrf_ringbuf.o(i.nrf_ringbuf_init)
    nrf_sdh_ble_app_ram_start_get            0x0002b45d   Thumb Code    16  nrf_sdh_ble.o(i.nrf_sdh_ble_app_ram_start_get)
    nrf_sdh_ble_default_cfg_set              0x0002b471   Thumb Code   272  nrf_sdh_ble.o(i.nrf_sdh_ble_default_cfg_set)
    nrf_sdh_ble_enable                       0x0002b5a1   Thumb Code   116  nrf_sdh_ble.o(i.nrf_sdh_ble_enable)
    nrf_sdh_enable_request                   0x0002b781   Thumb Code   102  nrf_sdh.o(i.nrf_sdh_enable_request)
    nrf_sdh_evts_poll                        0x0002b7f5   Thumb Code    42  nrf_sdh.o(i.nrf_sdh_evts_poll)
    nrf_sdh_is_enabled                       0x0002b825   Thumb Code     6  nrf_sdh.o(i.nrf_sdh_is_enabled)
    nrf_section_iter_init                    0x0002b905   Thumb Code    42  nrf_section_iter.o(i.nrf_section_iter_init)
    nrf_section_iter_next                    0x0002b981   Thumb Code    78  nrf_section_iter.o(i.nrf_section_iter_next)
    nrf_sortlist_add                         0x0002b9d5   Thumb Code    54  nrf_sortlist.o(i.nrf_sortlist_add)
    nrf_sortlist_peek                        0x0002ba4d   Thumb Code    20  nrf_sortlist.o(i.nrf_sortlist_peek)
    nrf_sortlist_pop                         0x0002baa1   Thumb Code    28  nrf_sortlist.o(i.nrf_sortlist_pop)
    nrf_sortlist_remove                      0x0002bafd   Thumb Code    56  nrf_sortlist.o(i.nrf_sortlist_remove)
    nrf_strerror_find                        0x0002bb95   Thumb Code    52  nrf_strerror.o(i.nrf_strerror_find)
    nrf_strerror_get                         0x0002bbcd   Thumb Code    14  nrf_strerror.o(i.nrf_strerror_get)
    nrfx_clock_enable                        0x0002bc15   Thumb Code    28  nrfx_clock.o(i.nrfx_clock_enable)
    nrfx_clock_init                          0x0002bc71   Thumb Code    38  nrfx_clock.o(i.nrfx_clock_init)
    nrfx_clock_lfclk_stop                    0x0002bcd5   Thumb Code    52  nrfx_clock.o(i.nrfx_clock_lfclk_stop)
    nrfx_gpiote_in_event_enable              0x0002bd6d   Thumb Code   180  nrfx_gpiote.o(i.nrfx_gpiote_in_event_enable)
    nrfx_gpiote_in_init                      0x0002be65   Thumb Code   202  nrfx_gpiote.o(i.nrfx_gpiote_in_init)
    nrfx_gpiote_init                         0x0002bf79   Thumb Code   102  nrfx_gpiote.o(i.nrfx_gpiote_init)
    nrfx_gpiote_out_init                     0x0002bfed   Thumb Code   210  nrfx_gpiote.o(i.nrfx_gpiote_out_init)
    nrfx_gpiote_out_task_addr_get            0x0002c109   Thumb Code    12  nrfx_gpiote.o(i.nrfx_gpiote_out_task_addr_get)
    nrfx_gpiote_out_task_enable              0x0002c119   Thumb Code    84  nrfx_gpiote.o(i.nrfx_gpiote_out_task_enable)
    nrfx_gpiote_out_task_get                 0x0002c1b1   Thumb Code    50  nrfx_gpiote.o(i.nrfx_gpiote_out_task_get)
    nrfx_ppi_channel_alloc                   0x0002c261   Thumb Code   100  nrfx_ppi.o(i.nrfx_ppi_channel_alloc)
    nrfx_ppi_channel_assign                  0x0002c2cd   Thumb Code    62  nrfx_ppi.o(i.nrfx_ppi_channel_assign)
    nrfx_ppi_channel_enable                  0x0002c311   Thumb Code    48  nrfx_ppi.o(i.nrfx_ppi_channel_enable)
    nrfx_prs_acquire                         0x0002c345   Thumb Code    72  nrfx_prs.o(i.nrfx_prs_acquire)
    nrfx_spis_buffers_set                    0x0002c3c9   Thumb Code   156  nrfx_spis.o(i.nrfx_spis_buffers_set)
    nrfx_spis_init                           0x0002c4a1   Thumb Code   432  nrfx_spis.o(i.nrfx_spis_init)
    nrfx_timer_compare                       0x0002c6c1   Thumb Code    58  nrfx_timer.o(i.nrfx_timer_compare)
    nrfx_timer_enable                        0x0002c6fd   Thumb Code    52  nrfx_timer.o(i.nrfx_timer_enable)
    nrfx_timer_extended_compare              0x0002c76d   Thumb Code    42  nrfx_timer.o(i.nrfx_timer_extended_compare)
    nrfx_timer_init                          0x0002c799   Thumb Code   370  nrfx_timer.o(i.nrfx_timer_init)
    nrfx_twim_enable                         0x0002c98d   Thumb Code    54  nrfx_twim.o(i.nrfx_twim_enable)
    nrfx_twim_init                           0x0002ca01   Thumb Code   266  nrfx_twim.o(i.nrfx_twim_init)
    nrfx_twim_rx                             0x0002cb7d   Thumb Code    44  nrfx_twim.o(i.nrfx_twim_rx)
    nrfx_twim_tx                             0x0002cbad   Thumb Code    54  nrfx_twim.o(i.nrfx_twim_tx)
    nrfx_twim_xfer                           0x0002cbe5   Thumb Code   110  nrfx_twim.o(i.nrfx_twim_xfer)
    nvmc_config                              0x0002cc95   Thumb Code    14  system_nrf52.o(i.nvmc_config)
    privilege_level_get                      0x0002d20d   Thumb Code    26  app_util_platform.o(i.privilege_level_get)
    spis_event_handler                       0x0002d6cd   Thumb Code    12  board_camera.o(i.spis_event_handler)
    nrf_log_backend_rtt_api                  0x0002e618   Data          12  nrf_log_backend_rtt.o(.constdata)
    m_ram_start                              0x0002e6bc   Data           4  nrf_sdh_ble.o(.constdata)
    __ctype_table                            0x0002e6e8   Data         129  ctype_o.o(.constdata)
    Region$$Table$$Base                      0x0002f040   Number         0  anon$$obj.o(Region$$Table)
    Region$$Table$$Limit                     0x0002f060   Number         0  anon$$obj.o(Region$$Table)
    log_const_data$$Base                     0x0002f070   Number         0  nrf_ble_gatt.o(log_const_data)
    m_nrf_log_nrf_ble_gatt_logs_data_const   0x0002f070   Data           8  nrf_ble_gatt.o(log_const_data)
    m_nrf_log_ble_nus_logs_data_const        0x0002f078   Data           8  ble_nus.o(log_const_data)
    m_nrf_log_clock_logs_data_const          0x0002f080   Data           8  nrf_drv_clock.o(log_const_data)
    m_nrf_log_CLOCK_logs_data_const          0x0002f088   Data           8  nrfx_clock.o(log_const_data)
    m_nrf_log_GPIOTE_logs_data_const         0x0002f090   Data           8  nrfx_gpiote.o(log_const_data)
    m_nrf_log_PRS_logs_data_const            0x0002f098   Data           8  nrfx_prs.o(log_const_data)
    m_nrf_log_UART_logs_data_const           0x0002f0a0   Data           8  nrfx_uart.o(log_const_data)
    m_nrf_log_UARTE_logs_data_const          0x0002f0a8   Data           8  nrfx_uarte.o(log_const_data)
    m_nrf_log_SPIM_logs_data_const           0x0002f0b0   Data           8  nrfx_spim.o(log_const_data)
    m_nrf_log_TWIM_logs_data_const           0x0002f0b8   Data           8  nrfx_twim.o(log_const_data)
    m_nrf_log_SPIS_logs_data_const           0x0002f0c0   Data           8  nrfx_spis.o(log_const_data)
    m_nrf_log_PWM_logs_data_const            0x0002f0c8   Data           8  nrfx_pwm.o(log_const_data)
    m_nrf_log_PPI_logs_data_const            0x0002f0d0   Data           8  nrfx_ppi.o(log_const_data)
    m_nrf_log_TIMER_logs_data_const          0x0002f0d8   Data           8  nrfx_timer.o(log_const_data)
    m_nrf_log_app_button_logs_data_const     0x0002f0e0   Data           8  app_button.o(log_const_data)
    m_nrf_log_app_timer_logs_data_const      0x0002f0e8   Data           8  app_timer2.o(log_const_data)
    m_nrf_log_pwr_mgmt_logs_data_const       0x0002f0f0   Data           8  nrf_pwr_mgmt.o(log_const_data)
    m_nrf_log_sortlist_logs_data_const       0x0002f0f8   Data           8  nrf_sortlist.o(log_const_data)
    m_nrf_log_app_logs_data_const            0x0002f100   Data           8  nrf_log_frontend.o(log_const_data)
    m_nrf_log_nrf_sdh_logs_data_const        0x0002f108   Data           8  nrf_sdh.o(log_const_data)
    m_nrf_log_nrf_sdh_ble_logs_data_const    0x0002f110   Data           8  nrf_sdh_ble.o(log_const_data)
    m_nrf_log_nrf_sdh_soc_logs_data_const    0x0002f118   Data           8  nrf_sdh_soc.o(log_const_data)
    log_const_data$$Limit                    0x0002f120   Number         0  nrf_sdh_soc.o(log_const_data)
    log_mempool                              0x0002f120   Data          20  nrf_log_frontend.o(nrf_balloc)
    sdh_ble_observers0$$Base                 0x0002f134   Number         0  ble_conn_state.o(sdh_ble_observers0)
    sdh_ble_observers0$$Limit                0x0002f13c   Number         0  ble_conn_state.o(sdh_ble_observers0)
    sdh_ble_observers1$$Base                 0x0002f13c   Number         0  main.o(sdh_ble_observers1)
    sdh_ble_observers1$$Limit                0x0002f15c   Number         0  ble_conn_params.o(sdh_ble_observers1)
    sdh_ble_observers2$$Base                 0x0002f15c   Number         0  main.o(sdh_ble_observers2)
    sdh_ble_observers2$$Limit                0x0002f16c   Number         0  main.o(sdh_ble_observers2)
    sdh_ble_observers3$$Base                 0x0002f16c   Number         0  main.o(sdh_ble_observers3)
    sdh_ble_observers3$$Limit                0x0002f174   Number         0  main.o(sdh_ble_observers3)
    sdh_soc_observers0$$Base                 0x0002f174   Number         0  nrf_drv_clock.o(sdh_soc_observers0)
    sdh_soc_observers0$$Limit                0x0002f17c   Number         0  nrf_drv_clock.o(sdh_soc_observers0)
    sdh_stack_observers0$$Base               0x0002f17c   Number         0  nrf_sdh_ble.o(sdh_stack_observers0)
    sdh_stack_observers0$$Limit              0x0002f18c   Number         0  nrf_sdh_soc.o(sdh_stack_observers0)
    sdh_state_observers0$$Base               0x0002f18c   Number         0  nrf_drv_clock.o(sdh_state_observers0)
    sdh_state_observers0$$Limit              0x0002f194   Number         0  nrf_drv_clock.o(sdh_state_observers0)
    Image$$RW_IRAM1$$Base                    0x200031c8   Number         0  anon$$obj.o ABSOLUTE
    hm01b0_324x244                           0x20003214   Data         332  board_camera.o(.data)
    SystemCoreClock                          0x200034bc   Data           4  system_nrf52.o(.data)
    Frame_Buffer                             0x20003c08   Data        4813  main.o(.bss)
    nrf_nvic_state                           0x20005278   Data          12  app_util_platform.o(.bss)
    _SEGGER_RTT                              0x20005848   Data         120  segger_rtt.o(.bss)
    __initial_sp                             0x20007cd0   Data           0  arm_startup_nrf52.o(STACK)



==============================================================================

Memory Map of the image

  Image Entry point : 0x00026201

  Load Region LR_IROM1 (Base: 0x00026000, Size: 0x0000948c, Max: 0x0005a000, ABSOLUTE, COMPRESSED[0x00009320])

    Execution Region ER_IROM1 (Exec base: 0x00026000, Load base: 0x00026000, Size: 0x00009194, Max: 0x0005a000, ABSOLUTE)

    Exec Addr    Load Addr    Size         Type   Attr      Idx    E Section Name        Object

    0x00026000   0x00026000   0x00000200   Data   RO         6625    RESET               arm_startup_nrf52.o
    0x00026200   0x00026200   0x00000000   Code   RO         6703  * .ARM.Collect$$$$00000000  mc_w.l(entry.o)
    0x00026200   0x00026200   0x00000004   Code   RO         7010    .ARM.Collect$$$$00000001  mc_w.l(entry2.o)
    0x00026204   0x00026204   0x00000004   Code   RO         7013    .ARM.Collect$$$$00000004  mc_w.l(entry5.o)
    0x00026208   0x00026208   0x00000000   Code   RO         7015    .ARM.Collect$$$$00000008  mc_w.l(entry7b.o)
    0x00026208   0x00026208   0x00000000   Code   RO         7017    .ARM.Collect$$$$0000000A  mc_w.l(entry8b.o)
    0x00026208   0x00026208   0x00000008   Code   RO         7018    .ARM.Collect$$$$0000000B  mc_w.l(entry9a.o)
    0x00026210   0x00026210   0x00000000   Code   RO         7020    .ARM.Collect$$$$0000000D  mc_w.l(entry10a.o)
    0x00026210   0x00026210   0x00000000   Code   RO         7022    .ARM.Collect$$$$0000000F  mc_w.l(entry11a.o)
    0x00026210   0x00026210   0x00000004   Code   RO         7011    .ARM.Collect$$$$00002712  mc_w.l(entry2.o)
    0x00026214   0x00026214   0x0000001a   Code   RO         4289    .emb_text           app_error_handler_keil.o
    0x0002622e   0x0002622e   0x00000002   PAD
    0x00026230   0x00026230   0x000000c8   Code   RO         4978    .emb_text           nrf_atfifo.o
    0x000262f8   0x000262f8   0x000000e2   Code   RO         5114    .emb_text           nrf_atomic.o
    0x000263da   0x000263da   0x00000002   PAD
    0x000263dc   0x000263dc   0x00000024   Code   RO         6626    .text               arm_startup_nrf52.o
    0x00026400   0x00026400   0x00000062   Code   RO         6706    .text               mc_w.l(uldiv.o)
    0x00026462   0x00026462   0x0000001e   Code   RO         6708    .text               mc_w.l(llshl.o)
    0x00026480   0x00026480   0x00000008   Code   RO         6710    .text               mc_w.l(ctype_o.o)
    0x00026488   0x00026488   0x00000024   Code   RO         6738    .text               mc_w.l(memcpya.o)
    0x000264ac   0x000264ac   0x00000024   Code   RO         6740    .text               mc_w.l(memseta.o)
    0x000264d0   0x000264d0   0x0000000e   Code   RO         6742    .text               mc_w.l(strlen.o)
    0x000264de   0x000264de   0x00000012   Code   RO         6746    .text               mc_w.l(strcpy.o)
    0x000264f0   0x000264f0   0x00000020   Code   RO         7026    .text               mc_w.l(llushr.o)
    0x00026510   0x00026510   0x00000024   Code   RO         7039    .text               mc_w.l(init.o)
    0x00026534   0x00026534   0x00000056   Code   RO         7053    .text               mc_w.l(__dczerorl2.o)
    0x0002658a   0x0002658a   0x00000002   PAD
    0x0002658c   0x0002658c   0x000000a4   Code   RO         2390    i.GPIOTE_IRQHandler  nrfx_gpiote.o
    0x00026630   0x00026630   0x00000058   Code   RO         2246    i.POWER_CLOCK_IRQHandler  nrfx_clock.o
    0x00026688   0x00026688   0x00000010   Code   RO         3715    i.PWM0_IRQHandler   nrfx_pwm.o
    0x00026698   0x00026698   0x00000010   Code   RO         4762    i.RTC1_IRQHandler   drv_rtc.o
    0x000266a8   0x000266a8   0x00000004   Code   RO         6150    i.SEGGER_RTT_Init   segger_rtt.o
    0x000266ac   0x000266ac   0x0000005c   Code   RO         6164    i.SEGGER_RTT_WriteNoLock  segger_rtt.o
    0x00026708   0x00026708   0x00000010   Code   RO         3419    i.SPIM0_SPIS0_TWIM0_TWIS0_SPI0_TWI0_IRQHandler  nrfx_twim.o
    0x00026718   0x00026718   0x00000010   Code   RO         3577    i.SPIM1_SPIS1_TWIM1_TWIS1_SPI1_TWI1_IRQHandler  nrfx_spis.o
    0x00026728   0x00026728   0x00000010   Code   RO         3208    i.SPIM2_SPIS2_SPI2_IRQHandler  nrfx_spim.o
    0x00026738   0x00026738   0x00000004   Code   RO         6401    i.SWI2_EGU2_IRQHandler  nrf_sdh.o
    0x0002673c   0x0002673c   0x000002ec   Code   RO         6634    i.SystemInit        system_nrf52.o
    0x00026a28   0x00026a28   0x00000050   Code   RO         3991    i.TIMER1_IRQHandler  nrfx_timer.o
    0x00026a78   0x00026a78   0x00000058   Code   RO         2728    i.UARTE0_UART0_IRQHandler  nrfx_prs.o
    0x00026ad0   0x00026ad0   0x00000068   Code   RO         6168    i._DoInit           segger_rtt.o
    0x00026b38   0x00026b38   0x00000016   Code   RO         6169    i._GetAvailWriteSpace  segger_rtt.o
    0x00026b4e   0x00026b4e   0x0000001a   Code   RO         3420    i._NRFX_IRQ_PENDING_CLEAR  nrfx_twim.o
    0x00026b68   0x00026b68   0x0000005a   Code   RO         6171    i._WriteBlocking    segger_rtt.o
    0x00026bc2   0x00026bc2   0x00000042   Code   RO         6172    i._WriteNoCheck     segger_rtt.o
    0x00026c04   0x00026c04   0x00000024   Code   RO         6635    i.__NVIC_SystemReset  system_nrf52.o
    0x00026c28   0x00026c28   0x0000000e   Code   RO         7047    i.__scatterload_copy  mc_w.l(handlers.o)
    0x00026c36   0x00026c36   0x00000002   Code   RO         7048    i.__scatterload_null  mc_w.l(handlers.o)
    0x00026c38   0x00026c38   0x0000000e   Code   RO         7049    i.__scatterload_zeroinit  mc_w.l(handlers.o)
    0x00026c46   0x00026c46   0x00000002   PAD
    0x00026c48   0x00026c48   0x00000024   Code   RO         6402    i.__sd_nvic_app_accessible_irq  nrf_sdh.o
    0x00026c6c   0x00026c6c   0x00000010   Code   RO         1256    i.adv_set_data_size_max_get  ble_advertising.o
    0x00026c7c   0x00026c7c   0x00000036   Code   RO         1022    i.advertising_buttons_configure  bsp_btn_ble.o
    0x00026cb2   0x00026cb2   0x00000002   PAD
    0x00026cb4   0x00026cb4   0x0000006c   Code   RO            4    i.advertising_init  main.o
    0x00026d20   0x00026d20   0x00000164   Code   RO         4311    i.app_error_fault_handler  app_error_weak.o
    0x00026e84   0x00026e84   0x00000064   Code   RO         4252    i.app_error_save_and_stop  app_error.o
    0x00026ee8   0x00026ee8   0x0000000c   Code   RO         4475    i.app_timer_cnt_get  app_timer2.o
    0x00026ef4   0x00026ef4   0x0000007c   Code   RO         4476    i.app_timer_create  app_timer2.o
    0x00026f70   0x00026f70   0x0000005c   Code   RO         4477    i.app_timer_init    app_timer2.o
    0x00026fcc   0x00026fcc   0x0000009c   Code   RO         4480    i.app_timer_start   app_timer2.o
    0x00027068   0x00027068   0x0000008c   Code   RO         4481    i.app_timer_stop    app_timer2.o
    0x000270f4   0x000270f4   0x00000098   Code   RO         4694    i.app_util_critical_region_enter  app_util_platform.o
    0x0002718c   0x0002718c   0x00000088   Code   RO         4695    i.app_util_critical_region_exit  app_util_platform.o
    0x00027214   0x00027214   0x0000000c   Code   RO         3838    i.are_app_channels  nrfx_ppi.o
    0x00027220   0x00027220   0x00000010   Code   RO            5    i.assert_nrf_callback  main.o
    0x00027230   0x00027230   0x00000048   Code   RO         1611    i.blcm_link_ctx_get  ble_link_ctx_manager.o
    0x00027278   0x00027278   0x00000182   Code   RO         1141    i.ble_advdata_encode  ble_advdata.o
    0x000273fa   0x000273fa   0x00000020   Code   RO         1143    i.ble_advdata_parse  ble_advdata.o
    0x0002741a   0x0002741a   0x00000046   Code   RO         1144    i.ble_advdata_search  ble_advdata.o
    0x00027460   0x00027460   0x00000006   Code   RO         1258    i.ble_advertising_conn_cfg_tag_set  ble_advertising.o
    0x00027466   0x00027466   0x000000f8   Code   RO         1259    i.ble_advertising_init  ble_advertising.o
    0x0002755e   0x0002755e   0x0000006a   Code   RO         1261    i.ble_advertising_on_ble_evt  ble_advertising.o
    0x000275c8   0x000275c8   0x00000230   Code   RO         1264    i.ble_advertising_start  ble_advertising.o
    0x000277f8   0x000277f8   0x00000068   Code   RO         1358    i.ble_conn_params_init  ble_conn_params.o
    0x00027860   0x00027860   0x00000012   Code   RO         1443    i.ble_conn_state_conn_idx  ble_conn_state.o
    0x00027872   0x00027872   0x00000002   PAD
    0x00027874   0x00027874   0x00000014   Code   RO         1457    i.ble_conn_state_valid  ble_conn_state.o
    0x00027888   0x00027888   0x00000060   Code   RO         1147    i.ble_device_addr_encode  ble_advdata.o
    0x000278e8   0x000278e8   0x00000184   Code   RO            6    i.ble_evt_handler   main.o
    0x00027a6c   0x00027a6c   0x00000070   Code   RO         1023    i.ble_evt_handler   bsp_btn_ble.o
    0x00027adc   0x00027adc   0x000000fc   Code   RO         1360    i.ble_evt_handler   ble_conn_params.o
    0x00027bd8   0x00027bd8   0x00000158   Code   RO         1458    i.ble_evt_handler   ble_conn_state.o
    0x00027d30   0x00027d30   0x000000d4   Code   RO         1841    i.ble_nus_init      ble_nus.o
    0x00027e04   0x00027e04   0x00000076   Code   RO         1842    i.ble_nus_on_ble_evt  ble_nus.o
    0x00027e7a   0x00027e7a   0x00000002   PAD
    0x00027e7c   0x00027e7c   0x00000068   Code   RO            7    i.ble_send_data     main.o
    0x00027ee4   0x00027ee4   0x00000008   Code   RO         1637    i.ble_srv_is_notification_enabled  ble_srv_common.o
    0x00027eec   0x00027eec   0x00000060   Code   RO            8    i.ble_stack_init    main.o
    0x00027f4c   0x00027f4c   0x0000004c   Code   RO          450    i.bsp_board_button_idx_to_pin  boards.o
    0x00027f98   0x00027f98   0x0000006c   Code   RO          454    i.bsp_board_led_invert  boards.o
    0x00028004   0x00028004   0x00000054   Code   RO          455    i.bsp_board_led_off  boards.o
    0x00028058   0x00028058   0x00000054   Code   RO          456    i.bsp_board_led_on  boards.o
    0x000280ac   0x000280ac   0x00000068   Code   RO          457    i.bsp_board_led_state_get  boards.o
    0x00028114   0x00028114   0x00000012   Code   RO          458    i.bsp_board_leds_off  boards.o
    0x00028126   0x00028126   0x00000012   Code   RO          459    i.bsp_board_leds_on  boards.o
    0x00028138   0x00028138   0x00000024   Code   RO          460    i.bsp_board_pin_to_button_idx  boards.o
    0x0002815c   0x0002815c   0x0000001e   Code   RO         1025    i.bsp_btn_ble_sleep_mode_prepare  bsp_btn_ble.o
    0x0002817a   0x0002817a   0x00000002   PAD
    0x0002817c   0x0002817c   0x00000090   Code   RO          906    i.bsp_button_event_handler  bsp.o
    0x0002820c   0x0002820c   0x00000044   Code   RO          910    i.bsp_event_to_button_action_assign  bsp.o
    0x00028250   0x00028250   0x00000018   Code   RO          911    i.bsp_indication_set  bsp.o
    0x00028268   0x00028268   0x000001c8   Code   RO          913    i.bsp_led_indication  bsp.o
    0x00028430   0x00028430   0x00000006   Code   RO          915    i.bsp_wakeup_button_enable  bsp.o
    0x00028436   0x00028436   0x00000002   PAD
    0x00028438   0x00028438   0x00000094   Code   RO         5897    i.buf_prealloc      nrf_log_frontend.o
    0x000284cc   0x000284cc   0x0000002e   Code   RO         5326    i.buffer_add        nrf_fprintf_format.o
    0x000284fa   0x000284fa   0x00000002   PAD
    0x000284fc   0x000284fc   0x00000018   Code   RO         5898    i.buffer_is_empty   nrf_log_frontend.o
    0x00028514   0x00028514   0x0000001c   Code   RO         2391    i.channel_free      nrfx_gpiote.o
    0x00028530   0x00028530   0x00000048   Code   RO         2392    i.channel_port_alloc  nrfx_gpiote.o
    0x00028578   0x00028578   0x00000010   Code   RO         2393    i.channel_port_get  nrfx_gpiote.o
    0x00028588   0x00028588   0x00000190   Code   RO         1639    i.characteristic_add  ble_srv_common.o
    0x00028718   0x00028718   0x00000028   Code   RO         1901    i.clock_clk_started_notify  nrf_drv_clock.o
    0x00028740   0x00028740   0x0000001c   Code   RO         1902    i.clock_irq_handler  nrf_drv_clock.o
    0x0002875c   0x0002875c   0x00000018   Code   RO         4483    i.compare_func      app_timer2.o
    0x00028774   0x00028774   0x00000034   Code   RO           10    i.conn_evt_len_ext_set  main.o
    0x000287a8   0x000287a8   0x0000003e   Code   RO         1459    i.conn_handle_list_get  ble_conn_state.o
    0x000287e6   0x000287e6   0x00000088   Code   RO         1148    i.conn_int_encode   ble_advdata.o
    0x0002886e   0x0002886e   0x00000002   PAD
    0x00028870   0x00028870   0x00000018   Code   RO           11    i.conn_params_error_handler  main.o
    0x00028888   0x00028888   0x00000048   Code   RO         1361    i.conn_params_negotiation  ble_conn_params.o
    0x000288d0   0x000288d0   0x000000c0   Code   RO         1694    i.data_length_update  nrf_ble_gatt.o
    0x00028990   0x00028990   0x00000014   Code   RO         5899    i.dropped_sat16_get  nrf_log_frontend.o
    0x000289a4   0x000289a4   0x0000000c   Code   RO         4763    i.drv_rtc_compare_disable  drv_rtc.o
    0x000289b0   0x000289b0   0x0000000e   Code   RO         4765    i.drv_rtc_compare_get  drv_rtc.o
    0x000289be   0x000289be   0x0000000e   Code   RO         4766    i.drv_rtc_compare_pending  drv_rtc.o
    0x000289cc   0x000289cc   0x00000094   Code   RO         4767    i.drv_rtc_compare_set  drv_rtc.o
    0x00028a60   0x00028a60   0x00000008   Code   RO         4768    i.drv_rtc_counter_get  drv_rtc.o
    0x00028a68   0x00028a68   0x000001c4   Code   RO         4769    i.drv_rtc_init      drv_rtc.o
    0x00028c2c   0x00028c2c   0x0000001e   Code   RO         4770    i.drv_rtc_irq_trigger  drv_rtc.o
    0x00028c4a   0x00028c4a   0x00000008   Code   RO         4772    i.drv_rtc_overflow_enable  drv_rtc.o
    0x00028c52   0x00028c52   0x00000008   Code   RO         4773    i.drv_rtc_overflow_pending  drv_rtc.o
    0x00028c5a   0x00028c5a   0x00000002   PAD
    0x00028c5c   0x00028c5c   0x00000050   Code   RO         4774    i.drv_rtc_start     drv_rtc.o
    0x00028cac   0x00028cac   0x00000050   Code   RO         4775    i.drv_rtc_stop      drv_rtc.o
    0x00028cfc   0x00028cfc   0x00000120   Code   RO         4780    i.drv_rtc_windowed_compare_set  drv_rtc.o
    0x00028e1c   0x00028e1c   0x00000024   Code   RO         4781    i.evt_disable       drv_rtc.o
    0x00028e40   0x00028e40   0x0000005c   Code   RO         4782    i.evt_enable        drv_rtc.o
    0x00028e9c   0x00028e9c   0x0000005c   Code   RO         4783    i.evt_pending       drv_rtc.o
    0x00028ef8   0x00028ef8   0x0000000a   Code   RO         1460    i.flag_toggle       ble_conn_state.o
    0x00028f02   0x00028f02   0x00000028   Code   RO         1266    i.flags_set         ble_advertising.o
    0x00028f2a   0x00028f2a   0x00000002   PAD
    0x00028f2c   0x00028f2c   0x00000064   Code   RO           12    i.gap_params_init   main.o
    0x00028f90   0x00028f90   0x00000060   Code   RO           13    i.gatt_evt_handler  main.o
    0x00028ff0   0x00028ff0   0x0000004c   Code   RO           14    i.gatt_init         main.o
    0x0002903c   0x0002903c   0x00000034   Code   RO         4484    i.get_now           app_timer2.o
    0x00029070   0x00029070   0x0000000a   Code   RO          564    i.hm01b0_cmd_update  board_camera.o
    0x0002907a   0x0002907a   0x00000092   Code   RO          565    i.hm01b0_get_ae     board_camera.o
    0x0002910c   0x0002910c   0x0000002c   Code   RO          566    i.hm01b0_get_mode   board_camera.o
    0x00029138   0x00029138   0x0000001c   Code   RO          568    i.hm01b0_init       board_camera.o
    0x00029154   0x00029154   0x00000078   Code   RO          574    i.hm01b0_init_regs  board_camera.o
    0x000291cc   0x000291cc   0x00000010   Code   RO          575    i.hm01b0_inputpin_handler  board_camera.o
    0x000291dc   0x000291dc   0x0000011c   Code   RO          577    i.hm01b0_pin_init   board_camera.o
    0x000292f8   0x000292f8   0x00000040   Code   RO          579    i.hm01b0_read_reg   board_camera.o
    0x00029338   0x00029338   0x00000026   Code   RO          580    i.hm01b0_set_mode   board_camera.o
    0x0002935e   0x0002935e   0x00000002   PAD
    0x00029360   0x00029360   0x00000058   Code   RO          582    i.hm01b0_spi_init   board_camera.o
    0x000293b8   0x000293b8   0x0000007c   Code   RO          584    i.hm01b0_spiread_oneframe_decimated  board_camera.o
    0x00029434   0x00029434   0x00000040   Code   RO          587    i.hm01b0_twi_init   board_camera.o
    0x00029474   0x00029474   0x00000030   Code   RO          589    i.hm01b0_write_reg  board_camera.o
    0x000294a4   0x000294a4   0x00000014   Code   RO         1362    i.instance_get      ble_conn_params.o
    0x000294b8   0x000294b8   0x000000a6   Code   RO         5327    i.int_print         nrf_fprintf_format.o
    0x0002955e   0x0002955e   0x00000034   Code   RO         5900    i.invalid_packets_omit  nrf_log_frontend.o
    0x00029592   0x00029592   0x00000002   PAD
    0x00029594   0x00029594   0x00000090   Code   RO         3209    i.irq_handler       nrfx_spim.o
    0x00029624   0x00029624   0x0000009c   Code   RO         3717    i.irq_handler       nrfx_pwm.o
    0x000296c0   0x000296c0   0x00000018   Code   RO         3839    i.is_allocated_channel  nrfx_ppi.o
    0x000296d8   0x000296d8   0x0000000a   Code   RO         3841    i.is_app_channel    nrfx_ppi.o
    0x000296e2   0x000296e2   0x00000044   Code   RO         1363    i.is_conn_params_ok  ble_conn_params.o
    0x00029726   0x00029726   0x0000000c   Code   RO         3843    i.is_programmable_app_channel  nrfx_ppi.o
    0x00029732   0x00029732   0x00000002   PAD
    0x00029734   0x00029734   0x00000030   Code   RO          917    i.leds_off          bsp.o
    0x00029764   0x00029764   0x00000018   Code   RO         1695    i.link_init         nrf_ble_gatt.o
    0x0002977c   0x0002977c   0x00000002   Code   RO         5901    i.log_pending_hook  nrf_log_frontend.o
    0x0002977e   0x0002977e   0x00000002   PAD
    0x00029780   0x00029780   0x000000b4   Code   RO         5902    i.log_skip          nrf_log_frontend.o
    0x00029834   0x00029834   0x0000028c   Code   RO           15    i.main              main.o
    0x00029ac0   0x00029ac0   0x00000064   Code   RO         1149    i.manuf_specific_data_encode  ble_advdata.o
    0x00029b24   0x00029b24   0x000000e0   Code   RO         5366    i.memobj_op         nrf_memobj.o
    0x00029c04   0x00029c04   0x00000030   Code   RO         5903    i.module_idx_get    nrf_log_frontend.o
    0x00029c34   0x00029c34   0x000000a6   Code   RO         1150    i.name_encode       ble_advdata.o
    0x00029cda   0x00029cda   0x00000026   Code   RO         4982    i.nrf_atfifo_init   nrf_atfifo.o
    0x00029d00   0x00029d00   0x00000016   Code   RO         4983    i.nrf_atfifo_item_alloc  nrf_atfifo.o
    0x00029d16   0x00029d16   0x00000016   Code   RO         4984    i.nrf_atfifo_item_free  nrf_atfifo.o
    0x00029d2c   0x00029d2c   0x00000016   Code   RO         4985    i.nrf_atfifo_item_get  nrf_atfifo.o
    0x00029d42   0x00029d42   0x00000016   Code   RO         4986    i.nrf_atfifo_item_put  nrf_atfifo.o
    0x00029d58   0x00029d58   0x00000016   Code   RO         5048    i.nrf_atflags_clear  nrf_atflags.o
    0x00029d6e   0x00029d6e   0x00000016   Code   RO         5053    i.nrf_atflags_get   nrf_atflags.o
    0x00029d84   0x00029d84   0x00000014   Code   RO         5055    i.nrf_atflags_set   nrf_atflags.o
    0x00029d98   0x00029d98   0x00000006   Code   RO         5116    i.nrf_atomic_flag_clear_fetch  nrf_atomic.o
    0x00029d9e   0x00029d9e   0x00000006   Code   RO         5117    i.nrf_atomic_flag_set  nrf_atomic.o
    0x00029da4   0x00029da4   0x0000000c   Code   RO         5119    i.nrf_atomic_u32_add  nrf_atomic.o
    0x00029db0   0x00029db0   0x0000000c   Code   RO         5120    i.nrf_atomic_u32_and  nrf_atomic.o
    0x00029dbc   0x00029dbc   0x0000000a   Code   RO         5123    i.nrf_atomic_u32_fetch_and  nrf_atomic.o
    0x00029dc6   0x00029dc6   0x0000000a   Code   RO         5125    i.nrf_atomic_u32_fetch_store  nrf_atomic.o
    0x00029dd0   0x00029dd0   0x0000000c   Code   RO         5129    i.nrf_atomic_u32_or  nrf_atomic.o
    0x00029ddc   0x00029ddc   0x0000000c   Code   RO         5131    i.nrf_atomic_u32_sub  nrf_atomic.o
    0x00029de8   0x00029de8   0x000000d4   Code   RO         5250    i.nrf_balloc_alloc  nrf_balloc.o
    0x00029ebc   0x00029ebc   0x00000094   Code   RO         5251    i.nrf_balloc_free   nrf_balloc.o
    0x00029f50   0x00029f50   0x000000b4   Code   RO         5252    i.nrf_balloc_init   nrf_balloc.o
    0x0002a004   0x0002a004   0x00000010   Code   RO         2394    i.nrf_bitmask_bit_is_set  nrfx_gpiote.o
    0x0002a014   0x0002a014   0x00000018   Code   RO         1697    i.nrf_ble_gatt_att_mtu_periph_set  nrf_ble_gatt.o
    0x0002a02c   0x0002a02c   0x00000022   Code   RO         1701    i.nrf_ble_gatt_init  nrf_ble_gatt.o
    0x0002a04e   0x0002a04e   0x00000002   PAD
    0x0002a050   0x0002a050   0x00000150   Code   RO         1702    i.nrf_ble_gatt_on_ble_evt  nrf_ble_gatt.o
    0x0002a1a0   0x0002a1a0   0x00000016   Code   RO         1796    i.nrf_ble_qwr_conn_handle_assign  nrf_ble_qwr.o
    0x0002a1b6   0x0002a1b6   0x00000024   Code   RO         1797    i.nrf_ble_qwr_init  nrf_ble_qwr.o
    0x0002a1da   0x0002a1da   0x000000b6   Code   RO         1798    i.nrf_ble_qwr_on_ble_evt  nrf_ble_qwr.o
    0x0002a290   0x0002a290   0x0000000e   Code   RO         2247    i.nrf_clock_event_check  nrfx_clock.o
    0x0002a29e   0x0002a29e   0x00000010   Code   RO         2248    i.nrf_clock_event_clear  nrfx_clock.o
    0x0002a2ae   0x0002a2ae   0x00000002   PAD
    0x0002a2b0   0x0002a2b0   0x00000040   Code   RO         1909    i.nrf_drv_clock_init  nrf_drv_clock.o
    0x0002a2f0   0x0002a2f0   0x000000d8   Code   RO         1913    i.nrf_drv_clock_lfclk_release  nrf_drv_clock.o
    0x0002a3c8   0x0002a3c8   0x00000018   Code   RO         4120    i.nrf_drv_ppi_init  nrf_drv_ppi.o
    0x0002a3e0   0x0002a3e0   0x0000001c   Code   RO         3675    i.nrf_drv_spis_init  nrf_drv_spis.o
    0x0002a3fc   0x0002a3fc   0x00000040   Code   RO         3353    i.nrf_drv_twi_init  nrf_drv_twi.o
    0x0002a43c   0x0002a43c   0x0000000e   Code   RO          591    i.nrf_drv_twi_tx    board_camera.o
    0x0002a44a   0x0002a44a   0x00000002   PAD
    0x0002a44c   0x0002a44c   0x00000080   Code   RO         5287    i.nrf_fprintf       nrf_fprintf.o
    0x0002a4cc   0x0002a4cc   0x00000058   Code   RO         5288    i.nrf_fprintf_buffer_flush  nrf_fprintf.o
    0x0002a524   0x0002a524   0x00000254   Code   RO         5328    i.nrf_fprintf_fmt   nrf_fprintf_format.o
    0x0002a778   0x0002a778   0x00000032   Code   RO         2395    i.nrf_gpio_cfg      nrfx_gpiote.o
    0x0002a7aa   0x0002a7aa   0x00000002   PAD
    0x0002a7ac   0x0002a7ac   0x00000080   Code   RO         3421    i.nrf_gpio_cfg      nrfx_twim.o
    0x0002a82c   0x0002a82c   0x00000080   Code   RO         3578    i.nrf_gpio_cfg      nrfx_spis.o
    0x0002a8ac   0x0002a8ac   0x00000030   Code   RO         2397    i.nrf_gpio_cfg_sense_set  nrfx_gpiote.o
    0x0002a8dc   0x0002a8dc   0x0000002c   Code   RO         2398    i.nrf_gpio_latches_read_and_clear  nrfx_gpiote.o
    0x0002a908   0x0002a908   0x00000014   Code   RO         2399    i.nrf_gpio_pin_clear  nrfx_gpiote.o
    0x0002a91c   0x0002a91c   0x00000014   Code   RO         3212    i.nrf_gpio_pin_clear  nrfx_spim.o
    0x0002a930   0x0002a930   0x00000014   Code   RO         3354    i.nrf_gpio_pin_clear  nrf_drv_twi.o
    0x0002a944   0x0002a944   0x0000005c   Code   RO          463    i.nrf_gpio_pin_port_decode  boards.o
    0x0002a9a0   0x0002a9a0   0x0000005c   Code   RO          593    i.nrf_gpio_pin_port_decode  board_camera.o
    0x0002a9fc   0x0002a9fc   0x0000004c   Code   RO         2400    i.nrf_gpio_pin_port_decode  nrfx_gpiote.o
    0x0002aa48   0x0002aa48   0x0000005c   Code   RO         3213    i.nrf_gpio_pin_port_decode  nrfx_spim.o
    0x0002aaa4   0x0002aaa4   0x0000005c   Code   RO         3355    i.nrf_gpio_pin_port_decode  nrf_drv_twi.o
    0x0002ab00   0x0002ab00   0x0000001e   Code   RO         2401    i.nrf_gpio_pin_present_check  nrfx_gpiote.o
    0x0002ab1e   0x0002ab1e   0x00000016   Code   RO         2402    i.nrf_gpio_pin_read  nrfx_gpiote.o
    0x0002ab34   0x0002ab34   0x00000014   Code   RO         2403    i.nrf_gpio_pin_set  nrfx_gpiote.o
    0x0002ab48   0x0002ab48   0x00000014   Code   RO         3214    i.nrf_gpio_pin_set  nrfx_spim.o
    0x0002ab5c   0x0002ab5c   0x00000014   Code   RO         3356    i.nrf_gpio_pin_set  nrf_drv_twi.o
    0x0002ab70   0x0002ab70   0x00000026   Code   RO          464    i.nrf_gpio_pin_write  boards.o
    0x0002ab96   0x0002ab96   0x00000002   PAD
    0x0002ab98   0x0002ab98   0x00000014   Code   RO         2404    i.nrf_gpiote_event_clear  nrfx_gpiote.o
    0x0002abac   0x0002abac   0x00000010   Code   RO         2405    i.nrf_gpiote_event_is_set  nrfx_gpiote.o
    0x0002abbc   0x0002abbc   0x0000005c   Code   RO         5904    i.nrf_log_backend_add  nrf_log_frontend.o
    0x0002ac18   0x0002ac18   0x00000002   Code   RO         5757    i.nrf_log_backend_rtt_flush  nrf_log_backend_rtt.o
    0x0002ac1a   0x0002ac1a   0x00000004   Code   RO         5758    i.nrf_log_backend_rtt_init  nrf_log_backend_rtt.o
    0x0002ac1e   0x0002ac1e   0x00000002   Code   RO         5759    i.nrf_log_backend_rtt_panic_set  nrf_log_backend_rtt.o
    0x0002ac20   0x0002ac20   0x00000018   Code   RO         5760    i.nrf_log_backend_rtt_put  nrf_log_backend_rtt.o
    0x0002ac38   0x0002ac38   0x000000c8   Code   RO         5826    i.nrf_log_backend_serial_put  nrf_log_backend_serial.o
    0x0002ad00   0x0002ad00   0x00000030   Code   RO         5906    i.nrf_log_color_id_get  nrf_log_frontend.o
    0x0002ad30   0x0002ad30   0x0000002c   Code   RO         5860    i.nrf_log_default_backends_init  nrf_log_default_backends.o
    0x0002ad5c   0x0002ad5c   0x00000238   Code   RO         5907    i.nrf_log_frontend_dequeue  nrf_log_frontend.o
    0x0002af94   0x0002af94   0x00000008   Code   RO         5909    i.nrf_log_frontend_std_0  nrf_log_frontend.o
    0x0002af9c   0x0002af9c   0x0000000e   Code   RO         5910    i.nrf_log_frontend_std_1  nrf_log_frontend.o
    0x0002afaa   0x0002afaa   0x00000010   Code   RO         5911    i.nrf_log_frontend_std_2  nrf_log_frontend.o
    0x0002afba   0x0002afba   0x0000001c   Code   RO         5914    i.nrf_log_frontend_std_5  nrf_log_frontend.o
    0x0002afd6   0x0002afd6   0x00000002   PAD
    0x0002afd8   0x0002afd8   0x000000b0   Code   RO         6091    i.nrf_log_hexdump_entry_process  nrf_log_str_formatter.o
    0x0002b088   0x0002b088   0x00000028   Code   RO         5916    i.nrf_log_init      nrf_log_frontend.o
    0x0002b0b0   0x0002b0b0   0x00000014   Code   RO         5917    i.nrf_log_module_cnt_get  nrf_log_frontend.o
    0x0002b0c4   0x0002b0c4   0x0000001c   Code   RO         5920    i.nrf_log_module_name_get  nrf_log_frontend.o
    0x0002b0e0   0x0002b0e0   0x00000028   Code   RO         5921    i.nrf_log_panic     nrf_log_frontend.o
    0x0002b108   0x0002b108   0x000000b6   Code   RO         6092    i.nrf_log_std_entry_process  nrf_log_str_formatter.o
    0x0002b1be   0x0002b1be   0x00000060   Code   RO         5367    i.nrf_memobj_alloc  nrf_memobj.o
    0x0002b21e   0x0002b21e   0x00000032   Code   RO         5368    i.nrf_memobj_free   nrf_memobj.o
    0x0002b250   0x0002b250   0x00000008   Code   RO         5369    i.nrf_memobj_get    nrf_memobj.o
    0x0002b258   0x0002b258   0x00000004   Code   RO         5370    i.nrf_memobj_pool_init  nrf_memobj.o
    0x0002b25c   0x0002b25c   0x0000001e   Code   RO         5371    i.nrf_memobj_put    nrf_memobj.o
    0x0002b27a   0x0002b27a   0x00000002   PAD
    0x0002b27c   0x0002b27c   0x00000060   Code   RO         5372    i.nrf_memobj_read   nrf_memobj.o
    0x0002b2dc   0x0002b2dc   0x0000005c   Code   RO         5373    i.nrf_memobj_write  nrf_memobj.o
    0x0002b338   0x0002b338   0x0000000a   Code   RO         3719    i.nrf_pwm_event_check  nrfx_pwm.o
    0x0002b342   0x0002b342   0x0000000c   Code   RO         3720    i.nrf_pwm_event_clear  nrfx_pwm.o
    0x0002b34e   0x0002b34e   0x00000002   PAD
    0x0002b350   0x0002b350   0x00000028   Code   RO         5446    i.nrf_pwr_mgmt_init  nrf_pwr_mgmt.o
    0x0002b378   0x0002b378   0x000000a4   Code   RO         5447    i.nrf_pwr_mgmt_run  nrf_pwr_mgmt.o
    0x0002b41c   0x0002b41c   0x00000018   Code   RO           16    i.nrf_qwr_error_handler  main.o
    0x0002b434   0x0002b434   0x0000001c   Code   RO         5536    i.nrf_ringbuf_init  nrf_ringbuf.o
    0x0002b450   0x0002b450   0x0000000c   Code   RO         4784    i.nrf_rtc_event_clear  drv_rtc.o
    0x0002b45c   0x0002b45c   0x00000014   Code   RO         6526    i.nrf_sdh_ble_app_ram_start_get  nrf_sdh_ble.o
    0x0002b470   0x0002b470   0x00000130   Code   RO         6527    i.nrf_sdh_ble_default_cfg_set  nrf_sdh_ble.o
    0x0002b5a0   0x0002b5a0   0x00000130   Code   RO         6528    i.nrf_sdh_ble_enable  nrf_sdh_ble.o
    0x0002b6d0   0x0002b6d0   0x000000b0   Code   RO         6529    i.nrf_sdh_ble_evts_poll  nrf_sdh_ble.o
    0x0002b780   0x0002b780   0x00000074   Code   RO         6404    i.nrf_sdh_enable_request  nrf_sdh.o
    0x0002b7f4   0x0002b7f4   0x00000030   Code   RO         6405    i.nrf_sdh_evts_poll  nrf_sdh.o
    0x0002b824   0x0002b824   0x0000000c   Code   RO         6406    i.nrf_sdh_is_enabled  nrf_sdh.o
    0x0002b830   0x0002b830   0x0000008c   Code   RO         6585    i.nrf_sdh_soc_evts_poll  nrf_sdh_soc.o
    0x0002b8bc   0x0002b8bc   0x00000018   Code   RO         6411    i.nrf_section_iter_get  nrf_sdh.o
    0x0002b8d4   0x0002b8d4   0x00000018   Code   RO         6530    i.nrf_section_iter_get  nrf_sdh_ble.o
    0x0002b8ec   0x0002b8ec   0x00000018   Code   RO         6586    i.nrf_section_iter_get  nrf_sdh_soc.o
    0x0002b904   0x0002b904   0x00000030   Code   RO         5594    i.nrf_section_iter_init  nrf_section_iter.o
    0x0002b934   0x0002b934   0x0000004c   Code   RO         5595    i.nrf_section_iter_item_set  nrf_section_iter.o
    0x0002b980   0x0002b980   0x00000054   Code   RO         5596    i.nrf_section_iter_next  nrf_section_iter.o
    0x0002b9d4   0x0002b9d4   0x00000078   Code   RO         5630    i.nrf_sortlist_add  nrf_sortlist.o
    0x0002ba4c   0x0002ba4c   0x00000054   Code   RO         5632    i.nrf_sortlist_peek  nrf_sortlist.o
    0x0002baa0   0x0002baa0   0x0000005c   Code   RO         5633    i.nrf_sortlist_pop  nrf_sortlist.o
    0x0002bafc   0x0002bafc   0x00000078   Code   RO         5634    i.nrf_sortlist_remove  nrf_sortlist.o
    0x0002bb74   0x0002bb74   0x0000000a   Code   RO         3215    i.nrf_spim_event_check  nrfx_spim.o
    0x0002bb7e   0x0002bb7e   0x0000000a   Code   RO         3579    i.nrf_spis_event_check  nrfx_spis.o
    0x0002bb88   0x0002bb88   0x0000000c   Code   RO         3580    i.nrf_spis_event_clear  nrfx_spis.o
    0x0002bb94   0x0002bb94   0x00000038   Code   RO         5686    i.nrf_strerror_find  nrf_strerror.o
    0x0002bbcc   0x0002bbcc   0x00000014   Code   RO         5687    i.nrf_strerror_get  nrf_strerror.o
    0x0002bbe0   0x0002bbe0   0x0000000c   Code   RO         3992    i.nrf_timer_event_clear  nrfx_timer.o
    0x0002bbec   0x0002bbec   0x0000000a   Code   RO         3423    i.nrf_twim_event_check  nrfx_twim.o
    0x0002bbf6   0x0002bbf6   0x0000000c   Code   RO         3424    i.nrf_twim_event_clear  nrfx_twim.o
    0x0002bc02   0x0002bc02   0x00000002   PAD
    0x0002bc04   0x0002bc04   0x00000010   Code   RO         1916    i.nrf_wdt_started   nrf_drv_clock.o
    0x0002bc14   0x0002bc14   0x0000005c   Code   RO         2253    i.nrfx_clock_enable  nrfx_clock.o
    0x0002bc70   0x0002bc70   0x00000064   Code   RO         2256    i.nrfx_clock_init   nrfx_clock.o
    0x0002bcd4   0x0002bcd4   0x00000078   Code   RO         2259    i.nrfx_clock_lfclk_stop  nrfx_clock.o
    0x0002bd4c   0x0002bd4c   0x00000010   Code   RO         3357    i.nrfx_coredep_delay_us  nrf_drv_twi.o
    0x0002bd5c   0x0002bd5c   0x00000010   Code   RO         4785    i.nrfx_coredep_delay_us  drv_rtc.o
    0x0002bd6c   0x0002bd6c   0x000000f8   Code   RO         2411    i.nrfx_gpiote_in_event_enable  nrfx_gpiote.o
    0x0002be64   0x0002be64   0x00000114   Code   RO         2413    i.nrfx_gpiote_in_init  nrfx_gpiote.o
    0x0002bf78   0x0002bf78   0x00000074   Code   RO         2416    i.nrfx_gpiote_init  nrfx_gpiote.o
    0x0002bfec   0x0002bfec   0x0000011c   Code   RO         2419    i.nrfx_gpiote_out_init  nrfx_gpiote.o
    0x0002c108   0x0002c108   0x00000010   Code   RO         2421    i.nrfx_gpiote_out_task_addr_get  nrfx_gpiote.o
    0x0002c118   0x0002c118   0x00000098   Code   RO         2423    i.nrfx_gpiote_out_task_enable  nrfx_gpiote.o
    0x0002c1b0   0x0002c1b0   0x00000070   Code   RO         2425    i.nrfx_gpiote_out_task_get  nrfx_gpiote.o
    0x0002c220   0x0002c220   0x00000010   Code   RO         3425    i.nrfx_is_in_ram    nrfx_twim.o
    0x0002c230   0x0002c230   0x00000010   Code   RO         3581    i.nrfx_is_in_ram    nrfx_spis.o
    0x0002c240   0x0002c240   0x00000020   Code   RO         2261    i.nrfx_power_clock_irq_init  nrfx_clock.o
    0x0002c260   0x0002c260   0x0000006c   Code   RO         3844    i.nrfx_ppi_channel_alloc  nrfx_ppi.o
    0x0002c2cc   0x0002c2cc   0x00000044   Code   RO         3845    i.nrfx_ppi_channel_assign  nrfx_ppi.o
    0x0002c310   0x0002c310   0x00000034   Code   RO         3847    i.nrfx_ppi_channel_enable  nrfx_ppi.o
    0x0002c344   0x0002c344   0x00000084   Code   RO         2729    i.nrfx_prs_acquire  nrfx_prs.o
    0x0002c3c8   0x0002c3c8   0x000000d8   Code   RO         3582    i.nrfx_spis_buffers_set  nrfx_spis.o
    0x0002c4a0   0x0002c4a0   0x00000220   Code   RO         3583    i.nrfx_spis_init    nrfx_spis.o
    0x0002c6c0   0x0002c6c0   0x0000003a   Code   RO         3995    i.nrfx_timer_compare  nrfx_timer.o
    0x0002c6fa   0x0002c6fa   0x00000002   PAD
    0x0002c6fc   0x0002c6fc   0x00000070   Code   RO         3999    i.nrfx_timer_enable  nrfx_timer.o
    0x0002c76c   0x0002c76c   0x0000002a   Code   RO         4000    i.nrfx_timer_extended_compare  nrfx_timer.o
    0x0002c796   0x0002c796   0x00000002   PAD
    0x0002c798   0x0002c798   0x000001f4   Code   RO         4002    i.nrfx_timer_init   nrfx_timer.o
    0x0002c98c   0x0002c98c   0x00000074   Code   RO         3427    i.nrfx_twim_enable  nrfx_twim.o
    0x0002ca00   0x0002ca00   0x0000017c   Code   RO         3428    i.nrfx_twim_init    nrfx_twim.o
    0x0002cb7c   0x0002cb7c   0x00000030   Code   RO         3430    i.nrfx_twim_rx      nrfx_twim.o
    0x0002cbac   0x0002cbac   0x00000036   Code   RO         3433    i.nrfx_twim_tx      nrfx_twim.o
    0x0002cbe2   0x0002cbe2   0x00000002   PAD
    0x0002cbe4   0x0002cbe4   0x000000ac   Code   RO         3435    i.nrfx_twim_xfer    nrfx_twim.o
    0x0002cc90   0x0002cc90   0x00000002   Code   RO           17    i.nus_data_handler  main.o
    0x0002cc92   0x0002cc92   0x00000002   PAD
    0x0002cc94   0x0002cc94   0x00000018   Code   RO         6636    i.nvmc_config       system_nrf52.o
    0x0002ccac   0x0002ccac   0x0000003c   Code   RO           18    i.on_adv_evt        main.o
    0x0002cce8   0x0002cce8   0x00000080   Code   RO         4485    i.on_compare_evt    app_timer2.o
    0x0002cd68   0x0002cd68   0x00000030   Code   RO           19    i.on_conn_params_evt  main.o
    0x0002cd98   0x0002cd98   0x0000006a   Code   RO         1843    i.on_connect        ble_nus.o
    0x0002ce02   0x0002ce02   0x00000002   PAD
    0x0002ce04   0x0002ce04   0x000000a8   Code   RO         1703    i.on_connected_evt  nrf_ble_gatt.o
    0x0002ceac   0x0002ceac   0x000000ac   Code   RO         1704    i.on_exchange_mtu_request_evt  nrf_ble_gatt.o
    0x0002cf58   0x0002cf58   0x00000084   Code   RO         1844    i.on_write          ble_nus.o
    0x0002cfdc   0x0002cfdc   0x00000012   Code   RO         1267    i.phy_is_valid      ble_advertising.o
    0x0002cfee   0x0002cfee   0x00000002   PAD
    0x0002cff0   0x0002cff0   0x0000001c   Code   RO         2435    i.pin_configured_set  nrfx_gpiote.o
    0x0002d00c   0x0002d00c   0x00000014   Code   RO         2436    i.pin_in_use        nrfx_gpiote.o
    0x0002d020   0x0002d020   0x00000014   Code   RO         2437    i.pin_in_use_by_gpiote  nrfx_gpiote.o
    0x0002d034   0x0002d034   0x00000018   Code   RO         2438    i.pin_in_use_by_port  nrfx_gpiote.o
    0x0002d04c   0x0002d04c   0x00000018   Code   RO         2439    i.pin_in_use_by_te  nrfx_gpiote.o
    0x0002d064   0x0002d064   0x000000c4   Code   RO         2440    i.port_event_handle  nrfx_gpiote.o
    0x0002d128   0x0002d128   0x00000010   Code   RO         2441    i.port_handler_polarity_get  nrfx_gpiote.o
    0x0002d138   0x0002d138   0x0000003c   Code   RO         6094    i.postfix_process   nrf_log_str_formatter.o
    0x0002d174   0x0002d174   0x00000098   Code   RO         6095    i.prefix_process    nrf_log_str_formatter.o
    0x0002d20c   0x0002d20c   0x0000001a   Code   RO         4699    i.privilege_level_get  app_util_platform.o
    0x0002d226   0x0002d226   0x00000002   PAD
    0x0002d228   0x0002d228   0x00000018   Code   RO         2731    i.prs_box_get       nrfx_prs.o
    0x0002d240   0x0002d240   0x00000054   Code   RO         4486    i.rtc_irq           app_timer2.o
    0x0002d294   0x0002d294   0x0000007c   Code   RO         4487    i.rtc_schedule      app_timer2.o
    0x0002d310   0x0002d310   0x0000008c   Code   RO         4488    i.rtc_update        app_timer2.o
    0x0002d39c   0x0002d39c   0x000000a4   Code   RO         1917    i.sd_state_evt_handler  nrf_drv_clock.o
    0x0002d440   0x0002d440   0x00000038   Code   RO         6412    i.sdh_request_observer_notify  nrf_sdh.o
    0x0002d478   0x0002d478   0x00000034   Code   RO         6413    i.sdh_state_observer_notify  nrf_sdh.o
    0x0002d4ac   0x0002d4ac   0x00000010   Code   RO         1364    i.send_error_evt    ble_conn_params.o
    0x0002d4bc   0x0002d4bc   0x00000050   Code   RO         5761    i.serial_tx         nrf_log_backend_rtt.o
    0x0002d50c   0x0002d50c   0x00000088   Code   RO         1151    i.service_data_encode  ble_advdata.o
    0x0002d594   0x0002d594   0x00000030   Code   RO         1641    i.set_security_req  ble_srv_common.o
    0x0002d5c4   0x0002d5c4   0x0000004c   Code   RO           20    i.sleep_mode_enter  main.o
    0x0002d610   0x0002d610   0x00000018   Code   RO         1918    i.soc_evt_handler   nrf_drv_clock.o
    0x0002d628   0x0002d628   0x00000098   Code   RO         6415    i.softdevices_evt_irq_enable  nrf_sdh.o
    0x0002d6c0   0x0002d6c0   0x0000000c   Code   RO         4489    i.sortlist_pop      app_timer2.o
    0x0002d6cc   0x0002d6cc   0x00000010   Code   RO          597    i.spis_event_handler  board_camera.o
    0x0002d6dc   0x0002d6dc   0x00000010   Code   RO         3676    i.spis_event_handler  nrf_drv_spis.o
    0x0002d6ec   0x0002d6ec   0x00000074   Code   RO         3585    i.spis_irq_handler  nrfx_spis.o
    0x0002d760   0x0002d760   0x00000006   Code   RO         3586    i.spis_state_change  nrfx_spis.o
    0x0002d766   0x0002d766   0x00000002   PAD
    0x0002d768   0x0002d768   0x00000094   Code   RO         3587    i.spis_state_entry_action_execute  nrfx_spis.o
    0x0002d7fc   0x0002d7fc   0x000000b0   Code   RO         5923    i.std_n             nrf_log_frontend.o
    0x0002d8ac   0x0002d8ac   0x00000034   Code   RO          599    i.timer_dummy_handler  board_camera.o
    0x0002d8e0   0x0002d8e0   0x000000e0   Code   RO         4490    i.timer_expire      app_timer2.o
    0x0002d9c0   0x0002d9c0   0x00000080   Code   RO         4491    i.timer_req_process  app_timer2.o
    0x0002da40   0x0002da40   0x00000038   Code   RO         4492    i.timer_req_schedule  app_timer2.o
    0x0002da78   0x0002da78   0x000000a4   Code   RO         3358    i.twi_clear_bus     nrf_drv_twi.o
    0x0002db1c   0x0002db1c   0x00000040   Code   RO         3359    i.twim_evt_handler  nrf_drv_twi.o
    0x0002db5c   0x0002db5c   0x000001dc   Code   RO         3436    i.twim_irq_handler  nrfx_twim.o
    0x0002dd38   0x0002dd38   0x000002fc   Code   RO         3437    i.twim_xfer         nrfx_twim.o
    0x0002e034   0x0002e034   0x0000000a   Code   RO         1152    i.uint16_encode     ble_advdata.o
    0x0002e03e   0x0002e03e   0x00000002   PAD
    0x0002e040   0x0002e040   0x000000b4   Code   RO         5329    i.unsigned_print    nrf_fprintf_format.o
    0x0002e0f4   0x0002e0f4   0x00000068   Code   RO         1365    i.update_timeout_handler  ble_conn_params.o
    0x0002e15c   0x0002e15c   0x00000018   Code   RO         1268    i.use_whitelist     ble_advertising.o
    0x0002e174   0x0002e174   0x00000024   Code   RO         1799    i.user_mem_reply    nrf_ble_qwr.o
    0x0002e198   0x0002e198   0x00000030   Code   RO         1153    i.uuid_list_encode  ble_advdata.o
    0x0002e1c8   0x0002e1c8   0x0000009e   Code   RO         1154    i.uuid_list_sized_encode  ble_advdata.o
    0x0002e266   0x0002e266   0x00000002   PAD
    0x0002e268   0x0002e268   0x0000008c   Code   RO          919    i.wakeup_button_cfg  bsp.o
    0x0002e2f4   0x0002e2f4   0x00000062   Code   RO         3438    i.xfer_completeness_check  nrfx_twim.o
    0x0002e356   0x0002e356   0x00000002   PAD
    0x0002e358   0x0002e358   0x00000030   Data   RO           25    .constdata          main.o
    0x0002e388   0x0002e388   0x00000008   Data   RO          465    .constdata          boards.o
    0x0002e390   0x0002e390   0x0000006c   Data   RO          601    .constdata          board_camera.o
    0x0002e3fc   0x0002e3fc   0x0000002c   Data   RO          921    .constdata          bsp.o
    0x0002e428   0x0002e428   0x00000016   Data   RO         1705    .constdata          nrf_ble_gatt.o
    0x0002e43e   0x0002e43e   0x00000002   PAD
    0x0002e440   0x0002e440   0x00000010   Data   RO         1845    .constdata          ble_nus.o
    0x0002e450   0x0002e450   0x00000004   Data   RO         2443    .constdata          nrfx_gpiote.o
    0x0002e454   0x0002e454   0x0000000c   PAD
    0x0002e460   0x0002e460   0x00000006   Data   RO         3360    .constdata          nrf_drv_twi.o
    0x0002e466   0x0002e466   0x00000002   PAD
    0x0002e468   0x0002e468   0x00000018   Data   RO         3441    .constdata          nrfx_twim.o
    0x0002e480   0x0002e480   0x00000004   Data   RO         3590    .constdata          nrfx_spis.o
    0x0002e484   0x0002e484   0x00000014   Data   RO         4495    .constdata          app_timer2.o
    0x0002e498   0x0002e498   0x00000008   PAD
    0x0002e4a0   0x0002e4a0   0x00000006   Data   RO         4786    .constdata          drv_rtc.o
    0x0002e4a6   0x0002e4a6   0x00000010   Data   RO         5330    .constdata          nrf_fprintf_format.o
    0x0002e4b6   0x0002e4b6   0x00000002   PAD
    0x0002e4b8   0x0002e4b8   0x00000018   Data   RO         5452    .constdata          nrf_pwr_mgmt.o
    0x0002e4d0   0x0002e4d0   0x0000000c   Data   RO         5453    .constdata          nrf_pwr_mgmt.o
    0x0002e4dc   0x0002e4dc   0x0000013c   Data   RO         5688    .constdata          nrf_strerror.o
    0x0002e618   0x0002e618   0x0000000c   Data   RO         5763    .constdata          nrf_log_backend_rtt.o
    0x0002e624   0x0002e624   0x0000000c   PAD
    0x0002e630   0x0002e630   0x00000006   Data   RO         5764    .constdata          nrf_log_backend_rtt.o
    0x0002e636   0x0002e636   0x00000002   PAD
    0x0002e638   0x0002e638   0x0000000c   Data   RO         5928    .constdata          nrf_log_frontend.o
    0x0002e644   0x0002e644   0x00000010   Data   RO         6416    .constdata          nrf_sdh.o
    0x0002e654   0x0002e654   0x00000028   Data   RO         6417    .constdata          nrf_sdh.o
    0x0002e67c   0x0002e67c   0x00000010   Data   RO         6418    .constdata          nrf_sdh.o
    0x0002e68c   0x0002e68c   0x00000010   Data   RO         6419    .constdata          nrf_sdh.o
    0x0002e69c   0x0002e69c   0x00000020   Data   RO         6531    .constdata          nrf_sdh_ble.o
    0x0002e6bc   0x0002e6bc   0x00000010   Data   RO         6532    .constdata          nrf_sdh_ble.o
    0x0002e6cc   0x0002e6cc   0x00000010   Data   RO         6587    .constdata          nrf_sdh_soc.o
    0x0002e6dc   0x0002e6dc   0x0000000c   Data   RO         6588    .constdata          nrf_sdh_soc.o
    0x0002e6e8   0x0002e6e8   0x00000081   Data   RO         6711    .constdata          mc_w.l(ctype_o.o)
    0x0002e769   0x0002e769   0x00000003   PAD
    0x0002e76c   0x0002e76c   0x00000004   Data   RO         6712    .constdata          mc_w.l(ctype_o.o)
    0x0002e770   0x0002e770   0x000000a2   Data   RO         1706    .conststring        nrf_ble_gatt.o
    0x0002e812   0x0002e812   0x00000002   PAD
    0x0002e814   0x0002e814   0x00000054   Data   RO         5597    .conststring        nrf_section_iter.o
    0x0002e868   0x0002e868   0x000003eb   Data   RO         5689    .conststring        nrf_strerror.o
    0x0002ec53   0x0002ec53   0x00000001   PAD
    0x0002ec54   0x0002ec54   0x0000004a   Data   RO         5861    .conststring        nrf_log_default_backends.o
    0x0002ec9e   0x0002ec9e   0x00000002   PAD
    0x0002eca0   0x0002eca0   0x00000042   Data   RO         5929    .conststring        nrf_log_frontend.o
    0x0002ece2   0x0002ece2   0x00000002   PAD
    0x0002ece4   0x0002ece4   0x00000066   Data   RO         6096    .conststring        nrf_log_str_formatter.o
    0x0002ed4a   0x0002ed4a   0x00000002   PAD
    0x0002ed4c   0x0002ed4c   0x00000054   Data   RO         6420    .conststring        nrf_sdh.o
    0x0002eda0   0x0002eda0   0x000001cf   Data   RO         6533    .conststring        nrf_sdh_ble.o
    0x0002ef6f   0x0002ef6f   0x00000001   PAD
    0x0002ef70   0x0002ef70   0x0000000d   Data   RO         1707    .conststrlit        nrf_ble_gatt.o
    0x0002ef7d   0x0002ef7d   0x00000003   PAD
    0x0002ef80   0x0002ef80   0x00000008   Data   RO         1846    .conststrlit        ble_nus.o
    0x0002ef88   0x0002ef88   0x00000006   Data   RO         1924    .conststrlit        nrf_drv_clock.o
    0x0002ef8e   0x0002ef8e   0x00000002   PAD
    0x0002ef90   0x0002ef90   0x00000006   Data   RO         2264    .conststrlit        nrfx_clock.o
    0x0002ef96   0x0002ef96   0x00000002   PAD
    0x0002ef98   0x0002ef98   0x00000007   Data   RO         2447    .conststrlit        nrfx_gpiote.o
    0x0002ef9f   0x0002ef9f   0x00000001   PAD
    0x0002efa0   0x0002efa0   0x00000004   Data   RO         2733    .conststrlit        nrfx_prs.o
    0x0002efa4   0x0002efa4   0x00000005   Data   RO         2816    .conststrlit        nrfx_uart.o
    0x0002efa9   0x0002efa9   0x00000003   PAD
    0x0002efac   0x0002efac   0x00000006   Data   RO         3014    .conststrlit        nrfx_uarte.o
    0x0002efb2   0x0002efb2   0x00000002   PAD
    0x0002efb4   0x0002efb4   0x00000005   Data   RO         3229    .conststrlit        nrfx_spim.o
    0x0002efb9   0x0002efb9   0x00000003   PAD
    0x0002efbc   0x0002efbc   0x00000005   Data   RO         3444    .conststrlit        nrfx_twim.o
    0x0002efc1   0x0002efc1   0x00000003   PAD
    0x0002efc4   0x0002efc4   0x00000005   Data   RO         3592    .conststrlit        nrfx_spis.o
    0x0002efc9   0x0002efc9   0x00000003   PAD
    0x0002efcc   0x0002efcc   0x00000004   Data   RO         3735    .conststrlit        nrfx_pwm.o
    0x0002efd0   0x0002efd0   0x00000004   Data   RO         3869    .conststrlit        nrfx_ppi.o
    0x0002efd4   0x0002efd4   0x00000006   Data   RO         4009    .conststrlit        nrfx_timer.o
    0x0002efda   0x0002efda   0x00000002   PAD
    0x0002efdc   0x0002efdc   0x0000000b   Data   RO         4168    .conststrlit        app_button.o
    0x0002efe7   0x0002efe7   0x00000001   PAD
    0x0002efe8   0x0002efe8   0x0000000a   Data   RO         4496    .conststrlit        app_timer2.o
    0x0002eff2   0x0002eff2   0x00000002   PAD
    0x0002eff4   0x0002eff4   0x00000009   Data   RO         5455    .conststrlit        nrf_pwr_mgmt.o
    0x0002effd   0x0002effd   0x00000003   PAD
    0x0002f000   0x0002f000   0x00000009   Data   RO         5635    .conststrlit        nrf_sortlist.o
    0x0002f009   0x0002f009   0x00000003   PAD
    0x0002f00c   0x0002f00c   0x00000010   Data   RO         5862    .conststrlit        nrf_log_default_backends.o
    0x0002f01c   0x0002f01c   0x00000004   Data   RO         5930    .conststrlit        nrf_log_frontend.o
    0x0002f020   0x0002f020   0x00000008   Data   RO         6421    .conststrlit        nrf_sdh.o
    0x0002f028   0x0002f028   0x0000000c   Data   RO         6534    .conststrlit        nrf_sdh_ble.o
    0x0002f034   0x0002f034   0x0000000c   Data   RO         6590    .conststrlit        nrf_sdh_soc.o
    0x0002f040   0x0002f040   0x00000020   Data   RO         7045    Region$$Table       anon$$obj.o
    0x0002f060   0x0002f060   0x00000010   Data   RO         5864    log_backends        nrf_log_default_backends.o
    0x0002f070   0x0002f070   0x00000008   Data   RO         1708    log_const_data      nrf_ble_gatt.o
    0x0002f078   0x0002f078   0x00000008   Data   RO         1847    log_const_data      ble_nus.o
    0x0002f080   0x0002f080   0x00000008   Data   RO         1925    log_const_data      nrf_drv_clock.o
    0x0002f088   0x0002f088   0x00000008   Data   RO         2266    log_const_data      nrfx_clock.o
    0x0002f090   0x0002f090   0x00000008   Data   RO         2448    log_const_data      nrfx_gpiote.o
    0x0002f098   0x0002f098   0x00000008   Data   RO         2735    log_const_data      nrfx_prs.o
    0x0002f0a0   0x0002f0a0   0x00000008   Data   RO         2817    log_const_data      nrfx_uart.o
    0x0002f0a8   0x0002f0a8   0x00000008   Data   RO         3015    log_const_data      nrfx_uarte.o
    0x0002f0b0   0x0002f0b0   0x00000008   Data   RO         3230    log_const_data      nrfx_spim.o
    0x0002f0b8   0x0002f0b8   0x00000008   Data   RO         3445    log_const_data      nrfx_twim.o
    0x0002f0c0   0x0002f0c0   0x00000008   Data   RO         3593    log_const_data      nrfx_spis.o
    0x0002f0c8   0x0002f0c8   0x00000008   Data   RO         3737    log_const_data      nrfx_pwm.o
    0x0002f0d0   0x0002f0d0   0x00000008   Data   RO         3871    log_const_data      nrfx_ppi.o
    0x0002f0d8   0x0002f0d8   0x00000008   Data   RO         4010    log_const_data      nrfx_timer.o
    0x0002f0e0   0x0002f0e0   0x00000008   Data   RO         4171    log_const_data      app_button.o
    0x0002f0e8   0x0002f0e8   0x00000008   Data   RO         4499    log_const_data      app_timer2.o
    0x0002f0f0   0x0002f0f0   0x00000008   Data   RO         5457    log_const_data      nrf_pwr_mgmt.o
    0x0002f0f8   0x0002f0f8   0x00000008   Data   RO         5636    log_const_data      nrf_sortlist.o
    0x0002f100   0x0002f100   0x00000008   Data   RO         5934    log_const_data      nrf_log_frontend.o
    0x0002f108   0x0002f108   0x00000008   Data   RO         6423    log_const_data      nrf_sdh.o
    0x0002f110   0x0002f110   0x00000008   Data   RO         6536    log_const_data      nrf_sdh_ble.o
    0x0002f118   0x0002f118   0x00000008   Data   RO         6591    log_const_data      nrf_sdh_soc.o
    0x0002f120   0x0002f120   0x00000014   Data   RO         5935    nrf_balloc          nrf_log_frontend.o
    0x0002f134   0x0002f134   0x00000008   Data   RO         1464    sdh_ble_observers0  ble_conn_state.o
    0x0002f13c   0x0002f13c   0x00000010   Data   RO           29    sdh_ble_observers1  main.o
    0x0002f14c   0x0002f14c   0x00000008   Data   RO         1027    sdh_ble_observers1  bsp_btn_ble.o
    0x0002f154   0x0002f154   0x00000008   Data   RO         1368    sdh_ble_observers1  ble_conn_params.o
    0x0002f15c   0x0002f15c   0x00000010   Data   RO           30    sdh_ble_observers2  main.o
    0x0002f16c   0x0002f16c   0x00000008   Data   RO           31    sdh_ble_observers3  main.o
    0x0002f174   0x0002f174   0x00000008   Data   RO         1926    sdh_soc_observers0  nrf_drv_clock.o
    0x0002f17c   0x0002f17c   0x00000008   Data   RO         6537    sdh_stack_observers0  nrf_sdh_ble.o
    0x0002f184   0x0002f184   0x00000008   Data   RO         6592    sdh_stack_observers0  nrf_sdh_soc.o
    0x0002f18c   0x0002f18c   0x00000008   Data   RO         1927    sdh_state_observers0  nrf_drv_clock.o


    Execution Region RW_IRAM1 (Exec base: 0x200031c8, Load base: 0x0002f194, Size: 0x00004b08, Max: 0x0000d528, ABSOLUTE, COMPRESSED[0x0000018c])

    Exec Addr    Load Addr    Size         Type   Attr      Idx    E Section Name        Object

    0x200031c8   COMPRESSED   0x00000008   Data   RW           26    .data               main.o
    0x200031d0   COMPRESSED   0x00000028   Data   RW           27    .data               main.o
    0x200031f8   COMPRESSED   0x00000004   Data   RW           28    .data               main.o
    0x200031fc   COMPRESSED   0x00000164   Data   RW          602    .data               board_camera.o
    0x20003360   COMPRESSED   0x00000002   Data   RW          604    .data               board_camera.o
    0x20003362   COMPRESSED   0x00000002   PAD
    0x20003364   COMPRESSED   0x00000010   Data   RW          922    .data               bsp.o
    0x20003374   COMPRESSED   0x00000004   PAD
    0x20003378   COMPRESSED   0x00000020   Data   RW          923    .data               bsp.o
    0x20003398   COMPRESSED   0x00000020   Data   RW          924    .data               bsp.o
    0x200033b8   COMPRESSED   0x00000020   Data   RW          925    .data               bsp.o
    0x200033d8   COMPRESSED   0x00000008   Data   RW         1026    .data               bsp_btn_ble.o
    0x200033e0   COMPRESSED   0x00000008   Data   RW         1367    .data               ble_conn_params.o
    0x200033e8   COMPRESSED   0x00000008   Data   RW         2265    .data               nrfx_clock.o
    0x200033f0   COMPRESSED   0x00000008   Data   RW         2734    .data               nrfx_prs.o
    0x200033f8   COMPRESSED   0x00000010   Data   RW         3361    .data               nrf_drv_twi.o
    0x20003408   COMPRESSED   0x00000008   Data   RW         3736    .data               nrfx_pwm.o
    0x20003410   COMPRESSED   0x00000008   Data   RW         3870    .data               nrfx_ppi.o
    0x20003418   COMPRESSED   0x00000001   Data   RW         4122    .data               nrf_drv_ppi.o
    0x20003419   COMPRESSED   0x00000007   PAD
    0x20003420   COMPRESSED   0x00000020   Data   RW         4497    .data               app_timer2.o
    0x20003440   COMPRESSED   0x00000004   Data   RW         4498    .data               app_timer2.o
    0x20003444   COMPRESSED   0x0000000c   Data   RW         4787    .data               drv_rtc.o
    0x20003450   COMPRESSED   0x00000008   Data   RW         5456    .data               nrf_pwr_mgmt.o
    0x20003458   COMPRESSED   0x00000001   Data   RW         5765    .data               nrf_log_backend_rtt.o
    0x20003459   COMPRESSED   0x00000003   PAD
    0x2000345c   COMPRESSED   0x00000008   Data   RW         5863    .data               nrf_log_default_backends.o
    0x20003464   COMPRESSED   0x00000004   Data   RW         5931    .data               nrf_log_frontend.o
    0x20003468   COMPRESSED   0x00000008   Data   RW         5932    .data               nrf_log_frontend.o
    0x20003470   COMPRESSED   0x00000008   Data   RW         5933    .data               nrf_log_frontend.o
    0x20003478   COMPRESSED   0x00000040   Data   RW         6097    .data               nrf_log_str_formatter.o
    0x200034b8   COMPRESSED   0x00000003   Data   RW         6422    .data               nrf_sdh.o
    0x200034bb   COMPRESSED   0x00000001   Data   RW         6535    .data               nrf_sdh_ble.o
    0x200034bc   COMPRESSED   0x00000004   Data   RW         6638    .data               system_nrf52.o
    0x200034c0        -       0x00001a15   Zero   RW           24    .bss                main.o
    0x20004ed5        -       0x00000140   Zero   RW          600    .bss                board_camera.o
    0x20005015        -       0x0000000c   Zero   RW          920    .bss                bsp.o
    0x20005021   COMPRESSED   0x00000007   PAD
    0x20005028        -       0x00000050   Zero   RW         1366    .bss                ble_conn_params.o
    0x20005078        -       0x0000007c   Zero   RW         1463    .bss                ble_conn_state.o
    0x200050f4        -       0x00000014   Zero   RW         1919    .bss                nrf_drv_clock.o
    0x20005108        -       0x0000005c   Zero   RW         2442    .bss                nrfx_gpiote.o
    0x20005164        -       0x00000024   Zero   RW         3224    .bss                nrfx_spim.o
    0x20005188        -       0x00000034   Zero   RW         3439    .bss                nrfx_twim.o
    0x200051bc        -       0x0000001c   Zero   RW         3588    .bss                nrfx_spis.o
    0x200051d8        -       0x0000000c   Zero   RW         3677    .bss                nrf_drv_spis.o
    0x200051e4        -       0x0000000c   Zero   RW         4007    .bss                nrfx_timer.o
    0x200051f0        -       0x00000020   Zero   RW         4253    .bss                app_error.o
    0x20005210        -       0x00000010   Zero   RW         4493    .bss                app_timer2.o
    0x20005220        -       0x00000058   Zero   RW         4494    .bss                app_timer2.o
    0x20005278        -       0x0000000c   Zero   RW         4700    .bss                app_util_platform.o
    0x20005284        -       0x0000000c   Zero   RW         5451    .bss                nrf_pwr_mgmt.o
    0x20005290        -       0x00000040   Zero   RW         5762    .bss                nrf_log_backend_rtt.o
    0x200052d0        -       0x000000c0   Zero   RW         5924    .bss                nrf_log_frontend.o
    0x20005390        -       0x00000080   Zero   RW         5925    .bss                nrf_log_frontend.o
    0x20005410        -       0x00000018   Zero   RW         5926    .bss                nrf_log_frontend.o
    0x20005428        -       0x00000420   Zero   RW         5927    .bss                nrf_log_frontend.o
    0x20005848        -       0x00000488   Zero   RW         6173    .bss                segger_rtt.o
    0x20005cd0        -       0x00002000   Zero   RW         6623    STACK               arm_startup_nrf52.o


==============================================================================

Image component sizes


      Code (inc. data)   RO Data    RW Data    ZI Data      Debug   Object Name

         0          0         19          0          0       1815   app_button.o
       100          4          0          0         32       3614   app_error.o
        26          0          0          0          0        596   app_error_handler_keil.o
       356        194          0          0          0       5010   app_error_weak.o
      1496        402         38         36        104      18568   app_timer2.o
       314        144          0          0         12      11840   app_util_platform.o
        36          8        512          0       8192        952   arm_startup_nrf52.o
      1338          0          0          0          0      61308   ble_advdata.o
      1018          6          0          0          0      12083   ble_advertising.o
       636         44          8          8         80      10687   ble_conn_params.o
       454         70          8          0        124       7895   ble_conn_state.o
        72          0          0          0          0       1700   ble_link_ctx_manager.o
       568          6         32          0          0       7892   ble_nus.o
       456          6          0          0          0       3471   ble_srv_common.o
      1248        256        108        358        320      73428   board_camera.o
       658        326          8          0          0      12481   boards.o
       886        108         44        112         12      13104   bsp.o
       196          6          8          8          0      18737   bsp_btn_ble.o
      1406        576          6         12          0      50079   drv_rtc.o
      1922        542         88         52       6677     191537   main.o
       326          0          0          0          0       6115   nrf_atfifo.o
        64          0          0          0          0       3132   nrf_atflags.o
       306          0          0          0          0       8275   nrf_atomic.o
       540        248          0          0          0       3996   nrf_balloc.o
       950        272        205          0          0      38369   nrf_ble_gatt.o
       276          0          0          0          0       6365   nrf_ble_qwr.o
       552        218         30          0         20      44032   nrf_drv_clock.o
        24          6          0          1          0       1015   nrf_drv_ppi.o
        44         16          0          0         12       9556   nrf_drv_spis.o
       440         66          6         16          0      16099   nrf_drv_twi.o
       216        106          0          0          0       3689   nrf_fprintf.o
       988         62         16          0          0       6714   nrf_fprintf_format.o
       112         18         18          1         64       6357   nrf_log_backend_rtt.o
       200          0          0          0          0      11029   nrf_log_backend_serial.o
        44          8        106          8          0       3421   nrf_log_default_backends.o
      1552        136        110         20       1400      32078   nrf_log_frontend.o
       570        108        102         64          0       5808   nrf_log_str_formatter.o
       600        184          0          0          0       9831   nrf_memobj.o
       204         80         53          8         12      42850   nrf_pwr_mgmt.o
        28          0          0          0          0       2447   nrf_ringbuf.o
       500        114        188          3          0      42013   nrf_sdh.o
       828        302        539          1          0       6761   nrf_sdh_ble.o
       164         76         56          0          0       3228   nrf_sdh_soc.o
       208         16         84          0          0       3088   nrf_section_iter.o
       416        258         17          0          0       4393   nrf_sortlist.o
        76         10       1319          0          0       2843   nrf_strerror.o
       462        204         14          8          0      48044   nrfx_clock.o
      2174        488         19          0         92      71805   nrfx_gpiote.o
       286         22         12          8          0      12137   nrfx_ppi.o
       244        134         12          8          0       3953   nrfx_prs.o
       194          8         12          8          0      10326   nrfx_pwm.o
       302        116         13          0         36      15659   nrfx_spim.o
      1212        284         17          0         28      20649   nrfx_spis.o
       804        200         14          0         12      14779   nrfx_timer.o
      2316        418         37          0         52      63214   nrfx_twim.o
         0          0         13          0          0      10960   nrfx_uart.o
         0          0         14          0          0      10846   nrfx_uarte.o
       378         34          0          0       1160       9213   segger_rtt.o
       808         84          0          4          0      63008   system_nrf52.o

    ----------------------------------------------------------------------
     32664       6994       4020        760      18448    1184894   Object Totals
         0          0         32          0          0          0   (incl. Generated)
        70          0         83         16          7          0   (incl. Padding)

    ----------------------------------------------------------------------

      Code (inc. data)   RO Data    RW Data    ZI Data      Debug   Library Member Name

        86          0          0          0          0          0   __dczerorl2.o
         8          4        133          0          0         68   ctype_o.o
         0          0          0          0          0          0   entry.o
         0          0          0          0          0          0   entry10a.o
         0          0          0          0          0          0   entry11a.o
         8          4          0          0          0          0   entry2.o
         4          0          0          0          0          0   entry5.o
         0          0          0          0          0          0   entry7b.o
         0          0          0          0          0          0   entry8b.o
         8          4          0          0          0          0   entry9a.o
        30          0          0          0          0          0   handlers.o
        36          8          0          0          0         68   init.o
        30          0          0          0          0         68   llshl.o
        32          0          0          0          0         68   llushr.o
        36          0          0          0          0         68   memcpya.o
        36          0          0          0          0        108   memseta.o
        18          0          0          0          0         68   strcpy.o
        14          0          0          0          0         68   strlen.o
        98          0          0          0          0         92   uldiv.o

    ----------------------------------------------------------------------
       448         20        136          0          0        676   Library Totals
         4          0          3          0          0          0   (incl. Padding)

    ----------------------------------------------------------------------

      Code (inc. data)   RO Data    RW Data    ZI Data      Debug   Library Name

       444         20        133          0          0        676   mc_w.l

    ----------------------------------------------------------------------
       448         20        136          0          0        676   Library Totals

    ----------------------------------------------------------------------

==============================================================================


      Code (inc. data)   RO Data    RW Data    ZI Data      Debug   

     33112       7014       4156        760      18448    1151546   Grand Totals
     33112       7014       4156        396      18448    1151546   ELF Image Totals (compressed)
     33112       7014       4156        396          0          0   ROM Totals

==============================================================================

    Total RO  Size (Code + RO Data)                37268 (  36.39kB)
    Total RW  Size (RW Data + ZI Data)             19208 (  18.76kB)
    Total ROM Size (Code + RO Data + RW Data)      37664 (  36.78kB)

==============================================================================

